11:58:01 **** Incremental Build of configuration Debug for project sha_test ****
make pre-build main-build 
a9-linaro-pre-build-step
' '
'Building file: ../src/helloworld.c'
'Invoking: ARM v7 gcc compiler'
arm-none-eabi-gcc -Wall -O0 -g3 -c -fmessage-length=0 -MT"src/helloworld.o" -mcpu=cortex-a9 -mfpu=vfpv3 -mfloat-abi=hard -I../../sha_test_bsp/ps7_cortexa9_0/include -MMD -MP -MF"src/helloworld.d" -MT"src/helloworld.o" -o "src/helloworld.o" "../src/helloworld.c"
../src/helloworld.c: In function 'main':
../src/helloworld.c:135:12: warning: unused variable 'ctl' [-Wunused-variable]
   uint32_t ctl = Xil_In32(SHA_BASE_ADDR + SHA_CTL_OFFSET);
            ^~~
../src/helloworld.c:120:12: warning: unused variable 'status' [-Wunused-variable]
   uint32_t status = Xil_In32(SHA_BASE_ADDR + SHA_STATUS_OFFSET);
            ^~~~~~
'Finished building: ../src/helloworld.c'
' '
'Building target: sha_test.elf'
'Invoking: ARM v7 gcc linker'
arm-none-eabi-gcc -mcpu=cortex-a9 -mfpu=vfpv3 -mfloat-abi=hard -Wl,-build-id=none -specs=Xilinx.spec -Wl,-T -Wl,../src/lscript.ld -L../../sha_test_bsp/ps7_cortexa9_0/lib -o "sha_test.elf"  ./src/helloworld.o ./src/platform.o   -Wl,--start-group,-lxil,-lgcc,-lc,--end-group
'Finished building target: sha_test.elf'
' '
'Invoking: ARM v7 Print Size'
arm-none-eabi-size sha_test.elf  |tee "sha_test.elf.size"
   text	   data	    bss	    dec	    hex	filename
  25656	   1148	  22568	  49372	   c0dc	sha_test.elf
'Finished building: sha_test.elf.size'
' '

11:58:02 Build Finished (took 1s.189ms)

