17:20:05 **** Incremental Build of configuration Debug for project vga ****
make pre-build main-build 
a9-linaro-pre-build-step
' '
make: Nothing to be done for `main-build'.
17:21:08 **** Incremental Build of configuration Debug for project vga ****
make pre-build main-build 
a9-linaro-pre-build-step
' '
make: Nothing to be done for `main-build'.
17:24:25 **** Auto Build of configuration Debug for project vga ****
make pre-build main-build 
a9-linaro-pre-build-step
' '
'Building file: ../src/vga_test.c'
'Invoking: ARM v7 gcc compiler'
arm-none-eabi-gcc -Wall -O0 -g3 -c -fmessage-length=0 -MT"src/vga_test.o" -mcpu=cortex-a9 -mfpu=vfpv3 -mfloat-abi=hard -I../../vga_bsp/ps7_cortexa9_0/include -MMD -MP -MF"src/vga_test.d" -MT"src/vga_test.o" -o "src/vga_test.o" "../src/vga_test.c"
In file included from ../../vga_bsp/ps7_cortexa9_0/include/xaxivdma.h:312:0,
                 from ../src/vga_test.c:24:
../src/vga_test.c: In function 'main':
../../vga_bsp/ps7_cortexa9_0/include/xaxivdma_hw.h:367:49: warning: passing argument 2 of 'Xil_Out32' makes integer from pointer without a cast [-Wint-conversion]
     XAxiVdma_Out32((BaseAddress) + (RegOffset), (Data))
                                                 ^
../src/vga_test.c:75:5: note: in expansion of macro 'XAxiVdma_WriteReg'
     XAxiVdma_WriteReg(XPAR_AXI_VDMA_0_BASEADDR, XAXIVDMA_MM2S_ADDR_OFFSET + XAXIVDMA_START_ADDR_OFFSET, test_image);  // VDMA MM2S Start Addr 1
     ^~~~~~~~~~~~~~~~~
In file included from ../../vga_bsp/ps7_cortexa9_0/include/xvtc_hw.h:167:0,
                 from ../../vga_bsp/ps7_cortexa9_0/include/xvtc.h:316,
                 from ../src/vga_test.c:23:
../../vga_bsp/ps7_cortexa9_0/include/xil_io.h:223:20: note: expected 'u32 {aka long unsigned int}' but argument is of type 'u16 (*)[640] {aka short unsigned int (*)[640]}'
 static INLINE void Xil_Out32(UINTPTR Addr, u32 Value)
                    ^~~~~~~~~
'Finished building: ../src/vga_test.c'
' '
'Building target: vga.elf'
'Invoking: ARM v7 gcc linker'
arm-none-eabi-gcc -mcpu=cortex-a9 -mfpu=vfpv3 -mfloat-abi=hard -Wl,-build-id=none -specs=Xilinx.spec -Wl,-T -Wl,../src/lscript.ld -L../../vga_bsp/ps7_cortexa9_0/lib -o "vga.elf"  ./src/vga_test.o   -Wl,--start-group,-lxil,-lgcc,-lc,--end-group
'Finished building target: vga.elf'
' '
'Invoking: ARM v7 Print Size'
arm-none-eabi-size vga.elf  |tee "vga.elf.size"
   text	   data	    bss	    dec	    hex	filename
  36584	   1164	 636984	 674732	  a4bac	vga.elf
'Finished building: vga.elf.size'
' '
17:24:42 **** Incremental Build of configuration Debug for project vga ****
make pre-build main-build 
a9-linaro-pre-build-step
' '
make: Nothing to be done for `main-build'.
17:29:57 **** Auto Build of configuration Debug for project vga ****
make pre-build main-build 
a9-linaro-pre-build-step
' '
'Building file: ../src/vga_test.c'
'Invoking: ARM v7 gcc compiler'
arm-none-eabi-gcc -Wall -O0 -g3 -c -fmessage-length=0 -MT"src/vga_test.o" -mcpu=cortex-a9 -mfpu=vfpv3 -mfloat-abi=hard -I../../vga_bsp/ps7_cortexa9_0/include -MMD -MP -MF"src/vga_test.d" -MT"src/vga_test.o" -o "src/vga_test.o" "../src/vga_test.c"
In file included from ../../vga_bsp/ps7_cortexa9_0/include/xaxivdma.h:312:0,
                 from ../src/vga_test.c:24:
../src/vga_test.c: In function 'main':
../../vga_bsp/ps7_cortexa9_0/include/xaxivdma_hw.h:367:49: warning: passing argument 2 of 'Xil_Out32' makes integer from pointer without a cast [-Wint-conversion]
     XAxiVdma_Out32((BaseAddress) + (RegOffset), (Data))
                                                 ^
../src/vga_test.c:77:5: note: in expansion of macro 'XAxiVdma_WriteReg'
     XAxiVdma_WriteReg(XPAR_AXI_VDMA_0_BASEADDR, XAXIVDMA_MM2S_ADDR_OFFSET + XAXIVDMA_START_ADDR_OFFSET, test_image);  // VDMA MM2S Start Addr 1
     ^~~~~~~~~~~~~~~~~
In file included from ../../vga_bsp/ps7_cortexa9_0/include/xvtc_hw.h:167:0,
                 from ../../vga_bsp/ps7_cortexa9_0/include/xvtc.h:316,
                 from ../src/vga_test.c:23:
../../vga_bsp/ps7_cortexa9_0/include/xil_io.h:223:20: note: expected 'u32 {aka long unsigned int}' but argument is of type 'u16 (*)[640] {aka short unsigned int (*)[640]}'
 static INLINE void Xil_Out32(UINTPTR Addr, u32 Value)
                    ^~~~~~~~~
'Finished building: ../src/vga_test.c'
' '
'Building target: vga.elf'
'Invoking: ARM v7 gcc linker'
arm-none-eabi-gcc -mcpu=cortex-a9 -mfpu=vfpv3 -mfloat-abi=hard -Wl,-build-id=none -specs=Xilinx.spec -Wl,-T -Wl,../src/lscript.ld -L../../vga_bsp/ps7_cortexa9_0/lib -o "vga.elf"  ./src/vga_test.o   -Wl,--start-group,-lxil,-lgcc,-lc,--end-group
'Finished building target: vga.elf'
' '
'Invoking: ARM v7 Print Size'
arm-none-eabi-size vga.elf  |tee "vga.elf.size"
   text	   data	    bss	    dec	    hex	filename
  36648	   1164	 636984	 674796	  a4bec	vga.elf
'Finished building: vga.elf.size'
' '
17:30:20 **** Incremental Build of configuration Debug for project vga ****
make pre-build main-build 
a9-linaro-pre-build-step
' '
make: Nothing to be done for `main-build'.
17:30:36 **** Auto Build of configuration Debug for project vga ****
make pre-build main-build 
a9-linaro-pre-build-step
' '
'Building file: ../src/vga_test.c'
'Invoking: ARM v7 gcc compiler'
arm-none-eabi-gcc -Wall -O0 -g3 -c -fmessage-length=0 -MT"src/vga_test.o" -mcpu=cortex-a9 -mfpu=vfpv3 -mfloat-abi=hard -I../../vga_bsp/ps7_cortexa9_0/include -MMD -MP -MF"src/vga_test.d" -MT"src/vga_test.o" -o "src/vga_test.o" "../src/vga_test.c"
In file included from ../../vga_bsp/ps7_cortexa9_0/include/xaxivdma.h:312:0,
                 from ../src/vga_test.c:24:
../src/vga_test.c: In function 'main':
../../vga_bsp/ps7_cortexa9_0/include/xaxivdma_hw.h:367:49: warning: passing argument 2 of 'Xil_Out32' makes integer from pointer without a cast [-Wint-conversion]
     XAxiVdma_Out32((BaseAddress) + (RegOffset), (Data))
                                                 ^
../src/vga_test.c:77:5: note: in expansion of macro 'XAxiVdma_WriteReg'
     XAxiVdma_WriteReg(XPAR_AXI_VDMA_0_BASEADDR, XAXIVDMA_MM2S_ADDR_OFFSET + XAXIVDMA_START_ADDR_OFFSET, test_image);  // VDMA MM2S Start Addr 1
     ^~~~~~~~~~~~~~~~~
In file included from ../../vga_bsp/ps7_cortexa9_0/include/xvtc_hw.h:167:0,
                 from ../../vga_bsp/ps7_cortexa9_0/include/xvtc.h:316,
                 from ../src/vga_test.c:23:
../../vga_bsp/ps7_cortexa9_0/include/xil_io.h:223:20: note: expected 'u32 {aka long unsigned int}' but argument is of type 'u16 (*)[640] {aka short unsigned int (*)[640]}'
 static INLINE void Xil_Out32(UINTPTR Addr, u32 Value)
                    ^~~~~~~~~
'Finished building: ../src/vga_test.c'
' '
'Building target: vga.elf'
'Invoking: ARM v7 gcc linker'
arm-none-eabi-gcc -mcpu=cortex-a9 -mfpu=vfpv3 -mfloat-abi=hard -Wl,-build-id=none -specs=Xilinx.spec -Wl,-T -Wl,../src/lscript.ld -L../../vga_bsp/ps7_cortexa9_0/lib -o "vga.elf"  ./src/vga_test.o   -Wl,--start-group,-lxil,-lgcc,-lc,--end-group
'Finished building target: vga.elf'
' '
'Invoking: ARM v7 Print Size'
arm-none-eabi-size vga.elf  |tee "vga.elf.size"
   text	   data	    bss	    dec	    hex	filename
  36648	   1164	 636984	 674796	  a4bec	vga.elf
'Finished building: vga.elf.size'
' '
17:30:41 **** Auto Build of configuration Debug for project vga ****
make pre-build main-build 
a9-linaro-pre-build-step
' '
'Building file: ../src/vga_test.c'
'Invoking: ARM v7 gcc compiler'
arm-none-eabi-gcc -Wall -O0 -g3 -c -fmessage-length=0 -MT"src/vga_test.o" -mcpu=cortex-a9 -mfpu=vfpv3 -mfloat-abi=hard -I../../vga_bsp/ps7_cortexa9_0/include -MMD -MP -MF"src/vga_test.d" -MT"src/vga_test.o" -o "src/vga_test.o" "../src/vga_test.c"
In file included from ../../vga_bsp/ps7_cortexa9_0/include/xaxivdma.h:312:0,
                 from ../src/vga_test.c:24:
../src/vga_test.c: In function 'main':
../../vga_bsp/ps7_cortexa9_0/include/xaxivdma_hw.h:367:49: warning: passing argument 2 of 'Xil_Out32' makes integer from pointer without a cast [-Wint-conversion]
     XAxiVdma_Out32((BaseAddress) + (RegOffset), (Data))
                                                 ^
../src/vga_test.c:77:5: note: in expansion of macro 'XAxiVdma_WriteReg'
     XAxiVdma_WriteReg(XPAR_AXI_VDMA_0_BASEADDR, XAXIVDMA_MM2S_ADDR_OFFSET + XAXIVDMA_START_ADDR_OFFSET, test_image);  // VDMA MM2S Start Addr 1
     ^~~~~~~~~~~~~~~~~
In file included from ../../vga_bsp/ps7_cortexa9_0/include/xvtc_hw.h:167:0,
                 from ../../vga_bsp/ps7_cortexa9_0/include/xvtc.h:316,
                 from ../src/vga_test.c:23:
../../vga_bsp/ps7_cortexa9_0/include/xil_io.h:223:20: note: expected 'u32 {aka long unsigned int}' but argument is of type 'u16 (*)[640] {aka short unsigned int (*)[640]}'
 static INLINE void Xil_Out32(UINTPTR Addr, u32 Value)
                    ^~~~~~~~~
'Finished building: ../src/vga_test.c'
' '
'Building target: vga.elf'
'Invoking: ARM v7 gcc linker'
arm-none-eabi-gcc -mcpu=cortex-a9 -mfpu=vfpv3 -mfloat-abi=hard -Wl,-build-id=none -specs=Xilinx.spec -Wl,-T -Wl,../src/lscript.ld -L../../vga_bsp/ps7_cortexa9_0/lib -o "vga.elf"  ./src/vga_test.o   -Wl,--start-group,-lxil,-lgcc,-lc,--end-group
'Finished building target: vga.elf'
' '
'Invoking: ARM v7 Print Size'
arm-none-eabi-size vga.elf  |tee "vga.elf.size"
   text	   data	    bss	    dec	    hex	filename
  36648	   1164	 636984	 674796	  a4bec	vga.elf
'Finished building: vga.elf.size'
' '
17:30:48 **** Incremental Build of configuration Debug for project vga ****
make pre-build main-build 
a9-linaro-pre-build-step
' '
make: Nothing to be done for `main-build'.
17:31:37 **** Auto Build of configuration Debug for project vga ****
make pre-build main-build 
a9-linaro-pre-build-step
' '
'Building file: ../src/vga_test.c'
'Invoking: ARM v7 gcc compiler'
arm-none-eabi-gcc -Wall -O0 -g3 -c -fmessage-length=0 -MT"src/vga_test.o" -mcpu=cortex-a9 -mfpu=vfpv3 -mfloat-abi=hard -I../../vga_bsp/ps7_cortexa9_0/include -MMD -MP -MF"src/vga_test.d" -MT"src/vga_test.o" -o "src/vga_test.o" "../src/vga_test.c"
In file included from ../../vga_bsp/ps7_cortexa9_0/include/xaxivdma.h:312:0,
                 from ../src/vga_test.c:24:
../src/vga_test.c: In function 'main':
../../vga_bsp/ps7_cortexa9_0/include/xaxivdma_hw.h:367:49: warning: passing argument 2 of 'Xil_Out32' makes integer from pointer without a cast [-Wint-conversion]
     XAxiVdma_Out32((BaseAddress) + (RegOffset), (Data))
                                                 ^
../src/vga_test.c:77:5: note: in expansion of macro 'XAxiVdma_WriteReg'
     XAxiVdma_WriteReg(XPAR_AXI_VDMA_0_BASEADDR, XAXIVDMA_MM2S_ADDR_OFFSET + XAXIVDMA_START_ADDR_OFFSET, test_image);  // VDMA MM2S Start Addr 1
     ^~~~~~~~~~~~~~~~~
In file included from ../../vga_bsp/ps7_cortexa9_0/include/xvtc_hw.h:167:0,
                 from ../../vga_bsp/ps7_cortexa9_0/include/xvtc.h:316,
                 from ../src/vga_test.c:23:
../../vga_bsp/ps7_cortexa9_0/include/xil_io.h:223:20: note: expected 'u32 {aka long unsigned int}' but argument is of type 'u16 (*)[640] {aka short unsigned int (*)[640]}'
 static INLINE void Xil_Out32(UINTPTR Addr, u32 Value)
                    ^~~~~~~~~
'Finished building: ../src/vga_test.c'
' '
'Building target: vga.elf'
'Invoking: ARM v7 gcc linker'
arm-none-eabi-gcc -mcpu=cortex-a9 -mfpu=vfpv3 -mfloat-abi=hard -Wl,-build-id=none -specs=Xilinx.spec -Wl,-T -Wl,../src/lscript.ld -L../../vga_bsp/ps7_cortexa9_0/lib -o "vga.elf"  ./src/vga_test.o   -Wl,--start-group,-lxil,-lgcc,-lc,--end-group
'Finished building target: vga.elf'
' '
'Invoking: ARM v7 Print Size'
arm-none-eabi-size vga.elf  |tee "vga.elf.size"
   text	   data	    bss	    dec	    hex	filename
  36648	   1164	 636984	 674796	  a4bec	vga.elf
'Finished building: vga.elf.size'
' '
17:31:47 **** Incremental Build of configuration Debug for project vga ****
make pre-build main-build 
a9-linaro-pre-build-step
' '
make: Nothing to be done for `main-build'.
17:32:07 **** Auto Build of configuration Debug for project vga ****
make pre-build main-build 
a9-linaro-pre-build-step
' '
'Building file: ../src/vga_test.c'
'Invoking: ARM v7 gcc compiler'
arm-none-eabi-gcc -Wall -O0 -g3 -c -fmessage-length=0 -MT"src/vga_test.o" -mcpu=cortex-a9 -mfpu=vfpv3 -mfloat-abi=hard -I../../vga_bsp/ps7_cortexa9_0/include -MMD -MP -MF"src/vga_test.d" -MT"src/vga_test.o" -o "src/vga_test.o" "../src/vga_test.c"
In file included from ../../vga_bsp/ps7_cortexa9_0/include/xaxivdma.h:312:0,
                 from ../src/vga_test.c:24:
../src/vga_test.c: In function 'main':
../../vga_bsp/ps7_cortexa9_0/include/xaxivdma_hw.h:367:49: warning: passing argument 2 of 'Xil_Out32' makes integer from pointer without a cast [-Wint-conversion]
     XAxiVdma_Out32((BaseAddress) + (RegOffset), (Data))
                                                 ^
../src/vga_test.c:77:5: note: in expansion of macro 'XAxiVdma_WriteReg'
     XAxiVdma_WriteReg(XPAR_AXI_VDMA_0_BASEADDR, XAXIVDMA_MM2S_ADDR_OFFSET + XAXIVDMA_START_ADDR_OFFSET, test_image);  // VDMA MM2S Start Addr 1
     ^~~~~~~~~~~~~~~~~
In file included from ../../vga_bsp/ps7_cortexa9_0/include/xvtc_hw.h:167:0,
                 from ../../vga_bsp/ps7_cortexa9_0/include/xvtc.h:316,
                 from ../src/vga_test.c:23:
../../vga_bsp/ps7_cortexa9_0/include/xil_io.h:223:20: note: expected 'u32 {aka long unsigned int}' but argument is of type 'u16 (*)[640] {aka short unsigned int (*)[640]}'
 static INLINE void Xil_Out32(UINTPTR Addr, u32 Value)
                    ^~~~~~~~~
'Finished building: ../src/vga_test.c'
' '
'Building target: vga.elf'
'Invoking: ARM v7 gcc linker'
arm-none-eabi-gcc -mcpu=cortex-a9 -mfpu=vfpv3 -mfloat-abi=hard -Wl,-build-id=none -specs=Xilinx.spec -Wl,-T -Wl,../src/lscript.ld -L../../vga_bsp/ps7_cortexa9_0/lib -o "vga.elf"  ./src/vga_test.o   -Wl,--start-group,-lxil,-lgcc,-lc,--end-group
'Finished building target: vga.elf'
' '
'Invoking: ARM v7 Print Size'
arm-none-eabi-size vga.elf  |tee "vga.elf.size"
   text	   data	    bss	    dec	    hex	filename
  36648	   1164	 636984	 674796	  a4bec	vga.elf
'Finished building: vga.elf.size'
' '
17:32:17 **** Incremental Build of configuration Debug for project vga ****
make pre-build main-build 
a9-linaro-pre-build-step
' '
make: Nothing to be done for `main-build'.
17:38:29 **** Auto Build of configuration Debug for project vga ****
make pre-build main-build 
a9-linaro-pre-build-step
' '
'Building file: ../src/vga_test.c'
'Invoking: ARM v7 gcc compiler'
arm-none-eabi-gcc -Wall -O0 -g3 -c -fmessage-length=0 -MT"src/vga_test.o" -mcpu=cortex-a9 -mfpu=vfpv3 -mfloat-abi=hard -I../../vga_bsp/ps7_cortexa9_0/include -MMD -MP -MF"src/vga_test.d" -MT"src/vga_test.o" -o "src/vga_test.o" "../src/vga_test.c"
In file included from ../../vga_bsp/ps7_cortexa9_0/include/xaxivdma.h:312:0,
                 from ../src/vga_test.c:24:
../src/vga_test.c: In function 'main':
../../vga_bsp/ps7_cortexa9_0/include/xaxivdma_hw.h:367:49: warning: passing argument 2 of 'Xil_Out32' makes integer from pointer without a cast [-Wint-conversion]
     XAxiVdma_Out32((BaseAddress) + (RegOffset), (Data))
                                                 ^
../src/vga_test.c:77:5: note: in expansion of macro 'XAxiVdma_WriteReg'
     XAxiVdma_WriteReg(XPAR_AXI_VDMA_0_BASEADDR, XAXIVDMA_MM2S_ADDR_OFFSET + XAXIVDMA_START_ADDR_OFFSET, test_image);  // VDMA MM2S Start Addr 1
     ^~~~~~~~~~~~~~~~~
In file included from ../../vga_bsp/ps7_cortexa9_0/include/xvtc_hw.h:167:0,
                 from ../../vga_bsp/ps7_cortexa9_0/include/xvtc.h:316,
                 from ../src/vga_test.c:23:
../../vga_bsp/ps7_cortexa9_0/include/xil_io.h:223:20: note: expected 'u32 {aka long unsigned int}' but argument is of type 'u16 (*)[640] {aka short unsigned int (*)[640]}'
 static INLINE void Xil_Out32(UINTPTR Addr, u32 Value)
                    ^~~~~~~~~
'Finished building: ../src/vga_test.c'
' '
'Building target: vga.elf'
'Invoking: ARM v7 gcc linker'
arm-none-eabi-gcc -mcpu=cortex-a9 -mfpu=vfpv3 -mfloat-abi=hard -Wl,-build-id=none -specs=Xilinx.spec -Wl,-T -Wl,../src/lscript.ld -L../../vga_bsp/ps7_cortexa9_0/lib -o "vga.elf"  ./src/vga_test.o   -Wl,--start-group,-lxil,-lgcc,-lc,--end-group
'Finished building target: vga.elf'
' '
'Invoking: ARM v7 Print Size'
arm-none-eabi-size vga.elf  |tee "vga.elf.size"
   text	   data	    bss	    dec	    hex	filename
  36648	   1164	 636984	 674796	  a4bec	vga.elf
'Finished building: vga.elf.size'
' '
17:38:43 **** Incremental Build of configuration Debug for project vga ****
make pre-build main-build 
a9-linaro-pre-build-step
' '
make: Nothing to be done for `main-build'.
17:38:54 **** Incremental Build of configuration Debug for project vga ****
make pre-build main-build 
a9-linaro-pre-build-step
' '
make: Nothing to be done for `main-build'.
17:39:19 **** Incremental Build of configuration Debug for project vga ****
make pre-build main-build 
a9-linaro-pre-build-step
' '
make: Nothing to be done for `main-build'.
17:39:24 **** Incremental Build of configuration Debug for project vga ****
make pre-build main-build 
a9-linaro-pre-build-step
' '
make: Nothing to be done for `main-build'.
17:40:32 **** Incremental Build of configuration Debug for project vga ****
make pre-build main-build 
a9-linaro-pre-build-step
' '
make: Nothing to be done for `main-build'.
17:40:52 **** Auto Build of configuration Debug for project vga ****
make pre-build main-build 
a9-linaro-pre-build-step
' '
'Building file: ../src/vga_test.c'
'Invoking: ARM v7 gcc compiler'
arm-none-eabi-gcc -Wall -O0 -g3 -c -fmessage-length=0 -MT"src/vga_test.o" -mcpu=cortex-a9 -mfpu=vfpv3 -mfloat-abi=hard -I../../vga_bsp/ps7_cortexa9_0/include -MMD -MP -MF"src/vga_test.d" -MT"src/vga_test.o" -o "src/vga_test.o" "../src/vga_test.c"
In file included from ../../vga_bsp/ps7_cortexa9_0/include/xaxivdma.h:312:0,
                 from ../src/vga_test.c:24:
../src/vga_test.c: In function 'main':
../../vga_bsp/ps7_cortexa9_0/include/xaxivdma_hw.h:367:49: warning: passing argument 2 of 'Xil_Out32' makes integer from pointer without a cast [-Wint-conversion]
     XAxiVdma_Out32((BaseAddress) + (RegOffset), (Data))
                                                 ^
../src/vga_test.c:77:5: note: in expansion of macro 'XAxiVdma_WriteReg'
     XAxiVdma_WriteReg(XPAR_AXI_VDMA_0_BASEADDR, XAXIVDMA_MM2S_ADDR_OFFSET + XAXIVDMA_START_ADDR_OFFSET, test_image);  // VDMA MM2S Start Addr 1
     ^~~~~~~~~~~~~~~~~
In file included from ../../vga_bsp/ps7_cortexa9_0/include/xvtc_hw.h:167:0,
                 from ../../vga_bsp/ps7_cortexa9_0/include/xvtc.h:316,
                 from ../src/vga_test.c:23:
../../vga_bsp/ps7_cortexa9_0/include/xil_io.h:223:20: note: expected 'u32 {aka long unsigned int}' but argument is of type 'u16 (*)[640] {aka short unsigned int (*)[640]}'
 static INLINE void Xil_Out32(UINTPTR Addr, u32 Value)
                    ^~~~~~~~~
'Finished building: ../src/vga_test.c'
' '
'Building target: vga.elf'
'Invoking: ARM v7 gcc linker'
arm-none-eabi-gcc -mcpu=cortex-a9 -mfpu=vfpv3 -mfloat-abi=hard -Wl,-build-id=none -specs=Xilinx.spec -Wl,-T -Wl,../src/lscript.ld -L../../vga_bsp/ps7_cortexa9_0/lib -o "vga.elf"  ./src/vga_test.o   -Wl,--start-group,-lxil,-lgcc,-lc,--end-group
'Finished building target: vga.elf'
' '
'Invoking: ARM v7 Print Size'
arm-none-eabi-size vga.elf  |tee "vga.elf.size"
   text	   data	    bss	    dec	    hex	filename
  36648	   1164	 636984	 674796	  a4bec	vga.elf
'Finished building: vga.elf.size'
' '
17:41:02 **** Auto Build of configuration Debug for project vga ****
make pre-build main-build 
a9-linaro-pre-build-step
' '
'Building file: ../src/vga_test.c'
'Invoking: ARM v7 gcc compiler'
arm-none-eabi-gcc -Wall -O0 -g3 -c -fmessage-length=0 -MT"src/vga_test.o" -mcpu=cortex-a9 -mfpu=vfpv3 -mfloat-abi=hard -I../../vga_bsp/ps7_cortexa9_0/include -MMD -MP -MF"src/vga_test.d" -MT"src/vga_test.o" -o "src/vga_test.o" "../src/vga_test.c"
In file included from ../../vga_bsp/ps7_cortexa9_0/include/xaxivdma.h:312:0,
                 from ../src/vga_test.c:24:
../src/vga_test.c: In function 'main':
../../vga_bsp/ps7_cortexa9_0/include/xaxivdma_hw.h:367:49: warning: passing argument 2 of 'Xil_Out32' makes integer from pointer without a cast [-Wint-conversion]
     XAxiVdma_Out32((BaseAddress) + (RegOffset), (Data))
                                                 ^
../src/vga_test.c:76:5: note: in expansion of macro 'XAxiVdma_WriteReg'
     XAxiVdma_WriteReg(XPAR_AXI_VDMA_0_BASEADDR, XAXIVDMA_MM2S_ADDR_OFFSET + XAXIVDMA_START_ADDR_OFFSET, test_image);  // VDMA MM2S Start Addr 1
     ^~~~~~~~~~~~~~~~~
In file included from ../../vga_bsp/ps7_cortexa9_0/include/xvtc_hw.h:167:0,
                 from ../../vga_bsp/ps7_cortexa9_0/include/xvtc.h:316,
                 from ../src/vga_test.c:23:
../../vga_bsp/ps7_cortexa9_0/include/xil_io.h:223:20: note: expected 'u32 {aka long unsigned int}' but argument is of type 'u16 (*)[640] {aka short unsigned int (*)[640]}'
 static INLINE void Xil_Out32(UINTPTR Addr, u32 Value)
                    ^~~~~~~~~
'Finished building: ../src/vga_test.c'
' '
'Building target: vga.elf'
'Invoking: ARM v7 gcc linker'
arm-none-eabi-gcc -mcpu=cortex-a9 -mfpu=vfpv3 -mfloat-abi=hard -Wl,-build-id=none -specs=Xilinx.spec -Wl,-T -Wl,../src/lscript.ld -L../../vga_bsp/ps7_cortexa9_0/lib -o "vga.elf"  ./src/vga_test.o   -Wl,--start-group,-lxil,-lgcc,-lc,--end-group
'Finished building target: vga.elf'
' '
'Invoking: ARM v7 Print Size'
arm-none-eabi-size vga.elf  |tee "vga.elf.size"
   text	   data	    bss	    dec	    hex	filename
  36648	   1164	 636984	 674796	  a4bec	vga.elf
'Finished building: vga.elf.size'
' '
17:41:07 **** Incremental Build of configuration Debug for project vga ****
make pre-build main-build 
a9-linaro-pre-build-step
' '
make: Nothing to be done for `main-build'.
17:41:19 **** Auto Build of configuration Debug for project vga ****
make pre-build main-build 
a9-linaro-pre-build-step
' '
'Building file: ../src/vga_test.c'
'Invoking: ARM v7 gcc compiler'
arm-none-eabi-gcc -Wall -O0 -g3 -c -fmessage-length=0 -MT"src/vga_test.o" -mcpu=cortex-a9 -mfpu=vfpv3 -mfloat-abi=hard -I../../vga_bsp/ps7_cortexa9_0/include -MMD -MP -MF"src/vga_test.d" -MT"src/vga_test.o" -o "src/vga_test.o" "../src/vga_test.c"
In file included from ../../vga_bsp/ps7_cortexa9_0/include/xaxivdma.h:312:0,
                 from ../src/vga_test.c:24:
../src/vga_test.c: In function 'main':
../../vga_bsp/ps7_cortexa9_0/include/xaxivdma_hw.h:367:49: warning: passing argument 2 of 'Xil_Out32' makes integer from pointer without a cast [-Wint-conversion]
     XAxiVdma_Out32((BaseAddress) + (RegOffset), (Data))
                                                 ^
../src/vga_test.c:76:5: note: in expansion of macro 'XAxiVdma_WriteReg'
     XAxiVdma_WriteReg(XPAR_AXI_VDMA_0_BASEADDR, XAXIVDMA_MM2S_ADDR_OFFSET + XAXIVDMA_START_ADDR_OFFSET, test_image);  // VDMA MM2S Start Addr 1
     ^~~~~~~~~~~~~~~~~
In file included from ../../vga_bsp/ps7_cortexa9_0/include/xvtc_hw.h:167:0,
                 from ../../vga_bsp/ps7_cortexa9_0/include/xvtc.h:316,
                 from ../src/vga_test.c:23:
../../vga_bsp/ps7_cortexa9_0/include/xil_io.h:223:20: note: expected 'u32 {aka long unsigned int}' but argument is of type 'u16 (*)[640] {aka short unsigned int (*)[640]}'
 static INLINE void Xil_Out32(UINTPTR Addr, u32 Value)
                    ^~~~~~~~~
'Finished building: ../src/vga_test.c'
' '
'Building target: vga.elf'
'Invoking: ARM v7 gcc linker'
arm-none-eabi-gcc -mcpu=cortex-a9 -mfpu=vfpv3 -mfloat-abi=hard -Wl,-build-id=none -specs=Xilinx.spec -Wl,-T -Wl,../src/lscript.ld -L../../vga_bsp/ps7_cortexa9_0/lib -o "vga.elf"  ./src/vga_test.o   -Wl,--start-group,-lxil,-lgcc,-lc,--end-group
'Finished building target: vga.elf'
' '
'Invoking: ARM v7 Print Size'
arm-none-eabi-size vga.elf  |tee "vga.elf.size"
   text	   data	    bss	    dec	    hex	filename
  36648	   1164	 636984	 674796	  a4bec	vga.elf
'Finished building: vga.elf.size'
' '
17:41:53 **** Auto Build of configuration Debug for project vga ****
make pre-build main-build 
a9-linaro-pre-build-step
' '
'Building file: ../src/vga_test.c'
'Invoking: ARM v7 gcc compiler'
arm-none-eabi-gcc -Wall -O0 -g3 -c -fmessage-length=0 -MT"src/vga_test.o" -mcpu=cortex-a9 -mfpu=vfpv3 -mfloat-abi=hard -I../../vga_bsp/ps7_cortexa9_0/include -MMD -MP -MF"src/vga_test.d" -MT"src/vga_test.o" -o "src/vga_test.o" "../src/vga_test.c"
In file included from ../../vga_bsp/ps7_cortexa9_0/include/xaxivdma.h:312:0,
                 from ../src/vga_test.c:24:
../src/vga_test.c: In function 'main':
../../vga_bsp/ps7_cortexa9_0/include/xaxivdma_hw.h:367:49: warning: passing argument 2 of 'Xil_Out32' makes integer from pointer without a cast [-Wint-conversion]
     XAxiVdma_Out32((BaseAddress) + (RegOffset), (Data))
                                                 ^
../src/vga_test.c:77:5: note: in expansion of macro 'XAxiVdma_WriteReg'
     XAxiVdma_WriteReg(XPAR_AXI_VDMA_0_BASEADDR, XAXIVDMA_MM2S_ADDR_OFFSET + XAXIVDMA_START_ADDR_OFFSET, test_image);  // VDMA MM2S Start Addr 1
     ^~~~~~~~~~~~~~~~~
In file included from ../../vga_bsp/ps7_cortexa9_0/include/xvtc_hw.h:167:0,
                 from ../../vga_bsp/ps7_cortexa9_0/include/xvtc.h:316,
                 from ../src/vga_test.c:23:
../../vga_bsp/ps7_cortexa9_0/include/xil_io.h:223:20: note: expected 'u32 {aka long unsigned int}' but argument is of type 'u16 (*)[640] {aka short unsigned int (*)[640]}'
 static INLINE void Xil_Out32(UINTPTR Addr, u32 Value)
                    ^~~~~~~~~
'Finished building: ../src/vga_test.c'
' '
'Building target: vga.elf'
'Invoking: ARM v7 gcc linker'
arm-none-eabi-gcc -mcpu=cortex-a9 -mfpu=vfpv3 -mfloat-abi=hard -Wl,-build-id=none -specs=Xilinx.spec -Wl,-T -Wl,../src/lscript.ld -L../../vga_bsp/ps7_cortexa9_0/lib -o "vga.elf"  ./src/vga_test.o   -Wl,--start-group,-lxil,-lgcc,-lc,--end-group
'Finished building target: vga.elf'
' '
'Invoking: ARM v7 Print Size'
arm-none-eabi-size vga.elf  |tee "vga.elf.size"
   text	   data	    bss	    dec	    hex	filename
  36712	   1164	 636984	 674860	  a4c2c	vga.elf
'Finished building: vga.elf.size'
' '
17:42:00 **** Incremental Build of configuration Debug for project vga ****
make pre-build main-build 
a9-linaro-pre-build-step
' '
make: Nothing to be done for `main-build'.
17:42:23 **** Auto Build of configuration Debug for project vga ****
make pre-build main-build 
a9-linaro-pre-build-step
' '
'Building file: ../src/vga_test.c'
'Invoking: ARM v7 gcc compiler'
arm-none-eabi-gcc -Wall -O0 -g3 -c -fmessage-length=0 -MT"src/vga_test.o" -mcpu=cortex-a9 -mfpu=vfpv3 -mfloat-abi=hard -I../../vga_bsp/ps7_cortexa9_0/include -MMD -MP -MF"src/vga_test.d" -MT"src/vga_test.o" -o "src/vga_test.o" "../src/vga_test.c"
In file included from ../../vga_bsp/ps7_cortexa9_0/include/xaxivdma.h:312:0,
                 from ../src/vga_test.c:24:
../src/vga_test.c: In function 'main':
../../vga_bsp/ps7_cortexa9_0/include/xaxivdma_hw.h:367:49: warning: passing argument 2 of 'Xil_Out32' makes integer from pointer without a cast [-Wint-conversion]
     XAxiVdma_Out32((BaseAddress) + (RegOffset), (Data))
                                                 ^
../src/vga_test.c:77:5: note: in expansion of macro 'XAxiVdma_WriteReg'
     XAxiVdma_WriteReg(XPAR_AXI_VDMA_0_BASEADDR, XAXIVDMA_MM2S_ADDR_OFFSET + XAXIVDMA_START_ADDR_OFFSET, test_image);  // VDMA MM2S Start Addr 1
     ^~~~~~~~~~~~~~~~~
In file included from ../../vga_bsp/ps7_cortexa9_0/include/xvtc_hw.h:167:0,
                 from ../../vga_bsp/ps7_cortexa9_0/include/xvtc.h:316,
                 from ../src/vga_test.c:23:
../../vga_bsp/ps7_cortexa9_0/include/xil_io.h:223:20: note: expected 'u32 {aka long unsigned int}' but argument is of type 'u16 (*)[640] {aka short unsigned int (*)[640]}'
 static INLINE void Xil_Out32(UINTPTR Addr, u32 Value)
                    ^~~~~~~~~
'Finished building: ../src/vga_test.c'
' '
'Building target: vga.elf'
'Invoking: ARM v7 gcc linker'
arm-none-eabi-gcc -mcpu=cortex-a9 -mfpu=vfpv3 -mfloat-abi=hard -Wl,-build-id=none -specs=Xilinx.spec -Wl,-T -Wl,../src/lscript.ld -L../../vga_bsp/ps7_cortexa9_0/lib -o "vga.elf"  ./src/vga_test.o   -Wl,--start-group,-lxil,-lgcc,-lc,--end-group
'Finished building target: vga.elf'
' '
'Invoking: ARM v7 Print Size'
arm-none-eabi-size vga.elf  |tee "vga.elf.size"
   text	   data	    bss	    dec	    hex	filename
  36712	   1164	 636984	 674860	  a4c2c	vga.elf
'Finished building: vga.elf.size'
' '
17:42:31 **** Incremental Build of configuration Debug for project vga ****
make pre-build main-build 
a9-linaro-pre-build-step
' '
make: Nothing to be done for `main-build'.
17:42:54 **** Auto Build of configuration Debug for project vga ****
make pre-build main-build 
a9-linaro-pre-build-step
' '
'Building file: ../src/vga_test.c'
'Invoking: ARM v7 gcc compiler'
arm-none-eabi-gcc -Wall -O0 -g3 -c -fmessage-length=0 -MT"src/vga_test.o" -mcpu=cortex-a9 -mfpu=vfpv3 -mfloat-abi=hard -I../../vga_bsp/ps7_cortexa9_0/include -MMD -MP -MF"src/vga_test.d" -MT"src/vga_test.o" -o "src/vga_test.o" "../src/vga_test.c"
In file included from ../../vga_bsp/ps7_cortexa9_0/include/xaxivdma.h:312:0,
                 from ../src/vga_test.c:24:
../src/vga_test.c: In function 'main':
../../vga_bsp/ps7_cortexa9_0/include/xaxivdma_hw.h:367:49: warning: passing argument 2 of 'Xil_Out32' makes integer from pointer without a cast [-Wint-conversion]
     XAxiVdma_Out32((BaseAddress) + (RegOffset), (Data))
                                                 ^
../src/vga_test.c:77:5: note: in expansion of macro 'XAxiVdma_WriteReg'
     XAxiVdma_WriteReg(XPAR_AXI_VDMA_0_BASEADDR, XAXIVDMA_MM2S_ADDR_OFFSET + XAXIVDMA_START_ADDR_OFFSET, test_image);  // VDMA MM2S Start Addr 1
     ^~~~~~~~~~~~~~~~~
In file included from ../../vga_bsp/ps7_cortexa9_0/include/xvtc_hw.h:167:0,
                 from ../../vga_bsp/ps7_cortexa9_0/include/xvtc.h:316,
                 from ../src/vga_test.c:23:
../../vga_bsp/ps7_cortexa9_0/include/xil_io.h:223:20: note: expected 'u32 {aka long unsigned int}' but argument is of type 'u16 (*)[640] {aka short unsigned int (*)[640]}'
 static INLINE void Xil_Out32(UINTPTR Addr, u32 Value)
                    ^~~~~~~~~
'Finished building: ../src/vga_test.c'
' '
'Building target: vga.elf'
'Invoking: ARM v7 gcc linker'
arm-none-eabi-gcc -mcpu=cortex-a9 -mfpu=vfpv3 -mfloat-abi=hard -Wl,-build-id=none -specs=Xilinx.spec -Wl,-T -Wl,../src/lscript.ld -L../../vga_bsp/ps7_cortexa9_0/lib -o "vga.elf"  ./src/vga_test.o   -Wl,--start-group,-lxil,-lgcc,-lc,--end-group
'Finished building target: vga.elf'
' '
'Invoking: ARM v7 Print Size'
arm-none-eabi-size vga.elf  |tee "vga.elf.size"
   text	   data	    bss	    dec	    hex	filename
  36712	   1164	 636984	 674860	  a4c2c	vga.elf
'Finished building: vga.elf.size'
' '
17:43:04 **** Incremental Build of configuration Debug for project vga ****
make pre-build main-build 
a9-linaro-pre-build-step
' '
make: Nothing to be done for `main-build'.
17:43:14 **** Auto Build of configuration Debug for project vga ****
make pre-build main-build 
a9-linaro-pre-build-step
' '
'Building file: ../src/vga_test.c'
'Invoking: ARM v7 gcc compiler'
arm-none-eabi-gcc -Wall -O0 -g3 -c -fmessage-length=0 -MT"src/vga_test.o" -mcpu=cortex-a9 -mfpu=vfpv3 -mfloat-abi=hard -I../../vga_bsp/ps7_cortexa9_0/include -MMD -MP -MF"src/vga_test.d" -MT"src/vga_test.o" -o "src/vga_test.o" "../src/vga_test.c"
In file included from ../../vga_bsp/ps7_cortexa9_0/include/xaxivdma.h:312:0,
                 from ../src/vga_test.c:24:
../src/vga_test.c: In function 'main':
../../vga_bsp/ps7_cortexa9_0/include/xaxivdma_hw.h:367:49: warning: passing argument 2 of 'Xil_Out32' makes integer from pointer without a cast [-Wint-conversion]
     XAxiVdma_Out32((BaseAddress) + (RegOffset), (Data))
                                                 ^
../src/vga_test.c:77:5: note: in expansion of macro 'XAxiVdma_WriteReg'
     XAxiVdma_WriteReg(XPAR_AXI_VDMA_0_BASEADDR, XAXIVDMA_MM2S_ADDR_OFFSET + XAXIVDMA_START_ADDR_OFFSET, test_image);  // VDMA MM2S Start Addr 1
     ^~~~~~~~~~~~~~~~~
In file included from ../../vga_bsp/ps7_cortexa9_0/include/xvtc_hw.h:167:0,
                 from ../../vga_bsp/ps7_cortexa9_0/include/xvtc.h:316,
                 from ../src/vga_test.c:23:
../../vga_bsp/ps7_cortexa9_0/include/xil_io.h:223:20: note: expected 'u32 {aka long unsigned int}' but argument is of type 'u16 (*)[640] {aka short unsigned int (*)[640]}'
 static INLINE void Xil_Out32(UINTPTR Addr, u32 Value)
                    ^~~~~~~~~
'Finished building: ../src/vga_test.c'
' '
'Building target: vga.elf'
'Invoking: ARM v7 gcc linker'
arm-none-eabi-gcc -mcpu=cortex-a9 -mfpu=vfpv3 -mfloat-abi=hard -Wl,-build-id=none -specs=Xilinx.spec -Wl,-T -Wl,../src/lscript.ld -L../../vga_bsp/ps7_cortexa9_0/lib -o "vga.elf"  ./src/vga_test.o   -Wl,--start-group,-lxil,-lgcc,-lc,--end-group
'Finished building target: vga.elf'
' '
'Invoking: ARM v7 Print Size'
arm-none-eabi-size vga.elf  |tee "vga.elf.size"
   text	   data	    bss	    dec	    hex	filename
  36712	   1164	 636984	 674860	  a4c2c	vga.elf
'Finished building: vga.elf.size'
' '
17:43:20 **** Incremental Build of configuration Debug for project vga ****
make pre-build main-build 
a9-linaro-pre-build-step
' '
make: Nothing to be done for `main-build'.
17:44:57 **** Auto Build of configuration Debug for project vga ****
make pre-build main-build 
a9-linaro-pre-build-step
' '
'Building file: ../src/vga_test.c'
'Invoking: ARM v7 gcc compiler'
arm-none-eabi-gcc -Wall -O0 -g3 -c -fmessage-length=0 -MT"src/vga_test.o" -mcpu=cortex-a9 -mfpu=vfpv3 -mfloat-abi=hard -I../../vga_bsp/ps7_cortexa9_0/include -MMD -MP -MF"src/vga_test.d" -MT"src/vga_test.o" -o "src/vga_test.o" "../src/vga_test.c"
In file included from ../../vga_bsp/ps7_cortexa9_0/include/xaxivdma.h:312:0,
                 from ../src/vga_test.c:24:
../src/vga_test.c: In function 'main':
../../vga_bsp/ps7_cortexa9_0/include/xaxivdma_hw.h:367:49: warning: passing argument 2 of 'Xil_Out32' makes integer from pointer without a cast [-Wint-conversion]
     XAxiVdma_Out32((BaseAddress) + (RegOffset), (Data))
                                                 ^
../src/vga_test.c:77:5: note: in expansion of macro 'XAxiVdma_WriteReg'
     XAxiVdma_WriteReg(XPAR_AXI_VDMA_0_BASEADDR, XAXIVDMA_MM2S_ADDR_OFFSET + XAXIVDMA_START_ADDR_OFFSET, test_image);  // VDMA MM2S Start Addr 1
     ^~~~~~~~~~~~~~~~~
In file included from ../../vga_bsp/ps7_cortexa9_0/include/xvtc_hw.h:167:0,
                 from ../../vga_bsp/ps7_cortexa9_0/include/xvtc.h:316,
                 from ../src/vga_test.c:23:
../../vga_bsp/ps7_cortexa9_0/include/xil_io.h:223:20: note: expected 'u32 {aka long unsigned int}' but argument is of type 'u16 (*)[640] {aka short unsigned int (*)[640]}'
 static INLINE void Xil_Out32(UINTPTR Addr, u32 Value)
                    ^~~~~~~~~
'Finished building: ../src/vga_test.c'
' '
'Building target: vga.elf'
'Invoking: ARM v7 gcc linker'
arm-none-eabi-gcc -mcpu=cortex-a9 -mfpu=vfpv3 -mfloat-abi=hard -Wl,-build-id=none -specs=Xilinx.spec -Wl,-T -Wl,../src/lscript.ld -L../../vga_bsp/ps7_cortexa9_0/lib -o "vga.elf"  ./src/vga_test.o   -Wl,--start-group,-lxil,-lgcc,-lc,--end-group
'Finished building target: vga.elf'
' '
'Invoking: ARM v7 Print Size'
arm-none-eabi-size vga.elf  |tee "vga.elf.size"
   text	   data	    bss	    dec	    hex	filename
  36712	   1164	 636984	 674860	  a4c2c	vga.elf
'Finished building: vga.elf.size'
' '
17:46:00 **** Auto Build of configuration Debug for project vga ****
make pre-build main-build 
a9-linaro-pre-build-step
' '
'Building file: ../src/vga_test.c'
'Invoking: ARM v7 gcc compiler'
arm-none-eabi-gcc -Wall -O0 -g3 -c -fmessage-length=0 -MT"src/vga_test.o" -mcpu=cortex-a9 -mfpu=vfpv3 -mfloat-abi=hard -I../../vga_bsp/ps7_cortexa9_0/include -MMD -MP -MF"src/vga_test.d" -MT"src/vga_test.o" -o "src/vga_test.o" "../src/vga_test.c"
In file included from ../../vga_bsp/ps7_cortexa9_0/include/xaxivdma.h:312:0,
                 from ../src/vga_test.c:24:
../src/vga_test.c: In function 'main':
../../vga_bsp/ps7_cortexa9_0/include/xaxivdma_hw.h:367:49: warning: passing argument 2 of 'Xil_Out32' makes integer from pointer without a cast [-Wint-conversion]
     XAxiVdma_Out32((BaseAddress) + (RegOffset), (Data))
                                                 ^
../src/vga_test.c:77:5: note: in expansion of macro 'XAxiVdma_WriteReg'
     XAxiVdma_WriteReg(XPAR_AXI_VDMA_0_BASEADDR, XAXIVDMA_MM2S_ADDR_OFFSET + XAXIVDMA_START_ADDR_OFFSET, test_image);  // VDMA MM2S Start Addr 1
     ^~~~~~~~~~~~~~~~~
In file included from ../../vga_bsp/ps7_cortexa9_0/include/xvtc_hw.h:167:0,
                 from ../../vga_bsp/ps7_cortexa9_0/include/xvtc.h:316,
                 from ../src/vga_test.c:23:
../../vga_bsp/ps7_cortexa9_0/include/xil_io.h:223:20: note: expected 'u32 {aka long unsigned int}' but argument is of type 'u16 (*)[640] {aka short unsigned int (*)[640]}'
 static INLINE void Xil_Out32(UINTPTR Addr, u32 Value)
                    ^~~~~~~~~
'Finished building: ../src/vga_test.c'
' '
'Building target: vga.elf'
'Invoking: ARM v7 gcc linker'
arm-none-eabi-gcc -mcpu=cortex-a9 -mfpu=vfpv3 -mfloat-abi=hard -Wl,-build-id=none -specs=Xilinx.spec -Wl,-T -Wl,../src/lscript.ld -L../../vga_bsp/ps7_cortexa9_0/lib -o "vga.elf"  ./src/vga_test.o   -Wl,--start-group,-lxil,-lgcc,-lc,--end-group
'Finished building target: vga.elf'
' '
'Invoking: ARM v7 Print Size'
arm-none-eabi-size vga.elf  |tee "vga.elf.size"
   text	   data	    bss	    dec	    hex	filename
  36712	   1164	 636984	 674860	  a4c2c	vga.elf
'Finished building: vga.elf.size'
' '
17:46:16 **** Incremental Build of configuration Debug for project vga ****
make pre-build main-build 
a9-linaro-pre-build-step
' '
make: Nothing to be done for `main-build'.
17:46:53 **** Auto Build of configuration Debug for project vga ****
make pre-build main-build 
a9-linaro-pre-build-step
' '
'Building file: ../src/vga_test.c'
'Invoking: ARM v7 gcc compiler'
arm-none-eabi-gcc -Wall -O0 -g3 -c -fmessage-length=0 -MT"src/vga_test.o" -mcpu=cortex-a9 -mfpu=vfpv3 -mfloat-abi=hard -I../../vga_bsp/ps7_cortexa9_0/include -MMD -MP -MF"src/vga_test.d" -MT"src/vga_test.o" -o "src/vga_test.o" "../src/vga_test.c"
In file included from ../../vga_bsp/ps7_cortexa9_0/include/xaxivdma.h:312:0,
                 from ../src/vga_test.c:24:
../src/vga_test.c: In function 'main':
../../vga_bsp/ps7_cortexa9_0/include/xaxivdma_hw.h:367:49: warning: passing argument 2 of 'Xil_Out32' makes integer from pointer without a cast [-Wint-conversion]
     XAxiVdma_Out32((BaseAddress) + (RegOffset), (Data))
                                                 ^
../src/vga_test.c:77:5: note: in expansion of macro 'XAxiVdma_WriteReg'
     XAxiVdma_WriteReg(XPAR_AXI_VDMA_0_BASEADDR, XAXIVDMA_MM2S_ADDR_OFFSET + XAXIVDMA_START_ADDR_OFFSET, test_image);  // VDMA MM2S Start Addr 1
     ^~~~~~~~~~~~~~~~~
In file included from ../../vga_bsp/ps7_cortexa9_0/include/xvtc_hw.h:167:0,
                 from ../../vga_bsp/ps7_cortexa9_0/include/xvtc.h:316,
                 from ../src/vga_test.c:23:
../../vga_bsp/ps7_cortexa9_0/include/xil_io.h:223:20: note: expected 'u32 {aka long unsigned int}' but argument is of type 'u16 (*)[640] {aka short unsigned int (*)[640]}'
 static INLINE void Xil_Out32(UINTPTR Addr, u32 Value)
                    ^~~~~~~~~
'Finished building: ../src/vga_test.c'
' '
'Building target: vga.elf'
'Invoking: ARM v7 gcc linker'
arm-none-eabi-gcc -mcpu=cortex-a9 -mfpu=vfpv3 -mfloat-abi=hard -Wl,-build-id=none -specs=Xilinx.spec -Wl,-T -Wl,../src/lscript.ld -L../../vga_bsp/ps7_cortexa9_0/lib -o "vga.elf"  ./src/vga_test.o   -Wl,--start-group,-lxil,-lgcc,-lc,--end-group
'Finished building target: vga.elf'
' '
'Invoking: ARM v7 Print Size'
arm-none-eabi-size vga.elf  |tee "vga.elf.size"
   text	   data	    bss	    dec	    hex	filename
  36712	   1164	 636984	 674860	  a4c2c	vga.elf
'Finished building: vga.elf.size'
' '
17:47:02 **** Incremental Build of configuration Debug for project vga ****
make pre-build main-build 
a9-linaro-pre-build-step
' '
make: Nothing to be done for `main-build'.
17:47:12 **** Auto Build of configuration Debug for project vga ****
make pre-build main-build 
a9-linaro-pre-build-step
' '
'Building file: ../src/vga_test.c'
'Invoking: ARM v7 gcc compiler'
arm-none-eabi-gcc -Wall -O0 -g3 -c -fmessage-length=0 -MT"src/vga_test.o" -mcpu=cortex-a9 -mfpu=vfpv3 -mfloat-abi=hard -I../../vga_bsp/ps7_cortexa9_0/include -MMD -MP -MF"src/vga_test.d" -MT"src/vga_test.o" -o "src/vga_test.o" "../src/vga_test.c"
In file included from ../../vga_bsp/ps7_cortexa9_0/include/xaxivdma.h:312:0,
                 from ../src/vga_test.c:24:
../src/vga_test.c: In function 'main':
../../vga_bsp/ps7_cortexa9_0/include/xaxivdma_hw.h:367:49: warning: passing argument 2 of 'Xil_Out32' makes integer from pointer without a cast [-Wint-conversion]
     XAxiVdma_Out32((BaseAddress) + (RegOffset), (Data))
                                                 ^
../src/vga_test.c:77:5: note: in expansion of macro 'XAxiVdma_WriteReg'
     XAxiVdma_WriteReg(XPAR_AXI_VDMA_0_BASEADDR, XAXIVDMA_MM2S_ADDR_OFFSET + XAXIVDMA_START_ADDR_OFFSET, test_image);  // VDMA MM2S Start Addr 1
     ^~~~~~~~~~~~~~~~~
In file included from ../../vga_bsp/ps7_cortexa9_0/include/xvtc_hw.h:167:0,
                 from ../../vga_bsp/ps7_cortexa9_0/include/xvtc.h:316,
                 from ../src/vga_test.c:23:
../../vga_bsp/ps7_cortexa9_0/include/xil_io.h:223:20: note: expected 'u32 {aka long unsigned int}' but argument is of type 'u16 (*)[640] {aka short unsigned int (*)[640]}'
 static INLINE void Xil_Out32(UINTPTR Addr, u32 Value)
                    ^~~~~~~~~
'Finished building: ../src/vga_test.c'
' '
'Building target: vga.elf'
'Invoking: ARM v7 gcc linker'
arm-none-eabi-gcc -mcpu=cortex-a9 -mfpu=vfpv3 -mfloat-abi=hard -Wl,-build-id=none -specs=Xilinx.spec -Wl,-T -Wl,../src/lscript.ld -L../../vga_bsp/ps7_cortexa9_0/lib -o "vga.elf"  ./src/vga_test.o   -Wl,--start-group,-lxil,-lgcc,-lc,--end-group
'Finished building target: vga.elf'
' '
'Invoking: ARM v7 Print Size'
arm-none-eabi-size vga.elf  |tee "vga.elf.size"
   text	   data	    bss	    dec	    hex	filename
  36712	   1164	 636984	 674860	  a4c2c	vga.elf
'Finished building: vga.elf.size'
' '
17:47:20 **** Incremental Build of configuration Debug for project vga ****
make pre-build main-build 
a9-linaro-pre-build-step
' '
make: Nothing to be done for `main-build'.
17:47:46 **** Auto Build of configuration Debug for project vga ****
make pre-build main-build 
a9-linaro-pre-build-step
' '
'Building file: ../src/vga_test.c'
'Invoking: ARM v7 gcc compiler'
arm-none-eabi-gcc -Wall -O0 -g3 -c -fmessage-length=0 -MT"src/vga_test.o" -mcpu=cortex-a9 -mfpu=vfpv3 -mfloat-abi=hard -I../../vga_bsp/ps7_cortexa9_0/include -MMD -MP -MF"src/vga_test.d" -MT"src/vga_test.o" -o "src/vga_test.o" "../src/vga_test.c"
In file included from ../../vga_bsp/ps7_cortexa9_0/include/xaxivdma.h:312:0,
                 from ../src/vga_test.c:24:
../src/vga_test.c: In function 'main':
../../vga_bsp/ps7_cortexa9_0/include/xaxivdma_hw.h:367:49: warning: passing argument 2 of 'Xil_Out32' makes integer from pointer without a cast [-Wint-conversion]
     XAxiVdma_Out32((BaseAddress) + (RegOffset), (Data))
                                                 ^
../src/vga_test.c:77:5: note: in expansion of macro 'XAxiVdma_WriteReg'
     XAxiVdma_WriteReg(XPAR_AXI_VDMA_0_BASEADDR, XAXIVDMA_MM2S_ADDR_OFFSET + XAXIVDMA_START_ADDR_OFFSET, test_image);  // VDMA MM2S Start Addr 1
     ^~~~~~~~~~~~~~~~~
In file included from ../../vga_bsp/ps7_cortexa9_0/include/xvtc_hw.h:167:0,
                 from ../../vga_bsp/ps7_cortexa9_0/include/xvtc.h:316,
                 from ../src/vga_test.c:23:
../../vga_bsp/ps7_cortexa9_0/include/xil_io.h:223:20: note: expected 'u32 {aka long unsigned int}' but argument is of type 'u16 (*)[640] {aka short unsigned int (*)[640]}'
 static INLINE void Xil_Out32(UINTPTR Addr, u32 Value)
                    ^~~~~~~~~
'Finished building: ../src/vga_test.c'
' '
'Building target: vga.elf'
'Invoking: ARM v7 gcc linker'
arm-none-eabi-gcc -mcpu=cortex-a9 -mfpu=vfpv3 -mfloat-abi=hard -Wl,-build-id=none -specs=Xilinx.spec -Wl,-T -Wl,../src/lscript.ld -L../../vga_bsp/ps7_cortexa9_0/lib -o "vga.elf"  ./src/vga_test.o   -Wl,--start-group,-lxil,-lgcc,-lc,--end-group
'Finished building target: vga.elf'
' '
'Invoking: ARM v7 Print Size'
arm-none-eabi-size vga.elf  |tee "vga.elf.size"
   text	   data	    bss	    dec	    hex	filename
  36712	   1164	 636984	 674860	  a4c2c	vga.elf
'Finished building: vga.elf.size'
' '
17:47:54 **** Auto Build of configuration Debug for project vga ****
make pre-build main-build 
a9-linaro-pre-build-step
' '
'Building file: ../src/vga_test.c'
'Invoking: ARM v7 gcc compiler'
arm-none-eabi-gcc -Wall -O0 -g3 -c -fmessage-length=0 -MT"src/vga_test.o" -mcpu=cortex-a9 -mfpu=vfpv3 -mfloat-abi=hard -I../../vga_bsp/ps7_cortexa9_0/include -MMD -MP -MF"src/vga_test.d" -MT"src/vga_test.o" -o "src/vga_test.o" "../src/vga_test.c"
In file included from ../../vga_bsp/ps7_cortexa9_0/include/xaxivdma.h:312:0,
                 from ../src/vga_test.c:24:
../src/vga_test.c: In function 'main':
../../vga_bsp/ps7_cortexa9_0/include/xaxivdma_hw.h:367:49: warning: passing argument 2 of 'Xil_Out32' makes integer from pointer without a cast [-Wint-conversion]
     XAxiVdma_Out32((BaseAddress) + (RegOffset), (Data))
                                                 ^
../src/vga_test.c:77:5: note: in expansion of macro 'XAxiVdma_WriteReg'
     XAxiVdma_WriteReg(XPAR_AXI_VDMA_0_BASEADDR, XAXIVDMA_MM2S_ADDR_OFFSET + XAXIVDMA_START_ADDR_OFFSET, test_image);  // VDMA MM2S Start Addr 1
     ^~~~~~~~~~~~~~~~~
In file included from ../../vga_bsp/ps7_cortexa9_0/include/xvtc_hw.h:167:0,
                 from ../../vga_bsp/ps7_cortexa9_0/include/xvtc.h:316,
                 from ../src/vga_test.c:23:
../../vga_bsp/ps7_cortexa9_0/include/xil_io.h:223:20: note: expected 'u32 {aka long unsigned int}' but argument is of type 'u16 (*)[640] {aka short unsigned int (*)[640]}'
 static INLINE void Xil_Out32(UINTPTR Addr, u32 Value)
                    ^~~~~~~~~
'Finished building: ../src/vga_test.c'
' '
'Building target: vga.elf'
'Invoking: ARM v7 gcc linker'
arm-none-eabi-gcc -mcpu=cortex-a9 -mfpu=vfpv3 -mfloat-abi=hard -Wl,-build-id=none -specs=Xilinx.spec -Wl,-T -Wl,../src/lscript.ld -L../../vga_bsp/ps7_cortexa9_0/lib -o "vga.elf"  ./src/vga_test.o   -Wl,--start-group,-lxil,-lgcc,-lc,--end-group
'Finished building target: vga.elf'
' '
'Invoking: ARM v7 Print Size'
arm-none-eabi-size vga.elf  |tee "vga.elf.size"
   text	   data	    bss	    dec	    hex	filename
  36712	   1164	 636984	 674860	  a4c2c	vga.elf
'Finished building: vga.elf.size'
' '
17:47:59 **** Incremental Build of configuration Debug for project vga ****
make pre-build main-build 
a9-linaro-pre-build-step
' '
make: Nothing to be done for `main-build'.
17:48:08 **** Auto Build of configuration Debug for project vga ****
make pre-build main-build 
a9-linaro-pre-build-step
' '
'Building file: ../src/vga_test.c'
'Invoking: ARM v7 gcc compiler'
arm-none-eabi-gcc -Wall -O0 -g3 -c -fmessage-length=0 -MT"src/vga_test.o" -mcpu=cortex-a9 -mfpu=vfpv3 -mfloat-abi=hard -I../../vga_bsp/ps7_cortexa9_0/include -MMD -MP -MF"src/vga_test.d" -MT"src/vga_test.o" -o "src/vga_test.o" "../src/vga_test.c"
In file included from ../../vga_bsp/ps7_cortexa9_0/include/xaxivdma.h:312:0,
                 from ../src/vga_test.c:24:
../src/vga_test.c: In function 'main':
../../vga_bsp/ps7_cortexa9_0/include/xaxivdma_hw.h:367:49: warning: passing argument 2 of 'Xil_Out32' makes integer from pointer without a cast [-Wint-conversion]
     XAxiVdma_Out32((BaseAddress) + (RegOffset), (Data))
                                                 ^
../src/vga_test.c:77:5: note: in expansion of macro 'XAxiVdma_WriteReg'
     XAxiVdma_WriteReg(XPAR_AXI_VDMA_0_BASEADDR, XAXIVDMA_MM2S_ADDR_OFFSET + XAXIVDMA_START_ADDR_OFFSET, test_image);  // VDMA MM2S Start Addr 1
     ^~~~~~~~~~~~~~~~~
In file included from ../../vga_bsp/ps7_cortexa9_0/include/xvtc_hw.h:167:0,
                 from ../../vga_bsp/ps7_cortexa9_0/include/xvtc.h:316,
                 from ../src/vga_test.c:23:
../../vga_bsp/ps7_cortexa9_0/include/xil_io.h:223:20: note: expected 'u32 {aka long unsigned int}' but argument is of type 'u16 (*)[640] {aka short unsigned int (*)[640]}'
 static INLINE void Xil_Out32(UINTPTR Addr, u32 Value)
                    ^~~~~~~~~
'Finished building: ../src/vga_test.c'
' '
'Building target: vga.elf'
'Invoking: ARM v7 gcc linker'
arm-none-eabi-gcc -mcpu=cortex-a9 -mfpu=vfpv3 -mfloat-abi=hard -Wl,-build-id=none -specs=Xilinx.spec -Wl,-T -Wl,../src/lscript.ld -L../../vga_bsp/ps7_cortexa9_0/lib -o "vga.elf"  ./src/vga_test.o   -Wl,--start-group,-lxil,-lgcc,-lc,--end-group
'Finished building target: vga.elf'
' '
'Invoking: ARM v7 Print Size'
arm-none-eabi-size vga.elf  |tee "vga.elf.size"
   text	   data	    bss	    dec	    hex	filename
  36712	   1164	 636984	 674860	  a4c2c	vga.elf
'Finished building: vga.elf.size'
' '
17:48:15 **** Incremental Build of configuration Debug for project vga ****
make pre-build main-build 
a9-linaro-pre-build-step
' '
make: Nothing to be done for `main-build'.
17:48:25 **** Auto Build of configuration Debug for project vga ****
make pre-build main-build 
a9-linaro-pre-build-step
' '
'Building file: ../src/vga_test.c'
'Invoking: ARM v7 gcc compiler'
arm-none-eabi-gcc -Wall -O0 -g3 -c -fmessage-length=0 -MT"src/vga_test.o" -mcpu=cortex-a9 -mfpu=vfpv3 -mfloat-abi=hard -I../../vga_bsp/ps7_cortexa9_0/include -MMD -MP -MF"src/vga_test.d" -MT"src/vga_test.o" -o "src/vga_test.o" "../src/vga_test.c"
In file included from ../../vga_bsp/ps7_cortexa9_0/include/xaxivdma.h:312:0,
                 from ../src/vga_test.c:24:
../src/vga_test.c: In function 'main':
../../vga_bsp/ps7_cortexa9_0/include/xaxivdma_hw.h:367:49: warning: passing argument 2 of 'Xil_Out32' makes integer from pointer without a cast [-Wint-conversion]
     XAxiVdma_Out32((BaseAddress) + (RegOffset), (Data))
                                                 ^
../src/vga_test.c:77:5: note: in expansion of macro 'XAxiVdma_WriteReg'
     XAxiVdma_WriteReg(XPAR_AXI_VDMA_0_BASEADDR, XAXIVDMA_MM2S_ADDR_OFFSET + XAXIVDMA_START_ADDR_OFFSET, test_image);  // VDMA MM2S Start Addr 1
     ^~~~~~~~~~~~~~~~~
In file included from ../../vga_bsp/ps7_cortexa9_0/include/xvtc_hw.h:167:0,
                 from ../../vga_bsp/ps7_cortexa9_0/include/xvtc.h:316,
                 from ../src/vga_test.c:23:
../../vga_bsp/ps7_cortexa9_0/include/xil_io.h:223:20: note: expected 'u32 {aka long unsigned int}' but argument is of type 'u16 (*)[640] {aka short unsigned int (*)[640]}'
 static INLINE void Xil_Out32(UINTPTR Addr, u32 Value)
                    ^~~~~~~~~
'Finished building: ../src/vga_test.c'
' '
'Building target: vga.elf'
'Invoking: ARM v7 gcc linker'
arm-none-eabi-gcc -mcpu=cortex-a9 -mfpu=vfpv3 -mfloat-abi=hard -Wl,-build-id=none -specs=Xilinx.spec -Wl,-T -Wl,../src/lscript.ld -L../../vga_bsp/ps7_cortexa9_0/lib -o "vga.elf"  ./src/vga_test.o   -Wl,--start-group,-lxil,-lgcc,-lc,--end-group
'Finished building target: vga.elf'
' '
'Invoking: ARM v7 Print Size'
arm-none-eabi-size vga.elf  |tee "vga.elf.size"
   text	   data	    bss	    dec	    hex	filename
  36712	   1164	 636984	 674860	  a4c2c	vga.elf
'Finished building: vga.elf.size'
' '
17:48:34 **** Incremental Build of configuration Debug for project vga ****
make pre-build main-build 
a9-linaro-pre-build-step
' '
make: Nothing to be done for `main-build'.
17:48:45 **** Auto Build of configuration Debug for project vga ****
make pre-build main-build 
a9-linaro-pre-build-step
' '
'Building file: ../src/vga_test.c'
'Invoking: ARM v7 gcc compiler'
arm-none-eabi-gcc -Wall -O0 -g3 -c -fmessage-length=0 -MT"src/vga_test.o" -mcpu=cortex-a9 -mfpu=vfpv3 -mfloat-abi=hard -I../../vga_bsp/ps7_cortexa9_0/include -MMD -MP -MF"src/vga_test.d" -MT"src/vga_test.o" -o "src/vga_test.o" "../src/vga_test.c"
In file included from ../../vga_bsp/ps7_cortexa9_0/include/xaxivdma.h:312:0,
                 from ../src/vga_test.c:24:
../src/vga_test.c: In function 'main':
../../vga_bsp/ps7_cortexa9_0/include/xaxivdma_hw.h:367:49: warning: passing argument 2 of 'Xil_Out32' makes integer from pointer without a cast [-Wint-conversion]
     XAxiVdma_Out32((BaseAddress) + (RegOffset), (Data))
                                                 ^
../src/vga_test.c:77:5: note: in expansion of macro 'XAxiVdma_WriteReg'
     XAxiVdma_WriteReg(XPAR_AXI_VDMA_0_BASEADDR, XAXIVDMA_MM2S_ADDR_OFFSET + XAXIVDMA_START_ADDR_OFFSET, test_image);  // VDMA MM2S Start Addr 1
     ^~~~~~~~~~~~~~~~~
In file included from ../../vga_bsp/ps7_cortexa9_0/include/xvtc_hw.h:167:0,
                 from ../../vga_bsp/ps7_cortexa9_0/include/xvtc.h:316,
                 from ../src/vga_test.c:23:
../../vga_bsp/ps7_cortexa9_0/include/xil_io.h:223:20: note: expected 'u32 {aka long unsigned int}' but argument is of type 'u16 (*)[640] {aka short unsigned int (*)[640]}'
 static INLINE void Xil_Out32(UINTPTR Addr, u32 Value)
                    ^~~~~~~~~
'Finished building: ../src/vga_test.c'
' '
'Building target: vga.elf'
'Invoking: ARM v7 gcc linker'
arm-none-eabi-gcc -mcpu=cortex-a9 -mfpu=vfpv3 -mfloat-abi=hard -Wl,-build-id=none -specs=Xilinx.spec -Wl,-T -Wl,../src/lscript.ld -L../../vga_bsp/ps7_cortexa9_0/lib -o "vga.elf"  ./src/vga_test.o   -Wl,--start-group,-lxil,-lgcc,-lc,--end-group
'Finished building target: vga.elf'
' '
'Invoking: ARM v7 Print Size'
arm-none-eabi-size vga.elf  |tee "vga.elf.size"
   text	   data	    bss	    dec	    hex	filename
  36712	   1164	 636984	 674860	  a4c2c	vga.elf
'Finished building: vga.elf.size'
' '
17:48:55 **** Auto Build of configuration Debug for project vga ****
make pre-build main-build 
a9-linaro-pre-build-step
' '
'Building file: ../src/vga_test.c'
'Invoking: ARM v7 gcc compiler'
arm-none-eabi-gcc -Wall -O0 -g3 -c -fmessage-length=0 -MT"src/vga_test.o" -mcpu=cortex-a9 -mfpu=vfpv3 -mfloat-abi=hard -I../../vga_bsp/ps7_cortexa9_0/include -MMD -MP -MF"src/vga_test.d" -MT"src/vga_test.o" -o "src/vga_test.o" "../src/vga_test.c"
In file included from ../../vga_bsp/ps7_cortexa9_0/include/xaxivdma.h:312:0,
                 from ../src/vga_test.c:24:
../src/vga_test.c: In function 'main':
../../vga_bsp/ps7_cortexa9_0/include/xaxivdma_hw.h:367:49: warning: passing argument 2 of 'Xil_Out32' makes integer from pointer without a cast [-Wint-conversion]
     XAxiVdma_Out32((BaseAddress) + (RegOffset), (Data))
                                                 ^
../src/vga_test.c:77:5: note: in expansion of macro 'XAxiVdma_WriteReg'
     XAxiVdma_WriteReg(XPAR_AXI_VDMA_0_BASEADDR, XAXIVDMA_MM2S_ADDR_OFFSET + XAXIVDMA_START_ADDR_OFFSET, test_image);  // VDMA MM2S Start Addr 1
     ^~~~~~~~~~~~~~~~~
In file included from ../../vga_bsp/ps7_cortexa9_0/include/xvtc_hw.h:167:0,
                 from ../../vga_bsp/ps7_cortexa9_0/include/xvtc.h:316,
                 from ../src/vga_test.c:23:
../../vga_bsp/ps7_cortexa9_0/include/xil_io.h:223:20: note: expected 'u32 {aka long unsigned int}' but argument is of type 'u16 (*)[640] {aka short unsigned int (*)[640]}'
 static INLINE void Xil_Out32(UINTPTR Addr, u32 Value)
                    ^~~~~~~~~
'Finished building: ../src/vga_test.c'
' '
'Building target: vga.elf'
'Invoking: ARM v7 gcc linker'
arm-none-eabi-gcc -mcpu=cortex-a9 -mfpu=vfpv3 -mfloat-abi=hard -Wl,-build-id=none -specs=Xilinx.spec -Wl,-T -Wl,../src/lscript.ld -L../../vga_bsp/ps7_cortexa9_0/lib -o "vga.elf"  ./src/vga_test.o   -Wl,--start-group,-lxil,-lgcc,-lc,--end-group
'Finished building target: vga.elf'
' '
'Invoking: ARM v7 Print Size'
arm-none-eabi-size vga.elf  |tee "vga.elf.size"
   text	   data	    bss	    dec	    hex	filename
  36712	   1164	 636984	 674860	  a4c2c	vga.elf
'Finished building: vga.elf.size'
' '
17:49:08 **** Incremental Build of configuration Debug for project vga ****
make pre-build main-build 
a9-linaro-pre-build-step
' '
make: Nothing to be done for `main-build'.
17:49:25 **** Auto Build of configuration Debug for project vga ****
make pre-build main-build 
a9-linaro-pre-build-step
' '
'Building file: ../src/vga_test.c'
'Invoking: ARM v7 gcc compiler'
arm-none-eabi-gcc -Wall -O0 -g3 -c -fmessage-length=0 -MT"src/vga_test.o" -mcpu=cortex-a9 -mfpu=vfpv3 -mfloat-abi=hard -I../../vga_bsp/ps7_cortexa9_0/include -MMD -MP -MF"src/vga_test.d" -MT"src/vga_test.o" -o "src/vga_test.o" "../src/vga_test.c"
In file included from ../../vga_bsp/ps7_cortexa9_0/include/xaxivdma.h:312:0,
                 from ../src/vga_test.c:24:
../src/vga_test.c: In function 'main':
../../vga_bsp/ps7_cortexa9_0/include/xaxivdma_hw.h:367:49: warning: passing argument 2 of 'Xil_Out32' makes integer from pointer without a cast [-Wint-conversion]
     XAxiVdma_Out32((BaseAddress) + (RegOffset), (Data))
                                                 ^
../src/vga_test.c:77:5: note: in expansion of macro 'XAxiVdma_WriteReg'
     XAxiVdma_WriteReg(XPAR_AXI_VDMA_0_BASEADDR, XAXIVDMA_MM2S_ADDR_OFFSET + XAXIVDMA_START_ADDR_OFFSET, test_image);  // VDMA MM2S Start Addr 1
     ^~~~~~~~~~~~~~~~~
In file included from ../../vga_bsp/ps7_cortexa9_0/include/xvtc_hw.h:167:0,
                 from ../../vga_bsp/ps7_cortexa9_0/include/xvtc.h:316,
                 from ../src/vga_test.c:23:
../../vga_bsp/ps7_cortexa9_0/include/xil_io.h:223:20: note: expected 'u32 {aka long unsigned int}' but argument is of type 'u16 (*)[640] {aka short unsigned int (*)[640]}'
 static INLINE void Xil_Out32(UINTPTR Addr, u32 Value)
                    ^~~~~~~~~
'Finished building: ../src/vga_test.c'
' '
'Building target: vga.elf'
'Invoking: ARM v7 gcc linker'
arm-none-eabi-gcc -mcpu=cortex-a9 -mfpu=vfpv3 -mfloat-abi=hard -Wl,-build-id=none -specs=Xilinx.spec -Wl,-T -Wl,../src/lscript.ld -L../../vga_bsp/ps7_cortexa9_0/lib -o "vga.elf"  ./src/vga_test.o   -Wl,--start-group,-lxil,-lgcc,-lc,--end-group
'Finished building target: vga.elf'
' '
'Invoking: ARM v7 Print Size'
arm-none-eabi-size vga.elf  |tee "vga.elf.size"
   text	   data	    bss	    dec	    hex	filename
  36712	   1164	 636984	 674860	  a4c2c	vga.elf
'Finished building: vga.elf.size'
' '
17:49:32 **** Incremental Build of configuration Debug for project vga ****
make pre-build main-build 
a9-linaro-pre-build-step
' '
make: Nothing to be done for `main-build'.
17:49:40 **** Auto Build of configuration Debug for project vga ****
make pre-build main-build 
a9-linaro-pre-build-step
' '
'Building file: ../src/vga_test.c'
'Invoking: ARM v7 gcc compiler'
arm-none-eabi-gcc -Wall -O0 -g3 -c -fmessage-length=0 -MT"src/vga_test.o" -mcpu=cortex-a9 -mfpu=vfpv3 -mfloat-abi=hard -I../../vga_bsp/ps7_cortexa9_0/include -MMD -MP -MF"src/vga_test.d" -MT"src/vga_test.o" -o "src/vga_test.o" "../src/vga_test.c"
In file included from ../../vga_bsp/ps7_cortexa9_0/include/xaxivdma.h:312:0,
                 from ../src/vga_test.c:24:
../src/vga_test.c: In function 'main':
../../vga_bsp/ps7_cortexa9_0/include/xaxivdma_hw.h:367:49: warning: passing argument 2 of 'Xil_Out32' makes integer from pointer without a cast [-Wint-conversion]
     XAxiVdma_Out32((BaseAddress) + (RegOffset), (Data))
                                                 ^
../src/vga_test.c:77:5: note: in expansion of macro 'XAxiVdma_WriteReg'
     XAxiVdma_WriteReg(XPAR_AXI_VDMA_0_BASEADDR, XAXIVDMA_MM2S_ADDR_OFFSET + XAXIVDMA_START_ADDR_OFFSET, test_image);  // VDMA MM2S Start Addr 1
     ^~~~~~~~~~~~~~~~~
In file included from ../../vga_bsp/ps7_cortexa9_0/include/xvtc_hw.h:167:0,
                 from ../../vga_bsp/ps7_cortexa9_0/include/xvtc.h:316,
                 from ../src/vga_test.c:23:
../../vga_bsp/ps7_cortexa9_0/include/xil_io.h:223:20: note: expected 'u32 {aka long unsigned int}' but argument is of type 'u16 (*)[640] {aka short unsigned int (*)[640]}'
 static INLINE void Xil_Out32(UINTPTR Addr, u32 Value)
                    ^~~~~~~~~
'Finished building: ../src/vga_test.c'
' '
'Building target: vga.elf'
'Invoking: ARM v7 gcc linker'
arm-none-eabi-gcc -mcpu=cortex-a9 -mfpu=vfpv3 -mfloat-abi=hard -Wl,-build-id=none -specs=Xilinx.spec -Wl,-T -Wl,../src/lscript.ld -L../../vga_bsp/ps7_cortexa9_0/lib -o "vga.elf"  ./src/vga_test.o   -Wl,--start-group,-lxil,-lgcc,-lc,--end-group
'Finished building target: vga.elf'
' '
'Invoking: ARM v7 Print Size'
arm-none-eabi-size vga.elf  |tee "vga.elf.size"
   text	   data	    bss	    dec	    hex	filename
  36712	   1164	 636984	 674860	  a4c2c	vga.elf
'Finished building: vga.elf.size'
' '
17:49:47 **** Incremental Build of configuration Debug for project vga ****
make pre-build main-build 
a9-linaro-pre-build-step
' '
make: Nothing to be done for `main-build'.
17:52:03 **** Auto Build of configuration Debug for project vga ****
make pre-build main-build 
a9-linaro-pre-build-step
' '
'Building file: ../src/vga_test.c'
'Invoking: ARM v7 gcc compiler'
arm-none-eabi-gcc -Wall -O0 -g3 -c -fmessage-length=0 -MT"src/vga_test.o" -mcpu=cortex-a9 -mfpu=vfpv3 -mfloat-abi=hard -I../../vga_bsp/ps7_cortexa9_0/include -MMD -MP -MF"src/vga_test.d" -MT"src/vga_test.o" -o "src/vga_test.o" "../src/vga_test.c"
In file included from ../../vga_bsp/ps7_cortexa9_0/include/xaxivdma.h:312:0,
                 from ../src/vga_test.c:24:
../src/vga_test.c: In function 'main':
../../vga_bsp/ps7_cortexa9_0/include/xaxivdma_hw.h:367:49: warning: passing argument 2 of 'Xil_Out32' makes integer from pointer without a cast [-Wint-conversion]
     XAxiVdma_Out32((BaseAddress) + (RegOffset), (Data))
                                                 ^
../src/vga_test.c:81:5: note: in expansion of macro 'XAxiVdma_WriteReg'
     XAxiVdma_WriteReg(XPAR_AXI_VDMA_0_BASEADDR, XAXIVDMA_MM2S_ADDR_OFFSET + XAXIVDMA_START_ADDR_OFFSET, test_image);  // VDMA MM2S Start Addr 1
     ^~~~~~~~~~~~~~~~~
In file included from ../../vga_bsp/ps7_cortexa9_0/include/xvtc_hw.h:167:0,
                 from ../../vga_bsp/ps7_cortexa9_0/include/xvtc.h:316,
                 from ../src/vga_test.c:23:
../../vga_bsp/ps7_cortexa9_0/include/xil_io.h:223:20: note: expected 'u32 {aka long unsigned int}' but argument is of type 'u16 (*)[640] {aka short unsigned int (*)[640]}'
 static INLINE void Xil_Out32(UINTPTR Addr, u32 Value)
                    ^~~~~~~~~
'Finished building: ../src/vga_test.c'
' '
'Building target: vga.elf'
'Invoking: ARM v7 gcc linker'
arm-none-eabi-gcc -mcpu=cortex-a9 -mfpu=vfpv3 -mfloat-abi=hard -Wl,-build-id=none -specs=Xilinx.spec -Wl,-T -Wl,../src/lscript.ld -L../../vga_bsp/ps7_cortexa9_0/lib -o "vga.elf"  ./src/vga_test.o   -Wl,--start-group,-lxil,-lgcc,-lc,--end-group
'Finished building target: vga.elf'
' '
'Invoking: ARM v7 Print Size'
arm-none-eabi-size vga.elf  |tee "vga.elf.size"
   text	   data	    bss	    dec	    hex	filename
  36776	   1164	 636984	 674924	  a4c6c	vga.elf
'Finished building: vga.elf.size'
' '
17:52:14 **** Incremental Build of configuration Debug for project vga ****
make pre-build main-build 
a9-linaro-pre-build-step
' '
make: Nothing to be done for `main-build'.
17:53:14 **** Auto Build of configuration Debug for project vga ****
make pre-build main-build 
a9-linaro-pre-build-step
' '
'Building file: ../src/vga_test.c'
'Invoking: ARM v7 gcc compiler'
arm-none-eabi-gcc -Wall -O0 -g3 -c -fmessage-length=0 -MT"src/vga_test.o" -mcpu=cortex-a9 -mfpu=vfpv3 -mfloat-abi=hard -I../../vga_bsp/ps7_cortexa9_0/include -MMD -MP -MF"src/vga_test.d" -MT"src/vga_test.o" -o "src/vga_test.o" "../src/vga_test.c"
In file included from ../../vga_bsp/ps7_cortexa9_0/include/xaxivdma.h:312:0,
                 from ../src/vga_test.c:24:
../src/vga_test.c: In function 'main':
../../vga_bsp/ps7_cortexa9_0/include/xaxivdma_hw.h:367:49: warning: passing argument 2 of 'Xil_Out32' makes integer from pointer without a cast [-Wint-conversion]
     XAxiVdma_Out32((BaseAddress) + (RegOffset), (Data))
                                                 ^
../src/vga_test.c:81:5: note: in expansion of macro 'XAxiVdma_WriteReg'
     XAxiVdma_WriteReg(XPAR_AXI_VDMA_0_BASEADDR, XAXIVDMA_MM2S_ADDR_OFFSET + XAXIVDMA_START_ADDR_OFFSET, test_image);  // VDMA MM2S Start Addr 1
     ^~~~~~~~~~~~~~~~~
In file included from ../../vga_bsp/ps7_cortexa9_0/include/xvtc_hw.h:167:0,
                 from ../../vga_bsp/ps7_cortexa9_0/include/xvtc.h:316,
                 from ../src/vga_test.c:23:
../../vga_bsp/ps7_cortexa9_0/include/xil_io.h:223:20: note: expected 'u32 {aka long unsigned int}' but argument is of type 'u16 (*)[640] {aka short unsigned int (*)[640]}'
 static INLINE void Xil_Out32(UINTPTR Addr, u32 Value)
                    ^~~~~~~~~
'Finished building: ../src/vga_test.c'
' '
'Building target: vga.elf'
'Invoking: ARM v7 gcc linker'
arm-none-eabi-gcc -mcpu=cortex-a9 -mfpu=vfpv3 -mfloat-abi=hard -Wl,-build-id=none -specs=Xilinx.spec -Wl,-T -Wl,../src/lscript.ld -L../../vga_bsp/ps7_cortexa9_0/lib -o "vga.elf"  ./src/vga_test.o   -Wl,--start-group,-lxil,-lgcc,-lc,--end-group
'Finished building target: vga.elf'
' '
'Invoking: ARM v7 Print Size'
arm-none-eabi-size vga.elf  |tee "vga.elf.size"
   text	   data	    bss	    dec	    hex	filename
  36776	   1164	 636984	 674924	  a4c6c	vga.elf
'Finished building: vga.elf.size'
' '
17:53:21 **** Incremental Build of configuration Debug for project vga ****
make pre-build main-build 
a9-linaro-pre-build-step
' '
make: Nothing to be done for `main-build'.
17:57:23 **** Auto Build of configuration Debug for project vga ****
make pre-build main-build 
a9-linaro-pre-build-step
' '
'Building file: ../src/vga_test.c'
'Invoking: ARM v7 gcc compiler'
arm-none-eabi-gcc -Wall -O0 -g3 -c -fmessage-length=0 -MT"src/vga_test.o" -mcpu=cortex-a9 -mfpu=vfpv3 -mfloat-abi=hard -I../../vga_bsp/ps7_cortexa9_0/include -MMD -MP -MF"src/vga_test.d" -MT"src/vga_test.o" -o "src/vga_test.o" "../src/vga_test.c"
In file included from ../../vga_bsp/ps7_cortexa9_0/include/xaxivdma.h:312:0,
                 from ../src/vga_test.c:24:
../src/vga_test.c: In function 'main':
../../vga_bsp/ps7_cortexa9_0/include/xaxivdma_hw.h:367:49: warning: passing argument 2 of 'Xil_Out32' makes integer from pointer without a cast [-Wint-conversion]
     XAxiVdma_Out32((BaseAddress) + (RegOffset), (Data))
                                                 ^
../src/vga_test.c:85:5: note: in expansion of macro 'XAxiVdma_WriteReg'
     XAxiVdma_WriteReg(XPAR_AXI_VDMA_0_BASEADDR, XAXIVDMA_MM2S_ADDR_OFFSET + XAXIVDMA_START_ADDR_OFFSET, test_image);  // VDMA MM2S Start Addr 1
     ^~~~~~~~~~~~~~~~~
In file included from ../../vga_bsp/ps7_cortexa9_0/include/xvtc_hw.h:167:0,
                 from ../../vga_bsp/ps7_cortexa9_0/include/xvtc.h:316,
                 from ../src/vga_test.c:23:
../../vga_bsp/ps7_cortexa9_0/include/xil_io.h:223:20: note: expected 'u32 {aka long unsigned int}' but argument is of type 'u16 (*)[640] {aka short unsigned int (*)[640]}'
 static INLINE void Xil_Out32(UINTPTR Addr, u32 Value)
                    ^~~~~~~~~
'Finished building: ../src/vga_test.c'
' '
'Building target: vga.elf'
'Invoking: ARM v7 gcc linker'
arm-none-eabi-gcc -mcpu=cortex-a9 -mfpu=vfpv3 -mfloat-abi=hard -Wl,-build-id=none -specs=Xilinx.spec -Wl,-T -Wl,../src/lscript.ld -L../../vga_bsp/ps7_cortexa9_0/lib -o "vga.elf"  ./src/vga_test.o   -Wl,--start-group,-lxil,-lgcc,-lc,--end-group
'Finished building target: vga.elf'
' '
'Invoking: ARM v7 Print Size'
arm-none-eabi-size vga.elf  |tee "vga.elf.size"
   text	   data	    bss	    dec	    hex	filename
  36840	   1164	 636984	 674988	  a4cac	vga.elf
'Finished building: vga.elf.size'
' '
17:57:30 **** Incremental Build of configuration Debug for project vga ****
make pre-build main-build 
a9-linaro-pre-build-step
' '
make: Nothing to be done for `main-build'.
17:58:20 **** Incremental Build of configuration Debug for project vga ****
make pre-build main-build 
a9-linaro-pre-build-step
' '
make: Nothing to be done for `main-build'.
17:59:10 **** Auto Build of configuration Debug for project vga ****
make pre-build main-build 
a9-linaro-pre-build-step
' '
'Building file: ../src/vga_test.c'
'Invoking: ARM v7 gcc compiler'
arm-none-eabi-gcc -Wall -O0 -g3 -c -fmessage-length=0 -MT"src/vga_test.o" -mcpu=cortex-a9 -mfpu=vfpv3 -mfloat-abi=hard -I../../vga_bsp/ps7_cortexa9_0/include -MMD -MP -MF"src/vga_test.d" -MT"src/vga_test.o" -o "src/vga_test.o" "../src/vga_test.c"
In file included from ../../vga_bsp/ps7_cortexa9_0/include/xaxivdma.h:312:0,
                 from ../src/vga_test.c:24:
../src/vga_test.c: In function 'main':
../../vga_bsp/ps7_cortexa9_0/include/xaxivdma_hw.h:367:49: warning: passing argument 2 of 'Xil_Out32' makes integer from pointer without a cast [-Wint-conversion]
     XAxiVdma_Out32((BaseAddress) + (RegOffset), (Data))
                                                 ^
../src/vga_test.c:89:5: note: in expansion of macro 'XAxiVdma_WriteReg'
     XAxiVdma_WriteReg(XPAR_AXI_VDMA_0_BASEADDR, XAXIVDMA_MM2S_ADDR_OFFSET + XAXIVDMA_START_ADDR_OFFSET, test_image);  // VDMA MM2S Start Addr 1
     ^~~~~~~~~~~~~~~~~
In file included from ../../vga_bsp/ps7_cortexa9_0/include/xvtc_hw.h:167:0,
                 from ../../vga_bsp/ps7_cortexa9_0/include/xvtc.h:316,
                 from ../src/vga_test.c:23:
../../vga_bsp/ps7_cortexa9_0/include/xil_io.h:223:20: note: expected 'u32 {aka long unsigned int}' but argument is of type 'u16 (*)[640] {aka short unsigned int (*)[640]}'
 static INLINE void Xil_Out32(UINTPTR Addr, u32 Value)
                    ^~~~~~~~~
'Finished building: ../src/vga_test.c'
' '
'Building target: vga.elf'
'Invoking: ARM v7 gcc linker'
arm-none-eabi-gcc -mcpu=cortex-a9 -mfpu=vfpv3 -mfloat-abi=hard -Wl,-build-id=none -specs=Xilinx.spec -Wl,-T -Wl,../src/lscript.ld -L../../vga_bsp/ps7_cortexa9_0/lib -o "vga.elf"  ./src/vga_test.o   -Wl,--start-group,-lxil,-lgcc,-lc,--end-group
'Finished building target: vga.elf'
' '
'Invoking: ARM v7 Print Size'
arm-none-eabi-size vga.elf  |tee "vga.elf.size"
   text	   data	    bss	    dec	    hex	filename
  36904	   1164	 636984	 675052	  a4cec	vga.elf
'Finished building: vga.elf.size'
' '
17:59:14 **** Auto Build of configuration Debug for project vga ****
make pre-build main-build 
a9-linaro-pre-build-step
' '
'Building file: ../src/vga_test.c'
'Invoking: ARM v7 gcc compiler'
arm-none-eabi-gcc -Wall -O0 -g3 -c -fmessage-length=0 -MT"src/vga_test.o" -mcpu=cortex-a9 -mfpu=vfpv3 -mfloat-abi=hard -I../../vga_bsp/ps7_cortexa9_0/include -MMD -MP -MF"src/vga_test.d" -MT"src/vga_test.o" -o "src/vga_test.o" "../src/vga_test.c"
In file included from ../../vga_bsp/ps7_cortexa9_0/include/xaxivdma.h:312:0,
                 from ../src/vga_test.c:24:
../src/vga_test.c: In function 'main':
../../vga_bsp/ps7_cortexa9_0/include/xaxivdma_hw.h:367:49: warning: passing argument 2 of 'Xil_Out32' makes integer from pointer without a cast [-Wint-conversion]
     XAxiVdma_Out32((BaseAddress) + (RegOffset), (Data))
                                                 ^
../src/vga_test.c:90:5: note: in expansion of macro 'XAxiVdma_WriteReg'
     XAxiVdma_WriteReg(XPAR_AXI_VDMA_0_BASEADDR, XAXIVDMA_MM2S_ADDR_OFFSET + XAXIVDMA_START_ADDR_OFFSET, test_image);  // VDMA MM2S Start Addr 1
     ^~~~~~~~~~~~~~~~~
In file included from ../../vga_bsp/ps7_cortexa9_0/include/xvtc_hw.h:167:0,
                 from ../../vga_bsp/ps7_cortexa9_0/include/xvtc.h:316,
                 from ../src/vga_test.c:23:
../../vga_bsp/ps7_cortexa9_0/include/xil_io.h:223:20: note: expected 'u32 {aka long unsigned int}' but argument is of type 'u16 (*)[640] {aka short unsigned int (*)[640]}'
 static INLINE void Xil_Out32(UINTPTR Addr, u32 Value)
                    ^~~~~~~~~
'Finished building: ../src/vga_test.c'
' '
'Building target: vga.elf'
'Invoking: ARM v7 gcc linker'
arm-none-eabi-gcc -mcpu=cortex-a9 -mfpu=vfpv3 -mfloat-abi=hard -Wl,-build-id=none -specs=Xilinx.spec -Wl,-T -Wl,../src/lscript.ld -L../../vga_bsp/ps7_cortexa9_0/lib -o "vga.elf"  ./src/vga_test.o   -Wl,--start-group,-lxil,-lgcc,-lc,--end-group
'Finished building target: vga.elf'
' '
'Invoking: ARM v7 Print Size'
arm-none-eabi-size vga.elf  |tee "vga.elf.size"
   text	   data	    bss	    dec	    hex	filename
  36904	   1164	 636984	 675052	  a4cec	vga.elf
'Finished building: vga.elf.size'
' '
17:59:19 **** Incremental Build of configuration Debug for project vga ****
make pre-build main-build 
a9-linaro-pre-build-step
' '
make: Nothing to be done for `main-build'.
18:10:26 **** Clean-only build of project vga_bsp ****
make -k clean 
make -C ps7_cortexa9_0/libsrc/axivdma_v6_3/src -s clean 
make -C ps7_cortexa9_0/libsrc/coresightps_dcc_v1_4/src -s clean 
make -C ps7_cortexa9_0/libsrc/cpu_cortexa9_v2_4/src -s clean 
make -C ps7_cortexa9_0/libsrc/ddrps_v1_0/src -s clean 
make -C ps7_cortexa9_0/libsrc/devcfg_v3_4/src -s clean 
make -C ps7_cortexa9_0/libsrc/dmaps_v2_3/src -s clean 
make -C ps7_cortexa9_0/libsrc/emacps_v3_4/src -s clean 
make -C ps7_cortexa9_0/libsrc/gpio_v4_3/src -s clean 
make -C ps7_cortexa9_0/libsrc/gpiops_v3_2/src -s clean 
make -C ps7_cortexa9_0/libsrc/qspips_v3_3/src -s clean 
make -C ps7_cortexa9_0/libsrc/scugic_v3_6/src -s clean 
make -C ps7_cortexa9_0/libsrc/scutimer_v2_1/src -s clean 
make -C ps7_cortexa9_0/libsrc/scuwdt_v2_1/src -s clean 
make -C ps7_cortexa9_0/libsrc/sdps_v3_2/src -s clean 
make -C ps7_cortexa9_0/libsrc/standalone_v6_2/src -s clean 
make -C ps7_cortexa9_0/libsrc/ttcps_v3_3/src -s clean 
make -C ps7_cortexa9_0/libsrc/uartps_v3_4/src -s clean 
make -C ps7_cortexa9_0/libsrc/usbps_v2_4/src -s clean 
make -C ps7_cortexa9_0/libsrc/vtc_v7_2/src -s clean 
make -C ps7_cortexa9_0/libsrc/xadcps_v2_2/src -s clean 
rm -f ps7_cortexa9_0/lib/libxil.a
18:10:28 **** Clean-only build of configuration Debug for project vga ****
make clean 
rm -rf  ./src/vga_test.o  ./src/vga_test.d  vga.elf.size  vga.elf
' '
18:10:28 **** Build of project vga_bsp ****
make -k all 
"Running Make include in ps7_cortexa9_0/libsrc/axivdma_v6_3/src"
make -C ps7_cortexa9_0/libsrc/axivdma_v6_3/src -s include  "SHELL=CMD" "COMPILER=arm-none-eabi-gcc" "ARCHIVER=arm-none-eabi-ar" "COMPILER_FLAGS=  -O2 -c" "EXTRA_COMPILER_FLAGS=-mcpu=cortex-a9 -mfpu=vfpv3 -mfloat-abi=hard -nostartfiles -Wall -Wextra"
"Running Make include in ps7_cortexa9_0/libsrc/coresightps_dcc_v1_4/src"
make -C ps7_cortexa9_0/libsrc/coresightps_dcc_v1_4/src -s include  "SHELL=CMD" "COMPILER=arm-none-eabi-gcc" "ARCHIVER=arm-none-eabi-ar" "COMPILER_FLAGS=  -O2 -c" "EXTRA_COMPILER_FLAGS=-mcpu=cortex-a9 -mfpu=vfpv3 -mfloat-abi=hard -nostartfiles -Wall -Wextra"
"Running Make include in ps7_cortexa9_0/libsrc/cpu_cortexa9_v2_4/src"
make -C ps7_cortexa9_0/libsrc/cpu_cortexa9_v2_4/src -s include  "SHELL=CMD" "COMPILER=arm-none-eabi-gcc" "ARCHIVER=arm-none-eabi-ar" "COMPILER_FLAGS=  -O2 -c" "EXTRA_COMPILER_FLAGS=-mcpu=cortex-a9 -mfpu=vfpv3 -mfloat-abi=hard -nostartfiles -Wall -Wextra"
"Running Make include in ps7_cortexa9_0/libsrc/ddrps_v1_0/src"
make -C ps7_cortexa9_0/libsrc/ddrps_v1_0/src -s include  "SHELL=CMD" "COMPILER=arm-none-eabi-gcc" "ARCHIVER=arm-none-eabi-ar" "COMPILER_FLAGS=  -O2 -c" "EXTRA_COMPILER_FLAGS=-mcpu=cortex-a9 -mfpu=vfpv3 -mfloat-abi=hard -nostartfiles -Wall -Wextra"
"Running Make include in ps7_cortexa9_0/libsrc/devcfg_v3_4/src"
make -C ps7_cortexa9_0/libsrc/devcfg_v3_4/src -s include  "SHELL=CMD" "COMPILER=arm-none-eabi-gcc" "ARCHIVER=arm-none-eabi-ar" "COMPILER_FLAGS=  -O2 -c" "EXTRA_COMPILER_FLAGS=-mcpu=cortex-a9 -mfpu=vfpv3 -mfloat-abi=hard -nostartfiles -Wall -Wextra"
"Running Make include in ps7_cortexa9_0/libsrc/dmaps_v2_3/src"
make -C ps7_cortexa9_0/libsrc/dmaps_v2_3/src -s include  "SHELL=CMD" "COMPILER=arm-none-eabi-gcc" "ARCHIVER=arm-none-eabi-ar" "COMPILER_FLAGS=  -O2 -c" "EXTRA_COMPILER_FLAGS=-mcpu=cortex-a9 -mfpu=vfpv3 -mfloat-abi=hard -nostartfiles -Wall -Wextra"
"Running Make include in ps7_cortexa9_0/libsrc/emacps_v3_4/src"
make -C ps7_cortexa9_0/libsrc/emacps_v3_4/src -s include  "SHELL=CMD" "COMPILER=arm-none-eabi-gcc" "ARCHIVER=arm-none-eabi-ar" "COMPILER_FLAGS=  -O2 -c" "EXTRA_COMPILER_FLAGS=-mcpu=cortex-a9 -mfpu=vfpv3 -mfloat-abi=hard -nostartfiles -Wall -Wextra"
"Running Make include in ps7_cortexa9_0/libsrc/gpio_v4_3/src"
make -C ps7_cortexa9_0/libsrc/gpio_v4_3/src -s include  "SHELL=CMD" "COMPILER=arm-none-eabi-gcc" "ARCHIVER=arm-none-eabi-ar" "COMPILER_FLAGS=  -O2 -c" "EXTRA_COMPILER_FLAGS=-mcpu=cortex-a9 -mfpu=vfpv3 -mfloat-abi=hard -nostartfiles -Wall -Wextra"
"Running Make include in ps7_cortexa9_0/libsrc/gpiops_v3_2/src"
make -C ps7_cortexa9_0/libsrc/gpiops_v3_2/src -s include  "SHELL=CMD" "COMPILER=arm-none-eabi-gcc" "ARCHIVER=arm-none-eabi-ar" "COMPILER_FLAGS=  -O2 -c" "EXTRA_COMPILER_FLAGS=-mcpu=cortex-a9 -mfpu=vfpv3 -mfloat-abi=hard -nostartfiles -Wall -Wextra"
"Running Make include in ps7_cortexa9_0/libsrc/qspips_v3_3/src"
make -C ps7_cortexa9_0/libsrc/qspips_v3_3/src -s include  "SHELL=CMD" "COMPILER=arm-none-eabi-gcc" "ARCHIVER=arm-none-eabi-ar" "COMPILER_FLAGS=  -O2 -c" "EXTRA_COMPILER_FLAGS=-mcpu=cortex-a9 -mfpu=vfpv3 -mfloat-abi=hard -nostartfiles -Wall -Wextra"
"Running Make include in ps7_cortexa9_0/libsrc/scugic_v3_6/src"
make -C ps7_cortexa9_0/libsrc/scugic_v3_6/src -s include  "SHELL=CMD" "COMPILER=arm-none-eabi-gcc" "ARCHIVER=arm-none-eabi-ar" "COMPILER_FLAGS=  -O2 -c" "EXTRA_COMPILER_FLAGS=-mcpu=cortex-a9 -mfpu=vfpv3 -mfloat-abi=hard -nostartfiles -Wall -Wextra"
"Running Make include in ps7_cortexa9_0/libsrc/scutimer_v2_1/src"
make -C ps7_cortexa9_0/libsrc/scutimer_v2_1/src -s include  "SHELL=CMD" "COMPILER=arm-none-eabi-gcc" "ARCHIVER=arm-none-eabi-ar" "COMPILER_FLAGS=  -O2 -c" "EXTRA_COMPILER_FLAGS=-mcpu=cortex-a9 -mfpu=vfpv3 -mfloat-abi=hard -nostartfiles -Wall -Wextra"
"Running Make include in ps7_cortexa9_0/libsrc/scuwdt_v2_1/src"
make -C ps7_cortexa9_0/libsrc/scuwdt_v2_1/src -s include  "SHELL=CMD" "COMPILER=arm-none-eabi-gcc" "ARCHIVER=arm-none-eabi-ar" "COMPILER_FLAGS=  -O2 -c" "EXTRA_COMPILER_FLAGS=-mcpu=cortex-a9 -mfpu=vfpv3 -mfloat-abi=hard -nostartfiles -Wall -Wextra"
"Running Make include in ps7_cortexa9_0/libsrc/sdps_v3_2/src"
make -C ps7_cortexa9_0/libsrc/sdps_v3_2/src -s include  "SHELL=CMD" "COMPILER=arm-none-eabi-gcc" "ARCHIVER=arm-none-eabi-ar" "COMPILER_FLAGS=  -O2 -c" "EXTRA_COMPILER_FLAGS=-mcpu=cortex-a9 -mfpu=vfpv3 -mfloat-abi=hard -nostartfiles -Wall -Wextra"
"Running Make include in ps7_cortexa9_0/libsrc/standalone_v6_2/src"
make -C ps7_cortexa9_0/libsrc/standalone_v6_2/src -s include  "SHELL=CMD" "COMPILER=arm-none-eabi-gcc" "ARCHIVER=arm-none-eabi-ar" "COMPILER_FLAGS=  -O2 -c" "EXTRA_COMPILER_FLAGS=-mcpu=cortex-a9 -mfpu=vfpv3 -mfloat-abi=hard -nostartfiles -Wall -Wextra"
"Running Make include in ps7_cortexa9_0/libsrc/ttcps_v3_3/src"
make -C ps7_cortexa9_0/libsrc/ttcps_v3_3/src -s include  "SHELL=CMD" "COMPILER=arm-none-eabi-gcc" "ARCHIVER=arm-none-eabi-ar" "COMPILER_FLAGS=  -O2 -c" "EXTRA_COMPILER_FLAGS=-mcpu=cortex-a9 -mfpu=vfpv3 -mfloat-abi=hard -nostartfiles -Wall -Wextra"
"Running Make include in ps7_cortexa9_0/libsrc/uartps_v3_4/src"
make -C ps7_cortexa9_0/libsrc/uartps_v3_4/src -s include  "SHELL=CMD" "COMPILER=arm-none-eabi-gcc" "ARCHIVER=arm-none-eabi-ar" "COMPILER_FLAGS=  -O2 -c" "EXTRA_COMPILER_FLAGS=-mcpu=cortex-a9 -mfpu=vfpv3 -mfloat-abi=hard -nostartfiles -Wall -Wextra"
"Running Make include in ps7_cortexa9_0/libsrc/usbps_v2_4/src"
make -C ps7_cortexa9_0/libsrc/usbps_v2_4/src -s include  "SHELL=CMD" "COMPILER=arm-none-eabi-gcc" "ARCHIVER=arm-none-eabi-ar" "COMPILER_FLAGS=  -O2 -c" "EXTRA_COMPILER_FLAGS=-mcpu=cortex-a9 -mfpu=vfpv3 -mfloat-abi=hard -nostartfiles -Wall -Wextra"
"Running Make include in ps7_cortexa9_0/libsrc/vtc_v7_2/src"
make -C ps7_cortexa9_0/libsrc/vtc_v7_2/src -s include  "SHELL=CMD" "COMPILER=arm-none-eabi-gcc" "ARCHIVER=arm-none-eabi-ar" "COMPILER_FLAGS=  -O2 -c" "EXTRA_COMPILER_FLAGS=-mcpu=cortex-a9 -mfpu=vfpv3 -mfloat-abi=hard -nostartfiles -Wall -Wextra"
"Running Make include in ps7_cortexa9_0/libsrc/xadcps_v2_2/src"
make -C ps7_cortexa9_0/libsrc/xadcps_v2_2/src -s include  "SHELL=CMD" "COMPILER=arm-none-eabi-gcc" "ARCHIVER=arm-none-eabi-ar" "COMPILER_FLAGS=  -O2 -c" "EXTRA_COMPILER_FLAGS=-mcpu=cortex-a9 -mfpu=vfpv3 -mfloat-abi=hard -nostartfiles -Wall -Wextra"
[...]
         else
         ^~~~
../src/NESCore/NESCore_pAPU.c:678:11: note: ...this statement, but the latter is misleadingly indented as if it is guarded by the 'else'
           S.pAPU.ApuC4Sr >>= 1;
           ^
In file included from ../src/NESCore/M6502_rw.h:31:0,
                 from ../src/NESCore/NESCore_pAPU.c:28:
../src/NESCore/NESCore_pAPU.c: At top level:
../src/NESCore/NESCore_Callback.h:38:13: warning: inline function 'play_next_squeue' declared but never defined
 inline void play_next_squeue();
             ^~~~~~~~~~~~~~~~
In file included from ../src/NESCore/NESCore_pAPU.c:28:0:
../src/NESCore/M6502_rw.h:188:13: warning: 'Wr6502' defined but not used [-Wunused-function]
 static void Wr6502(word wAddr, byte bData)
             ^~~~~~
../src/NESCore/NESCore_pAPU.c: In function 'Rd6502':
../src/NESCore/M6502_rw.h:83:52: warning: 'wScratch' may be used uninitialized in this function [-Wmaybe-uninitialized]
                     bScratch = W.PPUBANK[ wScratch >> 10 ] [ wScratch & 0x3FF ];
                                           ~~~~~~~~~^~~~~
'Finished building: ../src/NESCore/NESCore_pAPU.c'
' '
'Building file: ../src/NESCore_Callback.c'
'Invoking: ARM v7 gcc compiler'
arm-none-eabi-gcc -Wall -O0 -g3 -I../../NES_bsp/ps7_cortexa9_0/include -I"C:\Users\njknuth\CPR_E_488_git\MP-0\MP-0.sdk\NES\src" -I"C:\Users\njknuth\CPR_E_488_git\MP-0\MP-0.sdk\NES\src\xilsd" -I"C:\Users\njknuth\CPR_E_488_git\MP-0\MP-0.sdk\NES\src\NESCore" -c -fmessage-length=0 -MT"src/NESCore_Callback.o" -mcpu=cortex-a9 -mfpu=vfpv3 -mfloat-abi=hard -MMD -MP -MF"src/NESCore_Callback.d" -MT"src/NESCore_Callback.o" -o "src/NESCore_Callback.o" "../src/NESCore_Callback.c"
../src/NESCore_Callback.c: In function 'NESCore_Callback_OutputFrame':
../src/NESCore_Callback.c:50:12: warning: unused variable 'ptr' [-Wunused-variable]
  uint16_t *ptr = (uint16_t *)FBUFFER_BASEADDR;
            ^~~
'Finished building: ../src/NESCore_Callback.c'
' '
'Building target: NES.elf'
'Invoking: ARM v7 gcc linker'
arm-none-eabi-gcc -mcpu=cortex-a9 -mfpu=vfpv3 -mfloat-abi=hard -Wl,-build-id=none -specs=Xilinx.spec -Wl,-T -Wl,../src/lscript.ld -L../../NES_bsp/ps7_cortexa9_0/lib -o "NES.elf"  ./src/xilsd/ff.o ./src/xilsd/mmc.o ./src/xilsd/xilsd.o  ./src/NESCore/M6502.o ./src/NESCore/NESCore.o ./src/NESCore/NESCore_Mapper.o ./src/NESCore/NESCore_pAPU.o  ./src/NESCore_Callback.o ./src/bmp_misc.o ./src/nes_bootloader.o ./src/utils.o ./src/wav_misc.o   -Wl,--start-group,-lxil,-lgcc,-lc,--end-group
'Finished building target: NES.elf'
' '
'Invoking: ARM v7 Print Size'
arm-none-eabi-size NES.elf  |tee "NES.elf.size"
   text	   data	    bss	    dec	    hex	filename
 512856	   4708	68468336	68985900	41ca42c	NES.elf
'Finished building: NES.elf.size'
' '
12:20:46 **** Auto Build of configuration Debug for project NES ****
make pre-build main-build 
a9-linaro-pre-build-step
' '
'Building file: ../src/NESCore_Callback.c'
'Invoking: ARM v7 gcc compiler'
arm-none-eabi-gcc -Wall -O0 -g3 -I../../NES_bsp/ps7_cortexa9_0/include -I"C:\Users\njknuth\CPR_E_488_git\MP-0\MP-0.sdk\NES\src" -I"C:\Users\njknuth\CPR_E_488_git\MP-0\MP-0.sdk\NES\src\xilsd" -I"C:\Users\njknuth\CPR_E_488_git\MP-0\MP-0.sdk\NES\src\NESCore" -c -fmessage-length=0 -MT"src/NESCore_Callback.o" -mcpu=cortex-a9 -mfpu=vfpv3 -mfloat-abi=hard -MMD -MP -MF"src/NESCore_Callback.d" -MT"src/NESCore_Callback.o" -o "src/NESCore_Callback.o" "../src/NESCore_Callback.c"
../src/NESCore_Callback.c: In function 'NESCore_Callback_OutputFrame':
../src/NESCore_Callback.c:50:12: warning: unused variable 'ptr' [-Wunused-variable]
  uint16_t *ptr = (uint16_t *)FBUFFER_BASEADDR;
            ^~~
../src/NESCore_Callback.c: In function 'NESCore_Callback_InputPadState':
../src/NESCore_Callback.c:90:4: error: 'pwdPad1' undeclared (first use in this function)
   *pwdPad1 |= NCTL_A;
    ^~~~~~~
../src/NESCore_Callback.c:90:4: note: each undeclared identifier is reported only once for each function it appears in
../src/NESCore_Callback.c:104:4: error: 'pwdPad' undeclared (first use in this function)
   *pwdPad |= NCTL_DOWN;
    ^~~~~~
make: *** [src/NESCore_Callback.o] Error 1
12:20:53 **** Auto Build of configuration Debug for project NES ****
make pre-build main-build 
a9-linaro-pre-build-step
' '
'Building file: ../src/NESCore_Callback.c'
'Invoking: ARM v7 gcc compiler'
arm-none-eabi-gcc -Wall -O0 -g3 -I../../NES_bsp/ps7_cortexa9_0/include -I"C:\Users\njknuth\CPR_E_488_git\MP-0\MP-0.sdk\NES\src" -I"C:\Users\njknuth\CPR_E_488_git\MP-0\MP-0.sdk\NES\src\xilsd" -I"C:\Users\njknuth\CPR_E_488_git\MP-0\MP-0.sdk\NES\src\NESCore" -c -fmessage-length=0 -MT"src/NESCore_Callback.o" -mcpu=cortex-a9 -mfpu=vfpv3 -mfloat-abi=hard -MMD -MP -MF"src/NESCore_Callback.d" -MT"src/NESCore_Callback.o" -o "src/NESCore_Callback.o" "../src/NESCore_Callback.c"
../src/NESCore_Callback.c: In function 'NESCore_Callback_OutputFrame':
../src/NESCore_Callback.c:50:12: warning: unused variable 'ptr' [-Wunused-variable]
  uint16_t *ptr = (uint16_t *)FBUFFER_BASEADDR;
            ^~~
../src/NESCore_Callback.c: In function 'NESCore_Callback_InputPadState':
../src/NESCore_Callback.c:90:4: error: 'pwdPad1' undeclared (first use in this function)
   *pwdPad1 |= NCTL_A;
    ^~~~~~~
../src/NESCore_Callback.c:90:4: note: each undeclared identifier is reported only once for each function it appears in
../src/NESCore_Callback.c:107:4: error: 'pwdPad' undeclared (first use in this function)
   *pwdPad |= NCTL_LEFT;
    ^~~~~~
make: *** [src/NESCore_Callback.o] Error 1
12:21:17 **** Auto Build of configuration Debug for project NES ****
make pre-build main-build 
a9-linaro-pre-build-step
' '
'Building file: ../src/NESCore_Callback.c'
'Invoking: ARM v7 gcc compiler'
arm-none-eabi-gcc -Wall -O0 -g3 -I../../NES_bsp/ps7_cortexa9_0/include -I"C:\Users\njknuth\CPR_E_488_git\MP-0\MP-0.sdk\NES\src" -I"C:\Users\njknuth\CPR_E_488_git\MP-0\MP-0.sdk\NES\src\xilsd" -I"C:\Users\njknuth\CPR_E_488_git\MP-0\MP-0.sdk\NES\src\NESCore" -c -fmessage-length=0 -MT"src/NESCore_Callback.o" -mcpu=cortex-a9 -mfpu=vfpv3 -mfloat-abi=hard -MMD -MP -MF"src/NESCore_Callback.d" -MT"src/NESCore_Callback.o" -o "src/NESCore_Callback.o" "../src/NESCore_Callback.c"
../src/NESCore_Callback.c: In function 'NESCore_Callback_OutputFrame':
../src/NESCore_Callback.c:50:12: warning: unused variable 'ptr' [-Wunused-variable]
  uint16_t *ptr = (uint16_t *)FBUFFER_BASEADDR;
            ^~~
../src/NESCore_Callback.c: In function 'NESCore_Callback_InputPadState':
../src/NESCore_Callback.c:90:4: error: 'pwdPad1' undeclared (first use in this function)
   *pwdPad1 |= NCTL_A;
    ^~~~~~~
../src/NESCore_Callback.c:90:4: note: each undeclared identifier is reported only once for each function it appears in
../src/NESCore_Callback.c:110:4: error: 'pwdPad' undeclared (first use in this function)
   *pwdPad |= NCTL_RIGHT;
    ^~~~~~
make: *** [src/NESCore_Callback.o] Error 1
12:21:38 **** Auto Build of configuration Debug for project NES ****
make pre-build main-build 
a9-linaro-pre-build-step
' '
'Building file: ../src/NESCore_Callback.c'
'Invoking: ARM v7 gcc compiler'
arm-none-eabi-gcc -Wall -O0 -g3 -I../../NES_bsp/ps7_cortexa9_0/include -I"C:\Users\njknuth\CPR_E_488_git\MP-0\MP-0.sdk\NES\src" -I"C:\Users\njknuth\CPR_E_488_git\MP-0\MP-0.sdk\NES\src\xilsd" -I"C:\Users\njknuth\CPR_E_488_git\MP-0\MP-0.sdk\NES\src\NESCore" -c -fmessage-length=0 -MT"src/NESCore_Callback.o" -mcpu=cortex-a9 -mfpu=vfpv3 -mfloat-abi=hard -MMD -MP -MF"src/NESCore_Callback.d" -MT"src/NESCore_Callback.o" -o "src/NESCore_Callback.o" "../src/NESCore_Callback.c"
../src/NESCore_Callback.c: In function 'NESCore_Callback_OutputFrame':
../src/NESCore_Callback.c:50:12: warning: unused variable 'ptr' [-Wunused-variable]
  uint16_t *ptr = (uint16_t *)FBUFFER_BASEADDR;
            ^~~
../src/NESCore_Callback.c: In function 'NESCore_Callback_InputPadState':
../src/NESCore_Callback.c:96:4: error: 'pwdPad1' undeclared (first use in this function)
   *pwdPad1 |= NCTL_START;
    ^~~~~~~
../src/NESCore_Callback.c:96:4: note: each undeclared identifier is reported only once for each function it appears in
make: *** [src/NESCore_Callback.o] Error 1
12:21:41 **** Auto Build of configuration Debug for project NES ****
make pre-build main-build 
a9-linaro-pre-build-step
' '
'Building file: ../src/NESCore_Callback.c'
'Invoking: ARM v7 gcc compiler'
arm-none-eabi-gcc -Wall -O0 -g3 -I../../NES_bsp/ps7_cortexa9_0/include -I"C:\Users\njknuth\CPR_E_488_git\MP-0\MP-0.sdk\NES\src" -I"C:\Users\njknuth\CPR_E_488_git\MP-0\MP-0.sdk\NES\src\xilsd" -I"C:\Users\njknuth\CPR_E_488_git\MP-0\MP-0.sdk\NES\src\NESCore" -c -fmessage-length=0 -MT"src/NESCore_Callback.o" -mcpu=cortex-a9 -mfpu=vfpv3 -mfloat-abi=hard -MMD -MP -MF"src/NESCore_Callback.d" -MT"src/NESCore_Callback.o" -o "src/NESCore_Callback.o" "../src/NESCore_Callback.c"
../src/NESCore_Callback.c: In function 'NESCore_Callback_OutputFrame':
../src/NESCore_Callback.c:50:12: warning: unused variable 'ptr' [-Wunused-variable]
  uint16_t *ptr = (uint16_t *)FBUFFER_BASEADDR;
            ^~~
'Finished building: ../src/NESCore_Callback.c'
' '
'Building target: NES.elf'
'Invoking: ARM v7 gcc linker'
arm-none-eabi-gcc -mcpu=cortex-a9 -mfpu=vfpv3 -mfloat-abi=hard -Wl,-build-id=none -specs=Xilinx.spec -Wl,-T -Wl,../src/lscript.ld -L../../NES_bsp/ps7_cortexa9_0/lib -o "NES.elf"  ./src/xilsd/ff.o ./src/xilsd/mmc.o ./src/xilsd/xilsd.o  ./src/NESCore/M6502.o ./src/NESCore/NESCore.o ./src/NESCore/NESCore_Mapper.o ./src/NESCore/NESCore_pAPU.o  ./src/NESCore_Callback.o ./src/bmp_misc.o ./src/nes_bootloader.o ./src/utils.o ./src/wav_misc.o   -Wl,--start-group,-lxil,-lgcc,-lc,--end-group
'Finished building target: NES.elf'
' '
'Invoking: ARM v7 Print Size'
arm-none-eabi-size NES.elf  |tee "NES.elf.size"
   text	   data	    bss	    dec	    hex	filename
 513176	   4708	68468336	68986220	41ca56c	NES.elf
'Finished building: NES.elf.size'
' '
12:21:48 **** Auto Build of configuration Debug for project NES ****
make pre-build main-build 
a9-linaro-pre-build-step
' '
'Building file: ../src/NESCore_Callback.c'
'Invoking: ARM v7 gcc compiler'
arm-none-eabi-gcc -Wall -O0 -g3 -I../../NES_bsp/ps7_cortexa9_0/include -I"C:\Users\njknuth\CPR_E_488_git\MP-0\MP-0.sdk\NES\src" -I"C:\Users\njknuth\CPR_E_488_git\MP-0\MP-0.sdk\NES\src\xilsd" -I"C:\Users\njknuth\CPR_E_488_git\MP-0\MP-0.sdk\NES\src\NESCore" -c -fmessage-length=0 -MT"src/NESCore_Callback.o" -mcpu=cortex-a9 -mfpu=vfpv3 -mfloat-abi=hard -MMD -MP -MF"src/NESCore_Callback.d" -MT"src/NESCore_Callback.o" -o "src/NESCore_Callback.o" "../src/NESCore_Callback.c"
../src/NESCore_Callback.c: In function 'NESCore_Callback_OutputFrame':
../src/NESCore_Callback.c:50:12: warning: unused variable 'ptr' [-Wunused-variable]
  uint16_t *ptr = (uint16_t *)FBUFFER_BASEADDR;
            ^~~
'Finished building: ../src/NESCore_Callback.c'
' '
'Building target: NES.elf'
'Invoking: ARM v7 gcc linker'
arm-none-eabi-gcc -mcpu=cortex-a9 -mfpu=vfpv3 -mfloat-abi=hard -Wl,-build-id=none -specs=Xilinx.spec -Wl,-T -Wl,../src/lscript.ld -L../../NES_bsp/ps7_cortexa9_0/lib -o "NES.elf"  ./src/xilsd/ff.o ./src/xilsd/mmc.o ./src/xilsd/xilsd.o  ./src/NESCore/M6502.o ./src/NESCore/NESCore.o ./src/NESCore/NESCore_Mapper.o ./src/NESCore/NESCore_pAPU.o  ./src/NESCore_Callback.o ./src/bmp_misc.o ./src/nes_bootloader.o ./src/utils.o ./src/wav_misc.o   -Wl,--start-group,-lxil,-lgcc,-lc,--end-group
'Finished building target: NES.elf'
' '
'Invoking: ARM v7 Print Size'
arm-none-eabi-size NES.elf  |tee "NES.elf.size"
   text	   data	    bss	    dec	    hex	filename
 513176	   4708	68468336	68986220	41ca56c	NES.elf
'Finished building: NES.elf.size'
' '
12:22:15 **** Incremental Build of configuration Debug for project NES ****
make pre-build main-build 
a9-linaro-pre-build-step
' '
make: Nothing to be done for `main-build'.
12:22:53 **** Incremental Build of configuration Debug for project NES ****
make pre-build main-build 
a9-linaro-pre-build-step
' '
make: Nothing to be done for `main-build'.
12:23:35 **** Incremental Build of configuration Debug for project NES ****
make pre-build main-build 
a9-linaro-pre-build-step
' '
make: Nothing to be done for `main-build'.
12:24:43 **** Auto Build of configuration Debug for project NES ****
make pre-build main-build 
a9-linaro-pre-build-step
' '
'Building file: ../src/NESCore_Callback.c'
'Invoking: ARM v7 gcc compiler'
arm-none-eabi-gcc -Wall -O0 -g3 -I../../NES_bsp/ps7_cortexa9_0/include -I"C:\Users\njknuth\CPR_E_488_git\MP-0\MP-0.sdk\NES\src" -I"C:\Users\njknuth\CPR_E_488_git\MP-0\MP-0.sdk\NES\src\xilsd" -I"C:\Users\njknuth\CPR_E_488_git\MP-0\MP-0.sdk\NES\src\NESCore" -c -fmessage-length=0 -MT"src/NESCore_Callback.o" -mcpu=cortex-a9 -mfpu=vfpv3 -mfloat-abi=hard -MMD -MP -MF"src/NESCore_Callback.d" -MT"src/NESCore_Callback.o" -o "src/NESCore_Callback.o" "../src/NESCore_Callback.c"
../src/NESCore_Callback.c: In function 'NESCore_Callback_OutputFrame':
../src/NESCore_Callback.c:50:12: warning: unused variable 'ptr' [-Wunused-variable]
  uint16_t *ptr = (uint16_t *)FBUFFER_BASEADDR;
            ^~~
../src/NESCore_Callback.c: In function 'NESCore_Callback_InputPadState':
../src/NESCore_Callback.c:113:12: warning: statement with no effect [-Wunused-value]
   *pdwPad1 | NCTL_SELECT;
             
'Finished building: ../src/NESCore_Callback.c'
' '
'Building target: NES.elf'
'Invoking: ARM v7 gcc linker'
arm-none-eabi-gcc -mcpu=cortex-a9 -mfpu=vfpv3 -mfloat-abi=hard -Wl,-build-id=none -specs=Xilinx.spec -Wl,-T -Wl,../src/lscript.ld -L../../NES_bsp/ps7_cortexa9_0/lib -o "NES.elf"  ./src/xilsd/ff.o ./src/xilsd/mmc.o ./src/xilsd/xilsd.o  ./src/NESCore/M6502.o ./src/NESCore/NESCore.o ./src/NESCore/NESCore_Mapper.o ./src/NESCore/NESCore_pAPU.o  ./src/NESCore_Callback.o ./src/bmp_misc.o ./src/nes_bootloader.o ./src/utils.o ./src/wav_misc.o   -Wl,--start-group,-lxil,-lgcc,-lc,--end-group
'Finished building target: NES.elf'
' '
'Invoking: ARM v7 Print Size'
arm-none-eabi-size NES.elf  |tee "NES.elf.size"
   text	   data	    bss	    dec	    hex	filename
 513176	   4708	68468336	68986220	41ca56c	NES.elf
'Finished building: NES.elf.size'
' '
12:24:48 **** Auto Build of configuration Debug for project NES ****
make pre-build main-build 
a9-linaro-pre-build-step
' '
'Building file: ../src/NESCore_Callback.c'
'Invoking: ARM v7 gcc compiler'
arm-none-eabi-gcc -Wall -O0 -g3 -I../../NES_bsp/ps7_cortexa9_0/include -I"C:\Users\njknuth\CPR_E_488_git\MP-0\MP-0.sdk\NES\src" -I"C:\Users\njknuth\CPR_E_488_git\MP-0\MP-0.sdk\NES\src\xilsd" -I"C:\Users\njknuth\CPR_E_488_git\MP-0\MP-0.sdk\NES\src\NESCore" -c -fmessage-length=0 -MT"src/NESCore_Callback.o" -mcpu=cortex-a9 -mfpu=vfpv3 -mfloat-abi=hard -MMD -MP -MF"src/NESCore_Callback.d" -MT"src/NESCore_Callback.o" -o "src/NESCore_Callback.o" "../src/NESCore_Callback.c"
../src/NESCore_Callback.c: In function 'NESCore_Callback_OutputFrame':
../src/NESCore_Callback.c:50:12: warning: unused variable 'ptr' [-Wunused-variable]
  uint16_t *ptr = (uint16_t *)FBUFFER_BASEADDR;
            ^~~
'Finished building: ../src/NESCore_Callback.c'
' '
'Building target: NES.elf'
'Invoking: ARM v7 gcc linker'
arm-none-eabi-gcc -mcpu=cortex-a9 -mfpu=vfpv3 -mfloat-abi=hard -Wl,-build-id=none -specs=Xilinx.spec -Wl,-T -Wl,../src/lscript.ld -L../../NES_bsp/ps7_cortexa9_0/lib -o "NES.elf"  ./src/xilsd/ff.o ./src/xilsd/mmc.o ./src/xilsd/xilsd.o  ./src/NESCore/M6502.o ./src/NESCore/NESCore.o ./src/NESCore/NESCore_Mapper.o ./src/NESCore/NESCore_pAPU.o  ./src/NESCore_Callback.o ./src/bmp_misc.o ./src/nes_bootloader.o ./src/utils.o ./src/wav_misc.o   -Wl,--start-group,-lxil,-lgcc,-lc,--end-group
'Finished building target: NES.elf'
' '
'Invoking: ARM v7 Print Size'
arm-none-eabi-size NES.elf  |tee "NES.elf.size"
   text	   data	    bss	    dec	    hex	filename
 513176	   4708	68468336	68986220	41ca56c	NES.elf
'Finished building: NES.elf.size'
' '
12:25:12 **** Incremental Build of configuration Debug for project NES ****
make pre-build main-build 
a9-linaro-pre-build-step
' '
make: Nothing to be done for `main-build'.
12:26:48 **** Auto Build of configuration Debug for project NES ****
make pre-build main-build 
a9-linaro-pre-build-step
' '
'Building file: ../src/NESCore_Callback.c'
'Invoking: ARM v7 gcc compiler'
arm-none-eabi-gcc -Wall -O0 -g3 -I../../NES_bsp/ps7_cortexa9_0/include -I"C:\Users\njknuth\CPR_E_488_git\MP-0\MP-0.sdk\NES\src" -I"C:\Users\njknuth\CPR_E_488_git\MP-0\MP-0.sdk\NES\src\xilsd" -I"C:\Users\njknuth\CPR_E_488_git\MP-0\MP-0.sdk\NES\src\NESCore" -c -fmessage-length=0 -MT"src/NESCore_Callback.o" -mcpu=cortex-a9 -mfpu=vfpv3 -mfloat-abi=hard -MMD -MP -MF"src/NESCore_Callback.d" -MT"src/NESCore_Callback.o" -o "src/NESCore_Callback.o" "../src/NESCore_Callback.c"
../src/NESCore_Callback.c: In function 'NESCore_Callback_OutputFrame':
../src/NESCore_Callback.c:50:12: warning: unused variable 'ptr' [-Wunused-variable]
  uint16_t *ptr = (uint16_t *)FBUFFER_BASEADDR;
            ^~~
'Finished building: ../src/NESCore_Callback.c'
' '
'Building target: NES.elf'
'Invoking: ARM v7 gcc linker'
arm-none-eabi-gcc -mcpu=cortex-a9 -mfpu=vfpv3 -mfloat-abi=hard -Wl,-build-id=none -specs=Xilinx.spec -Wl,-T -Wl,../src/lscript.ld -L../../NES_bsp/ps7_cortexa9_0/lib -o "NES.elf"  ./src/xilsd/ff.o ./src/xilsd/mmc.o ./src/xilsd/xilsd.o  ./src/NESCore/M6502.o ./src/NESCore/NESCore.o ./src/NESCore/NESCore_Mapper.o ./src/NESCore/NESCore_pAPU.o  ./src/NESCore_Callback.o ./src/bmp_misc.o ./src/nes_bootloader.o ./src/utils.o ./src/wav_misc.o   -Wl,--start-group,-lxil,-lgcc,-lc,--end-group
'Finished building target: NES.elf'
' '
'Invoking: ARM v7 Print Size'
arm-none-eabi-size NES.elf  |tee "NES.elf.size"
   text	   data	    bss	    dec	    hex	filename
 513240	   4708	68468336	68986284	41ca5ac	NES.elf
'Finished building: NES.elf.size'
' '
12:27:13 **** Incremental Build of configuration Debug for project NES ****
make pre-build main-build 
a9-linaro-pre-build-step
' '
make: Nothing to be done for `main-build'.
12:29:36 **** Auto Build of configuration Debug for project NES ****
make pre-build main-build 
a9-linaro-pre-build-step
' '
'Building file: ../src/NESCore_Callback.c'
'Invoking: ARM v7 gcc compiler'
arm-none-eabi-gcc -Wall -O0 -g3 -I../../NES_bsp/ps7_cortexa9_0/include -I"C:\Users\njknuth\CPR_E_488_git\MP-0\MP-0.sdk\NES\src" -I"C:\Users\njknuth\CPR_E_488_git\MP-0\MP-0.sdk\NES\src\xilsd" -I"C:\Users\njknuth\CPR_E_488_git\MP-0\MP-0.sdk\NES\src\NESCore" -c -fmessage-length=0 -MT"src/NESCore_Callback.o" -mcpu=cortex-a9 -mfpu=vfpv3 -mfloat-abi=hard -MMD -MP -MF"src/NESCore_Callback.d" -MT"src/NESCore_Callback.o" -o "src/NESCore_Callback.o" "../src/NESCore_Callback.c"
../src/NESCore_Callback.c: In function 'NESCore_Callback_OutputFrame':
../src/NESCore_Callback.c:50:12: warning: unused variable 'ptr' [-Wunused-variable]
  uint16_t *ptr = (uint16_t *)FBUFFER_BASEADDR;
            ^~~
'Finished building: ../src/NESCore_Callback.c'
' '
'Building target: NES.elf'
'Invoking: ARM v7 gcc linker'
arm-none-eabi-gcc -mcpu=cortex-a9 -mfpu=vfpv3 -mfloat-abi=hard -Wl,-build-id=none -specs=Xilinx.spec -Wl,-T -Wl,../src/lscript.ld -L../../NES_bsp/ps7_cortexa9_0/lib -o "NES.elf"  ./src/xilsd/ff.o ./src/xilsd/mmc.o ./src/xilsd/xilsd.o  ./src/NESCore/M6502.o ./src/NESCore/NESCore.o ./src/NESCore/NESCore_Mapper.o ./src/NESCore/NESCore_pAPU.o  ./src/NESCore_Callback.o ./src/bmp_misc.o ./src/nes_bootloader.o ./src/utils.o ./src/wav_misc.o   -Wl,--start-group,-lxil,-lgcc,-lc,--end-group
'Finished building target: NES.elf'
' '
'Invoking: ARM v7 Print Size'
arm-none-eabi-size NES.elf  |tee "NES.elf.size"
   text	   data	    bss	    dec	    hex	filename
 513240	   4708	68468336	68986284	41ca5ac	NES.elf
'Finished building: NES.elf.size'
' '
12:30:18 **** Incremental Build of configuration Debug for project NES ****
make pre-build main-build 
a9-linaro-pre-build-step
' '
make: Nothing to be done for `main-build'.
12:34:31 **** Incremental Build of configuration Debug for project NES ****
make pre-build main-build 
a9-linaro-pre-build-step
' '
make: Nothing to be done for `main-build'.
