15:01:02 **** Incremental Build of configuration Debug for project sha_boot ****
make pre-build main-build 
a9-linaro-pre-build-step
' '
'Building file: ../src/fsbl_hooks.c'
'Invoking: ARM v7 gcc compiler'
arm-none-eabi-gcc -Wall -O0 -g3 -I"U:\Desktop\MP-4\Cpre488\Final_Project\Xilinx\premade_sha256.sdk\design_1_wrapper_hw_platform_0" -c -fmessage-length=0 -MT"src/fsbl_hooks.o" -mcpu=cortex-a9 -mfpu=vfpv3 -mfloat-abi=hard -I../../sha_boot_bsp/ps7_cortexa9_0/include -MMD -MP -MF"src/fsbl_hooks.d" -MT"src/fsbl_hooks.o" -o "src/fsbl_hooks.o" "../src/fsbl_hooks.c"
'Finished building: ../src/fsbl_hooks.c'
' '
'Building target: sha_boot.elf'
'Invoking: ARM v7 gcc linker'
arm-none-eabi-gcc -mcpu=cortex-a9 -mfpu=vfpv3 -mfloat-abi=hard -Wl,-build-id=none -specs=Xilinx.spec -Wl,-T -Wl,../src/lscript.ld -L../../sha_boot_bsp/ps7_cortexa9_0/lib -o "sha_boot.elf"  ./src/fsbl_handoff.o ./src/fsbl_hooks.o ./src/image_mover.o ./src/main.o ./src/md5.o ./src/nand.o ./src/nor.o ./src/pcap.o ./src/platform.o ./src/ps7_init.o ./src/qspi.o ./src/rsa.o ./src/sd.o   -Wl,--start-group,-lxil,-lgcc,-lc,--end-group -Wl,--start-group,-lxilffs,-lxil,-lgcc,-lc,--end-group -Wl,--start-group,-lrsa,-lxil,-lgcc,-lc,--end-group
'Finished building target: sha_boot.elf'
' '
'Invoking: ARM v7 Print Size'
arm-none-eabi-size sha_boot.elf  |tee "sha_boot.elf.size"
   text	   data	    bss	    dec	    hex	filename
  79600	  11480	  74344	 165424	  28630	sha_boot.elf
'Finished building: sha_boot.elf.size'
' '
17:51:16 **** Build of project sha_test_bsp ****
make -k all 
"Running Make include in ps7_cortexa9_0/libsrc/coresightps_dcc_v1_4/src"
make -C ps7_cortexa9_0/libsrc/coresightps_dcc_v1_4/src -s include  "SHELL=CMD" "COMPILER=arm-none-eabi-gcc" "ARCHIVER=arm-none-eabi-ar" "COMPILER_FLAGS=  -O2 -c" "EXTRA_COMPILER_FLAGS=-mcpu=cortex-a9 -mfpu=vfpv3 -mfloat-abi=hard -nostartfiles -Wall -Wextra"
"Running Make include in ps7_cortexa9_0/libsrc/cpu_cortexa9_v2_4/src"
make -C ps7_cortexa9_0/libsrc/cpu_cortexa9_v2_4/src -s include  "SHELL=CMD" "COMPILER=arm-none-eabi-gcc" "ARCHIVER=arm-none-eabi-ar" "COMPILER_FLAGS=  -O2 -c" "EXTRA_COMPILER_FLAGS=-mcpu=cortex-a9 -mfpu=vfpv3 -mfloat-abi=hard -nostartfiles -Wall -Wextra"
"Running Make include in ps7_cortexa9_0/libsrc/ddrps_v1_0/src"
make -C ps7_cortexa9_0/libsrc/ddrps_v1_0/src -s include  "SHELL=CMD" "COMPILER=arm-none-eabi-gcc" "ARCHIVER=arm-none-eabi-ar" "COMPILER_FLAGS=  -O2 -c" "EXTRA_COMPILER_FLAGS=-mcpu=cortex-a9 -mfpu=vfpv3 -mfloat-abi=hard -nostartfiles -Wall -Wextra"
"Running Make include in ps7_cortexa9_0/libsrc/devcfg_v3_4/src"
make -C ps7_cortexa9_0/libsrc/devcfg_v3_4/src -s include  "SHELL=CMD" "COMPILER=arm-none-eabi-gcc" "ARCHIVER=arm-none-eabi-ar" "COMPILER_FLAGS=  -O2 -c" "EXTRA_COMPILER_FLAGS=-mcpu=cortex-a9 -mfpu=vfpv3 -mfloat-abi=hard -nostartfiles -Wall -Wextra"
"Running Make include in ps7_cortexa9_0/libsrc/dmaps_v2_3/src"
make -C ps7_cortexa9_0/libsrc/dmaps_v2_3/src -s include  "SHELL=CMD" "COMPILER=arm-none-eabi-gcc" "ARCHIVER=arm-none-eabi-ar" "COMPILER_FLAGS=  -O2 -c" "EXTRA_COMPILER_FLAGS=-mcpu=cortex-a9 -mfpu=vfpv3 -mfloat-abi=hard -nostartfiles -Wall -Wextra"
"Running Make include in ps7_cortexa9_0/libsrc/emacps_v3_4/src"
make -C ps7_cortexa9_0/libsrc/emacps_v3_4/src -s include  "SHELL=CMD" "COMPILER=arm-none-eabi-gcc" "ARCHIVER=arm-none-eabi-ar" "COMPILER_FLAGS=  -O2 -c" "EXTRA_COMPILER_FLAGS=-mcpu=cortex-a9 -mfpu=vfpv3 -mfloat-abi=hard -nostartfiles -Wall -Wextra"
"Running Make include in ps7_cortexa9_0/libsrc/gpio_v4_3/src"
make -C ps7_cortexa9_0/libsrc/gpio_v4_3/src -s include  "SHELL=CMD" "COMPILER=arm-none-eabi-gcc" "ARCHIVER=arm-none-eabi-ar" "COMPILER_FLAGS=  -O2 -c" "EXTRA_COMPILER_FLAGS=-mcpu=cortex-a9 -mfpu=vfpv3 -mfloat-abi=hard -nostartfiles -Wall -Wextra"
"Running Make include in ps7_cortexa9_0/libsrc/gpiops_v3_2/src"
make -C ps7_cortexa9_0/libsrc/gpiops_v3_2/src -s include  "SHELL=CMD" "COMPILER=arm-none-eabi-gcc" "ARCHIVER=arm-none-eabi-ar" "COMPILER_FLAGS=  -O2 -c" "EXTRA_COMPILER_FLAGS=-mcpu=cortex-a9 -mfpu=vfpv3 -mfloat-abi=hard -nostartfiles -Wall -Wextra"
"Running Make include in ps7_cortexa9_0/libsrc/qspips_v3_3/src"
make -C ps7_cortexa9_0/libsrc/qspips_v3_3/src -s include  "SHELL=CMD" "COMPILER=arm-none-eabi-gcc" "ARCHIVER=arm-none-eabi-ar" "COMPILER_FLAGS=  -O2 -c" "EXTRA_COMPILER_FLAGS=-mcpu=cortex-a9 -mfpu=vfpv3 -mfloat-abi=hard -nostartfiles -Wall -Wextra"
"Running Make include in ps7_cortexa9_0/libsrc/scugic_v3_6/src"
make -C ps7_cortexa9_0/libsrc/scugic_v3_6/src -s include  "SHELL=CMD" "COMPILER=arm-none-eabi-gcc" "ARCHIVER=arm-none-eabi-ar" "COMPILER_FLAGS=  -O2 -c" "EXTRA_COMPILER_FLAGS=-mcpu=cortex-a9 -mfpu=vfpv3 -mfloat-abi=hard -nostartfiles -Wall -Wextra"
"Running Make include in ps7_cortexa9_0/libsrc/scutimer_v2_1/src"
make -C ps7_cortexa9_0/libsrc/scutimer_v2_1/src -s include  "SHELL=CMD" "COMPILER=arm-none-eabi-gcc" "ARCHIVER=arm-none-eabi-ar" "COMPILER_FLAGS=  -O2 -c" "EXTRA_COMPILER_FLAGS=-mcpu=cortex-a9 -mfpu=vfpv3 -mfloat-abi=hard -nostartfiles -Wall -Wextra"
"Running Make include in ps7_cortexa9_0/libsrc/scuwdt_v2_1/src"
make -C ps7_cortexa9_0/libsrc/scuwdt_v2_1/src -s include  "SHELL=CMD" "COMPILER=arm-none-eabi-gcc" "ARCHIVER=arm-none-eabi-ar" "COMPILER_FLAGS=  -O2 -c" "EXTRA_COMPILER_FLAGS=-mcpu=cortex-a9 -mfpu=vfpv3 -mfloat-abi=hard -nostartfiles -Wall -Wextra"
"Running Make include in ps7_cortexa9_0/libsrc/sdps_v3_2/src"
make -C ps7_cortexa9_0/libsrc/sdps_v3_2/src -s include  "SHELL=CMD" "COMPILER=arm-none-eabi-gcc" "ARCHIVER=arm-none-eabi-ar" "COMPILER_FLAGS=  -O2 -c" "EXTRA_COMPILER_FLAGS=-mcpu=cortex-a9 -mfpu=vfpv3 -mfloat-abi=hard -nostartfiles -Wall -Wextra"
"Running Make include in ps7_cortexa9_0/libsrc/sha256_hasher_v1_0/src"
make -C ps7_cortexa9_0/libsrc/sha256_hasher_v1_0/src -s include  "SHELL=CMD" "COMPILER=arm-none-eabi-gcc" "ARCHIVER=arm-none-eabi-ar" "COMPILER_FLAGS=  -O2 -c" "EXTRA_COMPILER_FLAGS=-mcpu=cortex-a9 -mfpu=vfpv3 -mfloat-abi=hard -nostartfiles -Wall -Wextra"
"Running Make include in ps7_cortexa9_0/libsrc/standalone_v6_2/src"
make -C ps7_cortexa9_0/libsrc/standalone_v6_2/src -s include  "SHELL=CMD" "COMPILER=arm-none-eabi-gcc" "ARCHIVER=arm-none-eabi-ar" "COMPILER_FLAGS=  -O2 -c" "EXTRA_COMPILER_FLAGS=-mcpu=cortex-a9 -mfpu=vfpv3 -mfloat-abi=hard -nostartfiles -Wall -Wextra"
"Running Make include in ps7_cortexa9_0/libsrc/ttcps_v3_3/src"
make -C ps7_cortexa9_0/libsrc/ttcps_v3_3/src -s include  "SHELL=CMD" "COMPILER=arm-none-eabi-gcc" "ARCHIVER=arm-none-eabi-ar" "COMPILER_FLAGS=  -O2 -c" "EXTRA_COMPILER_FLAGS=-mcpu=cortex-a9 -mfpu=vfpv3 -mfloat-abi=hard -nostartfiles -Wall -Wextra"
"Running Make include in ps7_cortexa9_0/libsrc/uartps_v3_4/src"
make -C ps7_cortexa9_0/libsrc/uartps_v3_4/src -s include  "SHELL=CMD" "COMPILER=arm-none-eabi-gcc" "ARCHIVER=arm-none-eabi-ar" "COMPILER_FLAGS=  -O2 -c" "EXTRA_COMPILER_FLAGS=-mcpu=cortex-a9 -mfpu=vfpv3 -mfloat-abi=hard -nostartfiles -Wall -Wextra"
"Running Make include in ps7_cortexa9_0/libsrc/usbps_v2_4/src"
make -C ps7_cortexa9_0/libsrc/usbps_v2_4/src -s include  "SHELL=CMD" "COMPILER=arm-none-eabi-gcc" "ARCHIVER=arm-none-eabi-ar" "COMPILER_FLAGS=  -O2 -c" "EXTRA_COMPILER_FLAGS=-mcpu=cortex-a9 -mfpu=vfpv3 -mfloat-abi=hard -nostartfiles -Wall -Wextra"
"Running Make include in ps7_cortexa9_0/libsrc/xadcps_v2_2/src"
make -C ps7_cortexa9_0/libsrc/xadcps_v2_2/src -s include  "SHELL=CMD" "COMPILER=arm-none-eabi-gcc" "ARCHIVER=arm-none-eabi-ar" "COMPILER_FLAGS=  -O2 -c" "EXTRA_COMPILER_FLAGS=-mcpu=cortex-a9 -mfpu=vfpv3 -mfloat-abi=hard -nostartfiles -Wall -Wextra"
"Running Make libs in ps7_cortexa9_0/libsrc/coresightps_dcc_v1_4/src"
make -C ps7_cortexa9_0/libsrc/coresightps_dcc_v1_4/src -s libs  "SHELL=CMD" "COMPILER=arm-none-eabi-gcc" "ARCHIVER=arm-none-eabi-ar" "COMPILER_FLAGS=  -O2 -c" "EXTRA_COMPILER_FLAGS=-mcpu=cortex-a9 -mfpu=vfpv3 -mfloat-abi=hard -nostartfiles -Wall -Wextra"
"Compiling coresightps_dcc"
arm-none-eabi-ar: creating ../../../lib/libxil.a
"Running Make libs in ps7_cortexa9_0/libsrc/cpu_cortexa9_v2_4/src"
make -C ps7_cortexa9_0/libsrc/cpu_cortexa9_v2_4/src -s libs  "SHELL=CMD" "COMPILER=arm-none-eabi-gcc" "ARCHIVER=arm-none-eabi-ar" "COMPILER_FLAGS=  -O2 -c" "EXTRA_COMPILER_FLAGS=-mcpu=cortex-a9 -mfpu=vfpv3 -mfloat-abi=hard -nostartfiles -Wall -Wextra"
"Compiling cpu_cortexa9"
"Running Make libs in ps7_cortexa9_0/libsrc/ddrps_v1_0/src"
make -C ps7_cortexa9_0/libsrc/ddrps_v1_0/src -s libs  "SHELL=CMD" "COMPILER=arm-none-eabi-gcc" "ARCHIVER=arm-none-eabi-ar" "COMPILER_FLAGS=  -O2 -c" "EXTRA_COMPILER_FLAGS=-mcpu=cortex-a9 -mfpu=vfpv3 -mfloat-abi=hard -nostartfiles -Wall -Wextra"
"Compiling ddrps"
"Running Make libs in ps7_cortexa9_0/libsrc/devcfg_v3_4/src"
make -C ps7_cortexa9_0/libsrc/devcfg_v3_4/src -s libs  "SHELL=CMD" "COMPILER=arm-none-eabi-gcc" "ARCHIVER=arm-none-eabi-ar" "COMPILER_FLAGS=  -O2 -c" "EXTRA_COMPILER_FLAGS=-mcpu=cortex-a9 -mfpu=vfpv3 -mfloat-abi=hard -nostartfiles -Wall -Wextra"
"Compiling devcfg"
"Running Make libs in ps7_cortexa9_0/libsrc/dmaps_v2_3/src"
make -C ps7_cortexa9_0/libsrc/dmaps_v2_3/src -s libs  "SHELL=CMD" "COMPILER=arm-none-eabi-gcc" "ARCHIVER=arm-none-eabi-ar" "COMPILER_FLAGS=  -O2 -c" "EXTRA_COMPILER_FLAGS=-mcpu=cortex-a9 -mfpu=vfpv3 -mfloat-abi=hard -nostartfiles -Wall -Wextra"
"Compiling dmaps"
"Running Make libs in ps7_cortexa9_0/libsrc/emacps_v3_4/src"
make -C ps7_cortexa9_0/libsrc/emacps_v3_4/src -s libs  "SHELL=CMD" "COMPILER=arm-none-eabi-gcc" "ARCHIVER=arm-none-eabi-ar" "COMPILER_FLAGS=  -O2 -c" "EXTRA_COMPILER_FLAGS=-mcpu=cortex-a9 -mfpu=vfpv3 -mfloat-abi=hard -nostartfiles -Wall -Wextra"
"Compiling emacps"
"Running Make libs in ps7_cortexa9_0/libsrc/gpio_v4_3/src"
make -C ps7_cortexa9_0/libsrc/gpio_v4_3/src -s libs  "SHELL=CMD" "COMPILER=arm-none-eabi-gcc" "ARCHIVER=arm-none-eabi-ar" "COMPILER_FLAGS=  -O2 -c" "EXTRA_COMPILER_FLAGS=-mcpu=cortex-a9 -mfpu=vfpv3 -mfloat-abi=hard -nostartfiles -Wall -Wextra"
"Compiling gpio"
"Running Make libs in ps7_cortexa9_0/libsrc/gpiops_v3_2/src"
make -C ps7_cortexa9_0/libsrc/gpiops_v3_2/src -s libs  "SHELL=CMD" "COMPILER=arm-none-eabi-gcc" "ARCHIVER=arm-none-eabi-ar" "COMPILER_FLAGS=  -O2 -c" "EXTRA_COMPILER_FLAGS=-mcpu=cortex-a9 -mfpu=vfpv3 -mfloat-abi=hard -nostartfiles -Wall -Wextra"
"Compiling gpiops"
"Running Make libs in ps7_cortexa9_0/libsrc/qspips_v3_3/src"
make -C ps7_cortexa9_0/libsrc/qspips_v3_3/src -s libs  "SHELL=CMD" "COMPILER=arm-none-eabi-gcc" "ARCHIVER=arm-none-eabi-ar" "COMPILER_FLAGS=  -O2 -c" "EXTRA_COMPILER_FLAGS=-mcpu=cortex-a9 -mfpu=vfpv3 -mfloat-abi=hard -nostartfiles -Wall -Wextra"
"Compiling qspips"
"Running Make libs in ps7_cortexa9_0/libsrc/scugic_v3_6/src"
make -C ps7_cortexa9_0/libsrc/scugic_v3_6/src -s libs  "SHELL=CMD" "COMPILER=arm-none-eabi-gcc" "ARCHIVER=arm-none-eabi-ar" "COMPILER_FLAGS=  -O2 -c" "EXTRA_COMPILER_FLAGS=-mcpu=cortex-a9 -mfpu=vfpv3 -mfloat-abi=hard -nostartfiles -Wall -Wextra"
"Compiling scugic"
xscugic_g.c:53:2: warning: missing initializer for field 'HandlerTable' of 'XScuGic_Config {aka struct <anonymous>}' [-Wmissing-field-initializers]
  }
  ^
In file included from xscugic_g.c:41:0:
xscugic.h:217:27: note: 'HandlerTable' declared here
  XScuGic_VectorTableEntry HandlerTable[XSCUGIC_MAX_NUM_INTR_INPUTS];/**<
                           ^~~~~~~~~~~~
"Running Make libs in ps7_cortexa9_0/libsrc/scutimer_v2_1/src"
make -C ps7_cortexa9_0/libsrc/scutimer_v2_1/src -s libs  "SHELL=CMD" "COMPILER=arm-none-eabi-gcc" "ARCHIVER=arm-none-eabi-ar" "COMPILER_FLAGS=  -O2 -c" "EXTRA_COMPILER_FLAGS=-mcpu=cortex-a9 -mfpu=vfpv3 -mfloat-abi=hard -nostartfiles -Wall -Wextra"
"Compiling scutimer"
"Running Make libs in ps7_cortexa9_0/libsrc/scuwdt_v2_1/src"
make -C ps7_cortexa9_0/libsrc/scuwdt_v2_1/src -s libs  "SHELL=CMD" "COMPILER=arm-none-eabi-gcc" "ARCHIVER=arm-none-eabi-ar" "COMPILER_FLAGS=  -O2 -c" "EXTRA_COMPILER_FLAGS=-mcpu=cortex-a9 -mfpu=vfpv3 -mfloat-abi=hard -nostartfiles -Wall -Wextra"
"Compiling scuwdt"
"Running Make libs in ps7_cortexa9_0/libsrc/sdps_v3_2/src"
make -C ps7_cortexa9_0/libsrc/sdps_v3_2/src -s libs  "SHELL=CMD" "COMPILER=arm-none-eabi-gcc" "ARCHIVER=arm-none-eabi-ar" "COMPILER_FLAGS=  -O2 -c" "EXTRA_COMPILER_FLAGS=-mcpu=cortex-a9 -mfpu=vfpv3 -mfloat-abi=hard -nostartfiles -Wall -Wextra"
"Compiling sdps"
"Running Make libs in ps7_cortexa9_0/libsrc/sha256_hasher_v1_0/src"
make -C ps7_cortexa9_0/libsrc/sha256_hasher_v1_0/src -s libs  "SHELL=CMD" "COMPILER=arm-none-eabi-gcc" "ARCHIVER=arm-none-eabi-ar" "COMPILER_FLAGS=  -O2 -c" "EXTRA_COMPILER_FLAGS=-mcpu=cortex-a9 -mfpu=vfpv3 -mfloat-abi=hard -nostartfiles -Wall -Wextra"
"Compiling sha256_hasher..."
sha256_hasher_selftest.c: In function 'SHA256_HASHER_Reg_SelfTest':
sha256_hasher_selftest.c:52:62: warning: comparison between signed and unsigned integer expressions [-Wsign-compare]
    if ( SHA256_HASHER_mReadReg (baseaddr, read_loop_index*4) != (read_loop_index+1)*READ_WRITE_MUL_FACTOR){
                                                              ^~
sha256_hasher_selftest.c:36:6: warning: unused variable 'Index' [-Wunused-variable]
  int Index;
      ^~~~~
"Running Make libs in ps7_cortexa9_0/libsrc/standalone_v6_2/src"
make -C ps7_cortexa9_0/libsrc/standalone_v6_2/src -s libs  "SHELL=CMD" "COMPILER=arm-none-eabi-gcc" "ARCHIVER=arm-none-eabi-ar" "COMPILER_FLAGS=  -O2 -c" "EXTRA_COMPILER_FLAGS=-mcpu=cortex-a9 -mfpu=vfpv3 -mfloat-abi=hard -nostartfiles -Wall -Wextra"
"Compiling standalone"
"Running Make libs in ps7_cortexa9_0/libsrc/ttcps_v3_3/src"
make -C ps7_cortexa9_0/libsrc/ttcps_v3_3/src -s libs  "SHELL=CMD" "COMPILER=arm-none-eabi-gcc" "ARCHIVER=arm-none-eabi-ar" "COMPILER_FLAGS=  -O2 -c" "EXTRA_COMPILER_FLAGS=-mcpu=cortex-a9 -mfpu=vfpv3 -mfloat-abi=hard -nostartfiles -Wall -Wextra"
"Compiling ttcps"
"Running Make libs in ps7_cortexa9_0/libsrc/uartps_v3_4/src"
make -C ps7_cortexa9_0/libsrc/uartps_v3_4/src -s libs  "SHELL=CMD" "COMPILER=arm-none-eabi-gcc" "ARCHIVER=arm-none-eabi-ar" "COMPILER_FLAGS=  -O2 -c" "EXTRA_COMPILER_FLAGS=-mcpu=cortex-a9 -mfpu=vfpv3 -mfloat-abi=hard -nostartfiles -Wall -Wextra"
"Compiling uartps"
"Running Make libs in ps7_cortexa9_0/libsrc/usbps_v2_4/src"
make -C ps7_cortexa9_0/libsrc/usbps_v2_4/src -s libs  "SHELL=CMD" "COMPILER=arm-none-eabi-gcc" "ARCHIVER=arm-none-eabi-ar" "COMPILER_FLAGS=  -O2 -c" "EXTRA_COMPILER_FLAGS=-mcpu=cortex-a9 -mfpu=vfpv3 -mfloat-abi=hard -nostartfiles -Wall -Wextra"
"Compiling usbps"
"Running Make libs in ps7_cortexa9_0/libsrc/xadcps_v2_2/src"
make -C ps7_cortexa9_0/libsrc/xadcps_v2_2/src -s libs  "SHELL=CMD" "COMPILER=arm-none-eabi-gcc" "ARCHIVER=arm-none-eabi-ar" "COMPILER_FLAGS=  -O2 -c" "EXTRA_COMPILER_FLAGS=-mcpu=cortex-a9 -mfpu=vfpv3 -mfloat-abi=hard -nostartfiles -Wall -Wextra"
"Compiling xadcps"
'Finished building libraries'
17:51:46 **** Build of configuration Debug for project sha_test ****
make pre-build main-build 
a9-linaro-pre-build-step
' '
'Building file: ../src/helloworld.c'
'Invoking: ARM v7 gcc compiler'
arm-none-eabi-gcc -Wall -O0 -g3 -c -fmessage-length=0 -MT"src/helloworld.o" -mcpu=cortex-a9 -mfpu=vfpv3 -mfloat-abi=hard -I../../sha_test_bsp/ps7_cortexa9_0/include -MMD -MP -MF"src/helloworld.d" -MT"src/helloworld.o" -o "src/helloworld.o" "../src/helloworld.c"
../src/helloworld.c: In function 'main':
../src/helloworld.c:260:11: warning: suggest parentheses around comparison in operand of '&' [-Wparentheses]
    if(*sw & 0x11 == 0)
           ^
../src/helloworld.c:265:16: warning: suggest parentheses around comparison in operand of '&' [-Wparentheses]
    else if(*sw & 0x11 == 1)
                ^
../src/helloworld.c:270:16: warning: suggest parentheses around comparison in operand of '&' [-Wparentheses]
    else if(*sw & 0x11 == 2)
                ^
../src/helloworld.c:277:11: warning: suggest parentheses around comparison in operand of '&' [-Wparentheses]
    if(*sw & 0x11 == 0)
           ^
../src/helloworld.c:282:16: warning: suggest parentheses around comparison in operand of '&' [-Wparentheses]
    else if(*sw & 0x11 == 1)
                ^
../src/helloworld.c:287:16: warning: suggest parentheses around comparison in operand of '&' [-Wparentheses]
    else if(*sw & 0x11 == 2)
                ^
'Finished building: ../src/helloworld.c'
' '
'Building file: ../src/platform.c'
'Invoking: ARM v7 gcc compiler'
arm-none-eabi-gcc -Wall -O0 -g3 -c -fmessage-length=0 -MT"src/platform.o" -mcpu=cortex-a9 -mfpu=vfpv3 -mfloat-abi=hard -I../../sha_test_bsp/ps7_cortexa9_0/include -MMD -MP -MF"src/platform.d" -MT"src/platform.o" -o "src/platform.o" "../src/platform.c"
'Finished building: ../src/platform.c'
' '
'Building file: ../src/sha256.c'
'Invoking: ARM v7 gcc compiler'
arm-none-eabi-gcc -Wall -O0 -g3 -c -fmessage-length=0 -MT"src/sha256.o" -mcpu=cortex-a9 -mfpu=vfpv3 -mfloat-abi=hard -I../../sha_test_bsp/ps7_cortexa9_0/include -MMD -MP -MF"src/sha256.d" -MT"src/sha256.o" -o "src/sha256.o" "../src/sha256.c"
../src/sha256.c: In function 'sha256_final':
../src/sha256.c:131:3: warning: implicit declaration of function 'memset' [-Wimplicit-function-declaration]
   memset(ctx->data, 0, 56);
   ^~~~~~
../src/sha256.c:131:3: warning: incompatible implicit declaration of built-in function 'memset'
../src/sha256.c:131:3: note: include '<string.h>' or provide a declaration of 'memset'
'Finished building: ../src/sha256.c'
' '
'Building target: sha_test.elf'
'Invoking: ARM v7 gcc linker'
arm-none-eabi-gcc -mcpu=cortex-a9 -mfpu=vfpv3 -mfloat-abi=hard -Wl,-build-id=none -specs=Xilinx.spec -Wl,-T -Wl,../src/lscript.ld -L../../sha_test_bsp/ps7_cortexa9_0/lib -o "sha_test.elf"  ./src/helloworld.o ./src/platform.o ./src/sha256.o   -Wl,--start-group,-lxil,-lgcc,-lc,--end-group
'Finished building target: sha_test.elf'
' '
'Invoking: ARM v7 Print Size'
arm-none-eabi-size sha_test.elf  |tee "sha_test.elf.size"
   text	   data	    bss	    dec	    hex	filename
  29288	   1148	  22584	  53020	   cf1c	sha_test.elf
'Finished building: sha_test.elf.size'
' '
17:52:12 **** Incremental Build of configuration Debug for project sha_test ****
make pre-build main-build 
a9-linaro-pre-build-step
' '
make: Nothing to be done for `main-build'.
17:52:24 **** Incremental Build of configuration Debug for project sha_test ****
make pre-build main-build 
a9-linaro-pre-build-step
' '
make: Nothing to be done for `main-build'.
17:53:53 **** Incremental Build of configuration Debug for project sha_test ****
make pre-build main-build 
a9-linaro-pre-build-step
' '
'Building file: ../src/helloworld.c'
'Invoking: ARM v7 gcc compiler'
arm-none-eabi-gcc -Wall -O0 -g3 -c -fmessage-length=0 -MT"src/helloworld.o" -mcpu=cortex-a9 -mfpu=vfpv3 -mfloat-abi=hard -I../../sha_test_bsp/ps7_cortexa9_0/include -MMD -MP -MF"src/helloworld.d" -MT"src/helloworld.o" -o "src/helloworld.o" "../src/helloworld.c"
../src/helloworld.c: In function 'main':
../src/helloworld.c:260:11: warning: suggest parentheses around comparison in operand of '&' [-Wparentheses]
    if(*sw & 0x3 == 0)
           ^
../src/helloworld.c:265:16: warning: suggest parentheses around comparison in operand of '&' [-Wparentheses]
    else if(*sw & 0x3 == 1)
                ^
../src/helloworld.c:270:16: warning: suggest parentheses around comparison in operand of '&' [-Wparentheses]
    else if(*sw & 0x3 == 2)
                ^
../src/helloworld.c:277:11: warning: suggest parentheses around comparison in operand of '&' [-Wparentheses]
    if(*sw & 0x3 == 0)
           ^
../src/helloworld.c:282:16: warning: suggest parentheses around comparison in operand of '&' [-Wparentheses]
    else if(*sw & 0x3 == 1)
                ^
../src/helloworld.c:287:16: warning: suggest parentheses around comparison in operand of '&' [-Wparentheses]
    else if(*sw & 0x3 == 2)
                ^
'Finished building: ../src/helloworld.c'
' '
'Building target: sha_test.elf'
'Invoking: ARM v7 gcc linker'
arm-none-eabi-gcc -mcpu=cortex-a9 -mfpu=vfpv3 -mfloat-abi=hard -Wl,-build-id=none -specs=Xilinx.spec -Wl,-T -Wl,../src/lscript.ld -L../../sha_test_bsp/ps7_cortexa9_0/lib -o "sha_test.elf"  ./src/helloworld.o ./src/platform.o ./src/sha256.o   -Wl,--start-group,-lxil,-lgcc,-lc,--end-group
'Finished building target: sha_test.elf'
' '
'Invoking: ARM v7 Print Size'
arm-none-eabi-size sha_test.elf  |tee "sha_test.elf.size"
   text	   data	    bss	    dec	    hex	filename
  29288	   1148	  22584	  53020	   cf1c	sha_test.elf
'Finished building: sha_test.elf.size'
' '
17:54:37 **** Incremental Build of configuration Debug for project sha_test ****
make pre-build main-build 
a9-linaro-pre-build-step
' '
'Building file: ../src/helloworld.c'
'Invoking: ARM v7 gcc compiler'
arm-none-eabi-gcc -Wall -O0 -g3 -c -fmessage-length=0 -MT"src/helloworld.o" -mcpu=cortex-a9 -mfpu=vfpv3 -mfloat-abi=hard -I../../sha_test_bsp/ps7_cortexa9_0/include -MMD -MP -MF"src/helloworld.d" -MT"src/helloworld.o" -o "src/helloworld.o" "../src/helloworld.c"
'Finished building: ../src/helloworld.c'
' '
'Building target: sha_test.elf'
'Invoking: ARM v7 gcc linker'
arm-none-eabi-gcc -mcpu=cortex-a9 -mfpu=vfpv3 -mfloat-abi=hard -Wl,-build-id=none -specs=Xilinx.spec -Wl,-T -Wl,../src/lscript.ld -L../../sha_test_bsp/ps7_cortexa9_0/lib -o "sha_test.elf"  ./src/helloworld.o ./src/platform.o ./src/sha256.o   -Wl,--start-group,-lxil,-lgcc,-lc,--end-group
'Finished building target: sha_test.elf'
' '
'Invoking: ARM v7 Print Size'
arm-none-eabi-size sha_test.elf  |tee "sha_test.elf.size"
   text	   data	    bss	    dec	    hex	filename
  29480	   1148	  22584	  53212	   cfdc	sha_test.elf
'Finished building: sha_test.elf.size'
' '
17:59:28 **** Incremental Build of configuration Debug for project sha_test ****
make pre-build main-build 
a9-linaro-pre-build-step
' '
'Building file: ../src/helloworld.c'
'Invoking: ARM v7 gcc compiler'
arm-none-eabi-gcc -Wall -O0 -g3 -c -fmessage-length=0 -MT"src/helloworld.o" -mcpu=cortex-a9 -mfpu=vfpv3 -mfloat-abi=hard -I../../sha_test_bsp/ps7_cortexa9_0/include -MMD -MP -MF"src/helloworld.d" -MT"src/helloworld.o" -o "src/helloworld.o" "../src/helloworld.c"
'Finished building: ../src/helloworld.c'
' '
'Building target: sha_test.elf'
'Invoking: ARM v7 gcc linker'
arm-none-eabi-gcc -mcpu=cortex-a9 -mfpu=vfpv3 -mfloat-abi=hard -Wl,-build-id=none -specs=Xilinx.spec -Wl,-T -Wl,../src/lscript.ld -L../../sha_test_bsp/ps7_cortexa9_0/lib -o "sha_test.elf"  ./src/helloworld.o ./src/platform.o ./src/sha256.o   -Wl,--start-group,-lxil,-lgcc,-lc,--end-group
'Finished building target: sha_test.elf'
' '
'Invoking: ARM v7 Print Size'
arm-none-eabi-size sha_test.elf  |tee "sha_test.elf.size"
   text	   data	    bss	    dec	    hex	filename
  30216	   1148	  22584	  53948	   d2bc	sha_test.elf
'Finished building: sha_test.elf.size'
' '
18:01:03 **** Incremental Build of configuration Debug for project sha_test ****
make pre-build main-build 
a9-linaro-pre-build-step
' '
'Building file: ../src/helloworld.c'
'Invoking: ARM v7 gcc compiler'
arm-none-eabi-gcc -Wall -O0 -g3 -c -fmessage-length=0 -MT"src/helloworld.o" -mcpu=cortex-a9 -mfpu=vfpv3 -mfloat-abi=hard -I../../sha_test_bsp/ps7_cortexa9_0/include -MMD -MP -MF"src/helloworld.d" -MT"src/helloworld.o" -o "src/helloworld.o" "../src/helloworld.c"
'Finished building: ../src/helloworld.c'
' '
'Building target: sha_test.elf'
'Invoking: ARM v7 gcc linker'
arm-none-eabi-gcc -mcpu=cortex-a9 -mfpu=vfpv3 -mfloat-abi=hard -Wl,-build-id=none -specs=Xilinx.spec -Wl,-T -Wl,../src/lscript.ld -L../../sha_test_bsp/ps7_cortexa9_0/lib -o "sha_test.elf"  ./src/helloworld.o ./src/platform.o ./src/sha256.o   -Wl,--start-group,-lxil,-lgcc,-lc,--end-group
'Finished building target: sha_test.elf'
' '
'Invoking: ARM v7 Print Size'
arm-none-eabi-size sha_test.elf  |tee "sha_test.elf.size"
   text	   data	    bss	    dec	    hex	filename
  30216	   1148	  22584	  53948	   d2bc	sha_test.elf
'Finished building: sha_test.elf.size'
' '
18:04:54 **** Incremental Build of configuration Debug for project sha_test ****
make pre-build main-build 
a9-linaro-pre-build-step
' '
'Building file: ../src/helloworld.c'
'Invoking: ARM v7 gcc compiler'
arm-none-eabi-gcc -Wall -O0 -g3 -c -fmessage-length=0 -MT"src/helloworld.o" -mcpu=cortex-a9 -mfpu=vfpv3 -mfloat-abi=hard -I../../sha_test_bsp/ps7_cortexa9_0/include -MMD -MP -MF"src/helloworld.d" -MT"src/helloworld.o" -o "src/helloworld.o" "../src/helloworld.c"
../src/helloworld.c: In function 'sha256_benchmark_hw':
../src/helloworld.c:136:15: warning: passing argument 1 of 'write_input' makes integer from pointer without a cast [-Wint-conversion]
   write_input(abc, SIZE);
               ^~~
../src/helloworld.c:73:6: note: expected 'uint32_t {aka long unsigned int}' but argument is of type 'uint32_t * {aka long unsigned int *}'
 void write_input(uint32_t ip_num, uint32_t* data, uint32_t length)
      ^~~~~~~~~~~
../src/helloworld.c:124:14: warning: passing argument 2 of 'write_input' makes pointer from integer without a cast [-Wint-conversion]
 #define SIZE 16
              ^
../src/helloworld.c:136:20: note: in expansion of macro 'SIZE'
   write_input(abc, SIZE);
                    ^~~~
../src/helloworld.c:73:6: note: expected 'uint32_t * {aka long unsigned int *}' but argument is of type 'int'
 void write_input(uint32_t ip_num, uint32_t* data, uint32_t length)
      ^~~~~~~~~~~
../src/helloworld.c:136:3: error: too few arguments to function 'write_input'
   write_input(abc, SIZE);
   ^~~~~~~~~~~
../src/helloworld.c:73:6: note: declared here
 void write_input(uint32_t ip_num, uint32_t* data, uint32_t length)
      ^~~~~~~~~~~
../src/helloworld.c: In function 'sha256_demo_hw':
../src/helloworld.c:195:14: warning: passing argument 1 of 'write_input' makes integer from pointer without a cast [-Wint-conversion]
  write_input(abc, SIZE);
              ^~~
../src/helloworld.c:73:6: note: expected 'uint32_t {aka long unsigned int}' but argument is of type 'uint32_t * {aka long unsigned int *}'
 void write_input(uint32_t ip_num, uint32_t* data, uint32_t length)
      ^~~~~~~~~~~
../src/helloworld.c:181:14: warning: passing argument 2 of 'write_input' makes pointer from integer without a cast [-Wint-conversion]
 #define SIZE 16
              ^
../src/helloworld.c:195:19: note: in expansion of macro 'SIZE'
  write_input(abc, SIZE);
                   ^~~~
../src/helloworld.c:73:6: note: expected 'uint32_t * {aka long unsigned int *}' but argument is of type 'int'
 void write_input(uint32_t ip_num, uint32_t* data, uint32_t length)
      ^~~~~~~~~~~
../src/helloworld.c:195:2: error: too few arguments to function 'write_input'
  write_input(abc, SIZE);
  ^~~~~~~~~~~
../src/helloworld.c:73:6: note: declared here
 void write_input(uint32_t ip_num, uint32_t* data, uint32_t length)
      ^~~~~~~~~~~
../src/helloworld.c: In function 'sha256_demo_opt_hw':
../src/helloworld.c:261:15: warning: passing argument 1 of 'write_input' makes integer from pointer without a cast [-Wint-conversion]
   write_input(abc, SIZE);
               ^~~
../src/helloworld.c:73:6: note: expected 'uint32_t {aka long unsigned int}' but argument is of type 'uint32_t * {aka long unsigned int *}'
 void write_input(uint32_t ip_num, uint32_t* data, uint32_t length)
      ^~~~~~~~~~~
../src/helloworld.c:247:15: warning: passing argument 2 of 'write_input' makes pointer from integer without a cast [-Wint-conversion]
  #define SIZE 16
               ^
../src/helloworld.c:261:20: note: in expansion of macro 'SIZE'
   write_input(abc, SIZE);
                    ^~~~
../src/helloworld.c:73:6: note: expected 'uint32_t * {aka long unsigned int *}' but argument is of type 'int'
 void write_input(uint32_t ip_num, uint32_t* data, uint32_t length)
      ^~~~~~~~~~~
../src/helloworld.c:261:3: error: too few arguments to function 'write_input'
   write_input(abc, SIZE);
   ^~~~~~~~~~~
../src/helloworld.c:73:6: note: declared here
 void write_input(uint32_t ip_num, uint32_t* data, uint32_t length)
      ^~~~~~~~~~~
../src/helloworld.c: In function 'sha256_benchmark_opt_hw':
../src/helloworld.c:307:16: warning: passing argument 1 of 'write_input' makes integer from pointer without a cast [-Wint-conversion]
    write_input(abc, SIZE);
                ^~~
../src/helloworld.c:73:6: note: expected 'uint32_t {aka long unsigned int}' but argument is of type 'uint32_t * {aka long unsigned int *}'
 void write_input(uint32_t ip_num, uint32_t* data, uint32_t length)
      ^~~~~~~~~~~
../src/helloworld.c:293:16: warning: passing argument 2 of 'write_input' makes pointer from integer without a cast [-Wint-conversion]
   #define SIZE 16
                ^
../src/helloworld.c:307:21: note: in expansion of macro 'SIZE'
    write_input(abc, SIZE);
                     ^~~~
../src/helloworld.c:73:6: note: expected 'uint32_t * {aka long unsigned int *}' but argument is of type 'int'
 void write_input(uint32_t ip_num, uint32_t* data, uint32_t length)
      ^~~~~~~~~~~
../src/helloworld.c:307:4: error: too few arguments to function 'write_input'
    write_input(abc, SIZE);
    ^~~~~~~~~~~
../src/helloworld.c:73:6: note: declared here
 void write_input(uint32_t ip_num, uint32_t* data, uint32_t length)
      ^~~~~~~~~~~
make: *** [src/helloworld.o] Error 1
18:05:34 **** Incremental Build of configuration Debug for project sha_test ****
make pre-build main-build 
a9-linaro-pre-build-step
' '
'Building file: ../src/helloworld.c'
'Invoking: ARM v7 gcc compiler'
arm-none-eabi-gcc -Wall -O0 -g3 -c -fmessage-length=0 -MT"src/helloworld.o" -mcpu=cortex-a9 -mfpu=vfpv3 -mfloat-abi=hard -I../../sha_test_bsp/ps7_cortexa9_0/include -MMD -MP -MF"src/helloworld.d" -MT"src/helloworld.o" -o "src/helloworld.o" "../src/helloworld.c"
'Finished building: ../src/helloworld.c'
' '
'Building target: sha_test.elf'
'Invoking: ARM v7 gcc linker'
arm-none-eabi-gcc -mcpu=cortex-a9 -mfpu=vfpv3 -mfloat-abi=hard -Wl,-build-id=none -specs=Xilinx.spec -Wl,-T -Wl,../src/lscript.ld -L../../sha_test_bsp/ps7_cortexa9_0/lib -o "sha_test.elf"  ./src/helloworld.o ./src/platform.o ./src/sha256.o   -Wl,--start-group,-lxil,-lgcc,-lc,--end-group
'Finished building target: sha_test.elf'
' '
'Invoking: ARM v7 Print Size'
arm-none-eabi-size sha_test.elf  |tee "sha_test.elf.size"
   text	   data	    bss	    dec	    hex	filename
  30280	   1148	  22584	  54012	   d2fc	sha_test.elf
'Finished building: sha_test.elf.size'
' '
18:06:28 **** Incremental Build of configuration Debug for project sha_test ****
make pre-build main-build 
a9-linaro-pre-build-step
' '
'Building file: ../src/helloworld.c'
'Invoking: ARM v7 gcc compiler'
arm-none-eabi-gcc -Wall -O0 -g3 -c -fmessage-length=0 -MT"src/helloworld.o" -mcpu=cortex-a9 -mfpu=vfpv3 -mfloat-abi=hard -I../../sha_test_bsp/ps7_cortexa9_0/include -MMD -MP -MF"src/helloworld.d" -MT"src/helloworld.o" -o "src/helloworld.o" "../src/helloworld.c"
../src/helloworld.c: In function 'sha256_benchmark_hw':
../src/helloworld.c:149:15: warning: passing argument 1 of 'read_sha256' makes integer from pointer without a cast [-Wint-conversion]
   read_sha256(h);
               ^
../src/helloworld.c:93:6: note: expected 'uint32_t {aka long unsigned int}' but argument is of type 'uint32_t * {aka long unsigned int *}'
 void read_sha256(uint32_t ip_num, uint32_t* data)
      ^~~~~~~~~~~
../src/helloworld.c:149:3: error: too few arguments to function 'read_sha256'
   read_sha256(h);
   ^~~~~~~~~~~
../src/helloworld.c:93:6: note: declared here
 void read_sha256(uint32_t ip_num, uint32_t* data)
      ^~~~~~~~~~~
../src/helloworld.c: In function 'sha256_demo_hw':
../src/helloworld.c:208:14: warning: passing argument 1 of 'read_sha256' makes integer from pointer without a cast [-Wint-conversion]
  read_sha256(h);
              ^
../src/helloworld.c:93:6: note: expected 'uint32_t {aka long unsigned int}' but argument is of type 'uint32_t * {aka long unsigned int *}'
 void read_sha256(uint32_t ip_num, uint32_t* data)
      ^~~~~~~~~~~
../src/helloworld.c:208:2: error: too few arguments to function 'read_sha256'
  read_sha256(h);
  ^~~~~~~~~~~
../src/helloworld.c:93:6: note: declared here
 void read_sha256(uint32_t ip_num, uint32_t* data)
      ^~~~~~~~~~~
../src/helloworld.c: In function 'sha256_demo_opt_hw':
../src/helloworld.c:274:15: warning: passing argument 1 of 'read_sha256' makes integer from pointer without a cast [-Wint-conversion]
   read_sha256(h);
               ^
../src/helloworld.c:93:6: note: expected 'uint32_t {aka long unsigned int}' but argument is of type 'uint32_t * {aka long unsigned int *}'
 void read_sha256(uint32_t ip_num, uint32_t* data)
      ^~~~~~~~~~~
../src/helloworld.c:274:3: error: too few arguments to function 'read_sha256'
   read_sha256(h);
   ^~~~~~~~~~~
../src/helloworld.c:93:6: note: declared here
 void read_sha256(uint32_t ip_num, uint32_t* data)
      ^~~~~~~~~~~
../src/helloworld.c: In function 'sha256_benchmark_opt_hw':
../src/helloworld.c:320:16: warning: passing argument 1 of 'read_sha256' makes integer from pointer without a cast [-Wint-conversion]
    read_sha256(h);
                ^
../src/helloworld.c:93:6: note: expected 'uint32_t {aka long unsigned int}' but argument is of type 'uint32_t * {aka long unsigned int *}'
 void read_sha256(uint32_t ip_num, uint32_t* data)
      ^~~~~~~~~~~
../src/helloworld.c:320:4: error: too few arguments to function 'read_sha256'
    read_sha256(h);
    ^~~~~~~~~~~
../src/helloworld.c:93:6: note: declared here
 void read_sha256(uint32_t ip_num, uint32_t* data)
      ^~~~~~~~~~~
make: *** [src/helloworld.o] Error 1
18:07:04 **** Incremental Build of configuration Debug for project sha_test ****
make pre-build main-build 
a9-linaro-pre-build-step
' '
'Building file: ../src/helloworld.c'
'Invoking: ARM v7 gcc compiler'
arm-none-eabi-gcc -Wall -O0 -g3 -c -fmessage-length=0 -MT"src/helloworld.o" -mcpu=cortex-a9 -mfpu=vfpv3 -mfloat-abi=hard -I../../sha_test_bsp/ps7_cortexa9_0/include -MMD -MP -MF"src/helloworld.d" -MT"src/helloworld.o" -o "src/helloworld.o" "../src/helloworld.c"
../src/helloworld.c: In function 'sha256_demo_hw':
../src/helloworld.c:208:14: warning: passing argument 1 of 'read_sha256' makes integer from pointer without a cast [-Wint-conversion]
  read_sha256(h);
              ^
../src/helloworld.c:93:6: note: expected 'uint32_t {aka long unsigned int}' but argument is of type 'uint32_t * {aka long unsigned int *}'
 void read_sha256(uint32_t ip_num, uint32_t* data)
      ^~~~~~~~~~~
../src/helloworld.c:208:2: error: too few arguments to function 'read_sha256'
  read_sha256(h);
  ^~~~~~~~~~~
../src/helloworld.c:93:6: note: declared here
 void read_sha256(uint32_t ip_num, uint32_t* data)
      ^~~~~~~~~~~
make: *** [src/helloworld.o] Error 1
18:07:12 **** Incremental Build of configuration Debug for project sha_test ****
make pre-build main-build 
a9-linaro-pre-build-step
' '
'Building file: ../src/helloworld.c'
'Invoking: ARM v7 gcc compiler'
arm-none-eabi-gcc -Wall -O0 -g3 -c -fmessage-length=0 -MT"src/helloworld.o" -mcpu=cortex-a9 -mfpu=vfpv3 -mfloat-abi=hard -I../../sha_test_bsp/ps7_cortexa9_0/include -MMD -MP -MF"src/helloworld.d" -MT"src/helloworld.o" -o "src/helloworld.o" "../src/helloworld.c"
'Finished building: ../src/helloworld.c'
' '
'Building target: sha_test.elf'
'Invoking: ARM v7 gcc linker'
arm-none-eabi-gcc -mcpu=cortex-a9 -mfpu=vfpv3 -mfloat-abi=hard -Wl,-build-id=none -specs=Xilinx.spec -Wl,-T -Wl,../src/lscript.ld -L../../sha_test_bsp/ps7_cortexa9_0/lib -o "sha_test.elf"  ./src/helloworld.o ./src/platform.o ./src/sha256.o   -Wl,--start-group,-lxil,-lgcc,-lc,--end-group
'Finished building target: sha_test.elf'
' '
'Invoking: ARM v7 Print Size'
arm-none-eabi-size sha_test.elf  |tee "sha_test.elf.size"
   text	   data	    bss	    dec	    hex	filename
  30280	   1148	  22584	  54012	   d2fc	sha_test.elf
'Finished building: sha_test.elf.size'
' '
18:07:57 **** Incremental Build of configuration Debug for project sha_test ****
make pre-build main-build 
a9-linaro-pre-build-step
' '
'Building file: ../src/helloworld.c'
'Invoking: ARM v7 gcc compiler'
arm-none-eabi-gcc -Wall -O0 -g3 -c -fmessage-length=0 -MT"src/helloworld.o" -mcpu=cortex-a9 -mfpu=vfpv3 -mfloat-abi=hard -I../../sha_test_bsp/ps7_cortexa9_0/include -MMD -MP -MF"src/helloworld.d" -MT"src/helloworld.o" -o "src/helloworld.o" "../src/helloworld.c"
'Finished building: ../src/helloworld.c'
' '
'Building target: sha_test.elf'
'Invoking: ARM v7 gcc linker'
arm-none-eabi-gcc -mcpu=cortex-a9 -mfpu=vfpv3 -mfloat-abi=hard -Wl,-build-id=none -specs=Xilinx.spec -Wl,-T -Wl,../src/lscript.ld -L../../sha_test_bsp/ps7_cortexa9_0/lib -o "sha_test.elf"  ./src/helloworld.o ./src/platform.o ./src/sha256.o   -Wl,--start-group,-lxil,-lgcc,-lc,--end-group
'Finished building target: sha_test.elf'
' '
'Invoking: ARM v7 Print Size'
arm-none-eabi-size sha_test.elf  |tee "sha_test.elf.size"
   text	   data	    bss	    dec	    hex	filename
  30280	   1148	  22584	  54012	   d2fc	sha_test.elf
'Finished building: sha_test.elf.size'
' '
