18:07:57 **** Incremental Build of configuration Debug for project sha_test ****
make pre-build main-build 
a9-linaro-pre-build-step
' '
'Building file: ../src/helloworld.c'
'Invoking: ARM v7 gcc compiler'
arm-none-eabi-gcc -Wall -O0 -g3 -c -fmessage-length=0 -MT"src/helloworld.o" -mcpu=cortex-a9 -mfpu=vfpv3 -mfloat-abi=hard -I../../sha_test_bsp/ps7_cortexa9_0/include -MMD -MP -MF"src/helloworld.d" -MT"src/helloworld.o" -o "src/helloworld.o" "../src/helloworld.c"
'Finished building: ../src/helloworld.c'
' '
'Building target: sha_test.elf'
'Invoking: ARM v7 gcc linker'
arm-none-eabi-gcc -mcpu=cortex-a9 -mfpu=vfpv3 -mfloat-abi=hard -Wl,-build-id=none -specs=Xilinx.spec -Wl,-T -Wl,../src/lscript.ld -L../../sha_test_bsp/ps7_cortexa9_0/lib -o "sha_test.elf"  ./src/helloworld.o ./src/platform.o ./src/sha256.o   -Wl,--start-group,-lxil,-lgcc,-lc,--end-group
'Finished building target: sha_test.elf'
' '
'Invoking: ARM v7 Print Size'
arm-none-eabi-size sha_test.elf  |tee "sha_test.elf.size"
   text	   data	    bss	    dec	    hex	filename
  30280	   1148	  22584	  54012	   d2fc	sha_test.elf
'Finished building: sha_test.elf.size'
' '

18:07:58 Build Finished (took 1s.108ms)

