13:02:16 **** Incremental Build of configuration Debug for project p8_PID_control ****
make pre-build main-build 
a9-linaro-pre-build-step
' '
'Building file: ../src/main.c'
'Invoking: ARM v7 gcc compiler'
arm-none-eabi-gcc -Wall -O0 -g3 -c -fmessage-length=0 -MT"src/main.o" -mcpu=cortex-a9 -mfpu=vfpv3 -mfloat-abi=hard -I../../p3_UART0_bsp/ps7_cortexa9_0/include -MMD -MP -MF"src/main.d" -MT"src/main.o" -o "src/main.o" "../src/main.c"
../src/main.c: In function 'compute_pid':
../src/main.c:106:17: error: request for member 'setpoint' in something not a structure or union
  float err = pid->setpoint - pid->sensor;
                 ^~
../src/main.c:106:33: error: request for member 'sensor' in something not a structure or union
  float err = pid->setpoint - pid->sensor;
                                 ^~
../src/main.c:108:5: error: request for member 'acc_error' in something not a structure or union
  pid->acc_error += err;
     ^~
../src/main.c:110:5: error: request for member 'pid_correction' in something not a structure or union
  pid->pid_correction = pid->kp * err + pid->ki * pid->acc_error + pid->kd * (err - pid->prev_error);
     ^~
../src/main.c:110:27: error: request for member 'kp' in something not a structure or union
  pid->pid_correction = pid->kp * err + pid->ki * pid->acc_error + pid->kd * (err - pid->prev_error);
                           ^~
../src/main.c:110:43: error: request for member 'ki' in something not a structure or union
  pid->pid_correction = pid->kp * err + pid->ki * pid->acc_error + pid->kd * (err - pid->prev_error);
                                           ^~
../src/main.c:110:53: error: request for member 'acc_error' in something not a structure or union
  pid->pid_correction = pid->kp * err + pid->ki * pid->acc_error + pid->kd * (err - pid->prev_error);
                                                     ^~
../src/main.c:110:70: error: request for member 'kd' in something not a structure or union
  pid->pid_correction = pid->kp * err + pid->ki * pid->acc_error + pid->kd * (err - pid->prev_error);
                                                                      ^~
../src/main.c:110:87: error: request for member 'prev_error' in something not a structure or union
  pid->pid_correction = pid->kp * err + pid->ki * pid->acc_error + pid->kd * (err - pid->prev_error);
                                                                                       ^~
../src/main.c:112:5: error: request for member 'prev_error' in something not a structure or union
  pid->prev_error = err;
     ^~
../src/main.c: In function 'init_pid':
../src/main.c:117:5: error: request for member 'acc_error' in something not a structure or union
  pid->acc_error = 0;
     ^~
../src/main.c:118:5: error: request for member 'prev_error' in something not a structure or union
  pid->prev_error = 0;
     ^~
../src/main.c:119:5: error: request for member 'setpoint' in something not a structure or union
  pid->setpoint = 0;
     ^~
../src/main.c:121:5: error: request for member 'kp' in something not a structure or union
  pid->kp = kp;
     ^~
../src/main.c:122:5: error: request for member 'ki' in something not a structure or union
  pid->ki = ki;
     ^~
../src/main.c:123:5: error: request for member 'kd' in something not a structure or union
  pid->kd = kd;
     ^~
../src/main.c: In function 'bt_init':
../src/main.c:205:5: warning: implicit declaration of function 'dump_config' [-Wimplicit-function-declaration]
     dump_config(inst);
     ^~~~~~~~~~~
../src/main.c: At top level:
../src/main.c:215:6: warning: conflicting types for 'dump_config'
 void dump_config(XUartPs* inst)
      ^~~~~~~~~~~
../src/main.c:205:5: note: previous implicit declaration of 'dump_config' was here
     dump_config(inst);
     ^~~~~~~~~~~
../src/main.c: In function 'quad_arm':
../src/main.c:394:5: warning: unused variable 'in' [-Wunused-variable]
  u8 in[msgLength];
     ^~
../src/main.c: In function 'main':
../src/main.c:544:19: warning: unused variable 'gyrOr' [-Wunused-variable]
     orientation_t gyrOr = {0, 0};
                   ^~~~~
make: *** [src/main.o] Error 1
13:02:35 **** Incremental Build of configuration Debug for project p8_PID_control ****
make pre-build main-build 
a9-linaro-pre-build-step
' '
'Building file: ../src/main.c'
'Invoking: ARM v7 gcc compiler'
arm-none-eabi-gcc -Wall -O0 -g3 -c -fmessage-length=0 -MT"src/main.o" -mcpu=cortex-a9 -mfpu=vfpv3 -mfloat-abi=hard -I../../p3_UART0_bsp/ps7_cortexa9_0/include -MMD -MP -MF"src/main.d" -MT"src/main.o" -o "src/main.o" "../src/main.c"
../src/main.c: In function 'bt_init':
../src/main.c:205:5: warning: implicit declaration of function 'dump_config' [-Wimplicit-function-declaration]
     dump_config(inst);
     ^~~~~~~~~~~
../src/main.c: At top level:
../src/main.c:215:6: warning: conflicting types for 'dump_config'
 void dump_config(XUartPs* inst)
      ^~~~~~~~~~~
../src/main.c:205:5: note: previous implicit declaration of 'dump_config' was here
     dump_config(inst);
     ^~~~~~~~~~~
../src/main.c: In function 'quad_arm':
../src/main.c:394:5: warning: unused variable 'in' [-Wunused-variable]
  u8 in[msgLength];
     ^~
../src/main.c: In function 'main':
../src/main.c:544:19: warning: unused variable 'gyrOr' [-Wunused-variable]
     orientation_t gyrOr = {0, 0};
                   ^~~~~
'Finished building: ../src/main.c'
' '
'Building file: ../src/platform.c'
'Invoking: ARM v7 gcc compiler'
arm-none-eabi-gcc -Wall -O0 -g3 -c -fmessage-length=0 -MT"src/platform.o" -mcpu=cortex-a9 -mfpu=vfpv3 -mfloat-abi=hard -I../../p3_UART0_bsp/ps7_cortexa9_0/include -MMD -MP -MF"src/platform.d" -MT"src/platform.o" -o "src/platform.o" "../src/platform.c"
'Finished building: ../src/platform.c'
' '
'Building target: p8_PID_control.elf'
'Invoking: ARM v7 gcc linker'
arm-none-eabi-gcc -mcpu=cortex-a9 -mfpu=vfpv3 -mfloat-abi=hard -Wl,-build-id=none -specs=Xilinx.spec -Wl,-T -Wl,../src/lscript.ld -L../../p3_UART0_bsp/ps7_cortexa9_0/lib -o "p8_PID_control.elf"  ./src/main.o ./src/platform.o   -lm -Wl,--start-group,-lxil,-lgcc,-lc,--end-group
'Finished building target: p8_PID_control.elf'
' '
'Invoking: ARM v7 Print Size'
arm-none-eabi-size p8_PID_control.elf  |tee "p8_PID_control.elf.size"
   text	   data	    bss	    dec	    hex	filename
  37496	   1188	  22584	  61268	   ef54	p8_PID_control.elf
'Finished building: p8_PID_control.elf.size'
' '
13:05:10 **** Incremental Build of configuration Debug for project p8_PID_control ****
make pre-build main-build 
a9-linaro-pre-build-step
' '
make: Nothing to be done for `main-build'.
13:15:49 **** Incremental Build of configuration Debug for project p8_PID_control ****
make pre-build main-build 
a9-linaro-pre-build-step
' '
'Building file: ../src/main.c'
'Invoking: ARM v7 gcc compiler'
arm-none-eabi-gcc -Wall -O0 -g3 -c -fmessage-length=0 -MT"src/main.o" -mcpu=cortex-a9 -mfpu=vfpv3 -mfloat-abi=hard -I../../p3_UART0_bsp/ps7_cortexa9_0/include -MMD -MP -MF"src/main.d" -MT"src/main.o" -o "src/main.o" "../src/main.c"
../src/main.c: In function 'bt_init':
../src/main.c:205:5: warning: implicit declaration of function 'dump_config' [-Wimplicit-function-declaration]
     dump_config(inst);
     ^~~~~~~~~~~
../src/main.c: At top level:
../src/main.c:215:6: warning: conflicting types for 'dump_config'
 void dump_config(XUartPs* inst)
      ^~~~~~~~~~~
../src/main.c:205:5: note: previous implicit declaration of 'dump_config' was here
     dump_config(inst);
     ^~~~~~~~~~~
../src/main.c: In function 'quad_arm':
../src/main.c:394:5: warning: unused variable 'in' [-Wunused-variable]
  u8 in[msgLength];
     ^~
../src/main.c: At top level:
../src/main.c:502:1: warning: return type defaults to 'int' [-Wimplicit-int]
 quad_setYaw(XUartPs* inst, uint16_t yaw)
 ^~~~~~~~~~~
../src/main.c: In function 'main':
../src/main.c:602:5: warning: implicit declaration of function 'pid_init' [-Wimplicit-function-declaration]
     pid_init(&pid);
     ^~~~~~~~
../src/main.c:611:10: error: invalid type argument of '->' (have 'pid_wtf_t {aka struct _pid_wtf_t}')
       pid->setpoint = 0;
          ^~
../src/main.c:612:10: error: invalid type argument of '->' (have 'pid_wtf_t {aka struct _pid_wtf_t}')
       pid->sensor = get_yaw();
          ^~
../src/main.c:615:50: error: invalid type argument of '->' (have 'pid_wtf_t {aka struct _pid_wtf_t}')
       quad_setYaw(&uartInst, (uint16_t)(yaw + pid->pid_correction));
                                                  ^~
make: *** [src/main.o] Error 1
13:16:07 **** Incremental Build of configuration Debug for project p8_PID_control ****
make pre-build main-build 
a9-linaro-pre-build-step
' '
'Building file: ../src/main.c'
'Invoking: ARM v7 gcc compiler'
arm-none-eabi-gcc -Wall -O0 -g3 -c -fmessage-length=0 -MT"src/main.o" -mcpu=cortex-a9 -mfpu=vfpv3 -mfloat-abi=hard -I../../p3_UART0_bsp/ps7_cortexa9_0/include -MMD -MP -MF"src/main.d" -MT"src/main.o" -o "src/main.o" "../src/main.c"
../src/main.c: In function 'bt_init':
../src/main.c:205:5: warning: implicit declaration of function 'dump_config' [-Wimplicit-function-declaration]
     dump_config(inst);
     ^~~~~~~~~~~
../src/main.c: At top level:
../src/main.c:215:6: warning: conflicting types for 'dump_config'
 void dump_config(XUartPs* inst)
      ^~~~~~~~~~~
../src/main.c:205:5: note: previous implicit declaration of 'dump_config' was here
     dump_config(inst);
     ^~~~~~~~~~~
../src/main.c: In function 'quad_arm':
../src/main.c:394:5: warning: unused variable 'in' [-Wunused-variable]
  u8 in[msgLength];
     ^~
../src/main.c: At top level:
../src/main.c:502:1: warning: return type defaults to 'int' [-Wimplicit-int]
 quad_setYaw(XUartPs* inst, uint16_t yaw)
 ^~~~~~~~~~~
../src/main.c: In function 'main':
../src/main.c:602:5: warning: implicit declaration of function 'pid_init' [-Wimplicit-function-declaration]
     pid_init(&pid);
     ^~~~~~~~
'Finished building: ../src/main.c'
' '
'Building target: p8_PID_control.elf'
'Invoking: ARM v7 gcc linker'
arm-none-eabi-gcc -mcpu=cortex-a9 -mfpu=vfpv3 -mfloat-abi=hard -Wl,-build-id=none -specs=Xilinx.spec -Wl,-T -Wl,../src/lscript.ld -L../../p3_UART0_bsp/ps7_cortexa9_0/lib -o "p8_PID_control.elf"  ./src/main.o ./src/platform.o   -lm -Wl,--start-group,-lxil,-lgcc,-lc,--end-group
./src/main.o: In function `main':
C:\Cpre488\MP-4\MP-4.sdk\p8_PID_control\Debug/../src/main.c:602: undefined reference to `pid_init'
C:\Cpre488\MP-4\MP-4.sdk\p8_PID_control\Debug/../src/main.c:619: undefined reference to `pid_init'
collect2.exe: error: ld returned 1 exit status
make: *** [p8_PID_control.elf] Error 1
13:16:21 **** Incremental Build of configuration Debug for project p8_PID_control ****
make pre-build main-build 
a9-linaro-pre-build-step
' '
'Building file: ../src/main.c'
'Invoking: ARM v7 gcc compiler'
arm-none-eabi-gcc -Wall -O0 -g3 -c -fmessage-length=0 -MT"src/main.o" -mcpu=cortex-a9 -mfpu=vfpv3 -mfloat-abi=hard -I../../p3_UART0_bsp/ps7_cortexa9_0/include -MMD -MP -MF"src/main.d" -MT"src/main.o" -o "src/main.o" "../src/main.c"
../src/main.c: In function 'bt_init':
../src/main.c:205:5: warning: implicit declaration of function 'dump_config' [-Wimplicit-function-declaration]
     dump_config(inst);
     ^~~~~~~~~~~
../src/main.c: At top level:
../src/main.c:215:6: warning: conflicting types for 'dump_config'
 void dump_config(XUartPs* inst)
      ^~~~~~~~~~~
../src/main.c:205:5: note: previous implicit declaration of 'dump_config' was here
     dump_config(inst);
     ^~~~~~~~~~~
../src/main.c: In function 'quad_arm':
../src/main.c:394:5: warning: unused variable 'in' [-Wunused-variable]
  u8 in[msgLength];
     ^~
../src/main.c: At top level:
../src/main.c:502:1: warning: return type defaults to 'int' [-Wimplicit-int]
 quad_setYaw(XUartPs* inst, uint16_t yaw)
 ^~~~~~~~~~~
../src/main.c: In function 'main':
../src/main.c:602:5: error: too few arguments to function 'init_pid'
     init_pid(&pid);
     ^~~~~~~~
../src/main.c:115:6: note: declared here
 void init_pid(pid_wtf_t* pid, float kp, float ki, float kd)
      ^~~~~~~~
../src/main.c:619:7: warning: implicit declaration of function 'pid_init' [-Wimplicit-function-declaration]
       pid_init(&pid);
       ^~~~~~~~
make: *** [src/main.o] Error 1
13:16:47 **** Incremental Build of configuration Debug for project p8_PID_control ****
make pre-build main-build 
a9-linaro-pre-build-step
' '
'Building file: ../src/main.c'
'Invoking: ARM v7 gcc compiler'
arm-none-eabi-gcc -Wall -O0 -g3 -c -fmessage-length=0 -MT"src/main.o" -mcpu=cortex-a9 -mfpu=vfpv3 -mfloat-abi=hard -I../../p3_UART0_bsp/ps7_cortexa9_0/include -MMD -MP -MF"src/main.d" -MT"src/main.o" -o "src/main.o" "../src/main.c"
../src/main.c: In function 'bt_init':
../src/main.c:205:5: warning: implicit declaration of function 'dump_config' [-Wimplicit-function-declaration]
     dump_config(inst);
     ^~~~~~~~~~~
../src/main.c: At top level:
../src/main.c:215:6: warning: conflicting types for 'dump_config'
 void dump_config(XUartPs* inst)
      ^~~~~~~~~~~
../src/main.c:205:5: note: previous implicit declaration of 'dump_config' was here
     dump_config(inst);
     ^~~~~~~~~~~
../src/main.c: In function 'quad_arm':
../src/main.c:394:5: warning: unused variable 'in' [-Wunused-variable]
  u8 in[msgLength];
     ^~
../src/main.c: At top level:
../src/main.c:502:1: warning: return type defaults to 'int' [-Wimplicit-int]
 quad_setYaw(XUartPs* inst, uint16_t yaw)
 ^~~~~~~~~~~
../src/main.c: In function 'main':
../src/main.c:619:7: warning: implicit declaration of function 'pid_init' [-Wimplicit-function-declaration]
       pid_init(&pid);
       ^~~~~~~~
'Finished building: ../src/main.c'
' '
'Building target: p8_PID_control.elf'
'Invoking: ARM v7 gcc linker'
arm-none-eabi-gcc -mcpu=cortex-a9 -mfpu=vfpv3 -mfloat-abi=hard -Wl,-build-id=none -specs=Xilinx.spec -Wl,-T -Wl,../src/lscript.ld -L../../p3_UART0_bsp/ps7_cortexa9_0/lib -o "p8_PID_control.elf"  ./src/main.o ./src/platform.o   -lm -Wl,--start-group,-lxil,-lgcc,-lc,--end-group
./src/main.o: In function `main':
C:\Cpre488\MP-4\MP-4.sdk\p8_PID_control\Debug/../src/main.c:619: undefined reference to `pid_init'
collect2.exe: error: ld returned 1 exit status
make: *** [p8_PID_control.elf] Error 1
13:17:27 **** Incremental Build of configuration Debug for project p8_PID_control ****
make pre-build main-build 
a9-linaro-pre-build-step
' '
'Building file: ../src/main.c'
'Invoking: ARM v7 gcc compiler'
arm-none-eabi-gcc -Wall -O0 -g3 -c -fmessage-length=0 -MT"src/main.o" -mcpu=cortex-a9 -mfpu=vfpv3 -mfloat-abi=hard -I../../p3_UART0_bsp/ps7_cortexa9_0/include -MMD -MP -MF"src/main.d" -MT"src/main.o" -o "src/main.o" "../src/main.c"
../src/main.c: In function 'bt_init':
../src/main.c:205:5: warning: implicit declaration of function 'dump_config' [-Wimplicit-function-declaration]
     dump_config(inst);
     ^~~~~~~~~~~
../src/main.c: At top level:
../src/main.c:215:6: warning: conflicting types for 'dump_config'
 void dump_config(XUartPs* inst)
      ^~~~~~~~~~~
../src/main.c:205:5: note: previous implicit declaration of 'dump_config' was here
     dump_config(inst);
     ^~~~~~~~~~~
../src/main.c: In function 'quad_arm':
../src/main.c:394:5: warning: unused variable 'in' [-Wunused-variable]
  u8 in[msgLength];
     ^~
../src/main.c: At top level:
../src/main.c:502:1: warning: return type defaults to 'int' [-Wimplicit-int]
 quad_setYaw(XUartPs* inst, uint16_t yaw)
 ^~~~~~~~~~~
'Finished building: ../src/main.c'
' '
'Building target: p8_PID_control.elf'
'Invoking: ARM v7 gcc linker'
arm-none-eabi-gcc -mcpu=cortex-a9 -mfpu=vfpv3 -mfloat-abi=hard -Wl,-build-id=none -specs=Xilinx.spec -Wl,-T -Wl,../src/lscript.ld -L../../p3_UART0_bsp/ps7_cortexa9_0/lib -o "p8_PID_control.elf"  ./src/main.o ./src/platform.o   -lm -Wl,--start-group,-lxil,-lgcc,-lc,--end-group
'Finished building target: p8_PID_control.elf'
' '
'Invoking: ARM v7 Print Size'
arm-none-eabi-size p8_PID_control.elf  |tee "p8_PID_control.elf.size"
   text	   data	    bss	    dec	    hex	filename
  38184	   1188	  22584	  61956	   f204	p8_PID_control.elf
'Finished building: p8_PID_control.elf.size'
' '
09:20:59 **** Build of project p3_UART0_bsp ****
make -k all 
'\\MY.FILES.IASTATE.EDU\Users\njknuth\Desktop\MP-4\Cpre488\MP-4\MP-4.sdk\p3_UART0_bsp'
"Running Make include in ps7_cortexa9_0/libsrc/bram_v4_1/src"
CMD.EXE was started with the above path as the current directory.
make -C ps7_cortexa9_0/libsrc/bram_v4_1/src -s include  "SHELL=CMD" "COMPILER=arm-none-eabi-gcc" "ARCHIVER=arm-none-eabi-ar" "COMPILER_FLAGS=  -O2 -c" "EXTRA_COMPILER_FLAGS=-mcpu=cortex-a9 -mfpu=vfpv3 -mfloat-abi=hard -nostartfiles -Wall -Wextra"
UNC paths are not supported.  Defaulting to Windows directory.
'\\MY.FILES.IASTATE.EDU\Users\njknuth\Desktop\MP-4\Cpre488\MP-4\MP-4.sdk\p3_UART0_bsp'
CMD.EXE was started with the above path as the current directory.
UNC paths are not supported.  Defaulting to Windows directory.
make: *** ps7_cortexa9_0/libsrc/bram_v4_1/src: No such file or directory.  Stop.
make: *** [ps7_cortexa9_0/libsrc/bram_v4_1/src/make.include] Error 2
'\\MY.FILES.IASTATE.EDU\Users\njknuth\Desktop\MP-4\Cpre488\MP-4\MP-4.sdk\p3_UART0_bsp'
CMD.EXE was started with the above path as the current directory.
"Running Make include in ps7_cortexa9_0/libsrc/coresightps_dcc_v1_4/src"
UNC paths are not supported.  Defaulting to Windows directory.
make -C ps7_cortexa9_0/libsrc/coresightps_dcc_v1_4/src -s include  "SHELL=CMD" "COMPILER=arm-none-eabi-gcc" "ARCHIVER=arm-none-eabi-ar" "COMPILER_FLAGS=  -O2 -c" "EXTRA_COMPILER_FLAGS=-mcpu=cortex-a9 -mfpu=vfpv3 -mfloat-abi=hard -nostartfiles -Wall -Wextra"
'\\MY.FILES.IASTATE.EDU\Users\njknuth\Desktop\MP-4\Cpre488\MP-4\MP-4.sdk\p3_UART0_bsp'
CMD.EXE was started with the above path as the current directory.
UNC paths are not supported.  Defaulting to Windows directory.
make: *** ps7_cortexa9_0/libsrc/coresightps_dcc_v1_4/src: No such file or directory.  Stop.
make: *** [ps7_cortexa9_0/libsrc/coresightps_dcc_v1_4/src/make.include] Error 2
'\\MY.FILES.IASTATE.EDU\Users\njknuth\Desktop\MP-4\Cpre488\MP-4\MP-4.sdk\p3_UART0_bsp'
"Running Make include in ps7_cortexa9_0/libsrc/cpu_cortexa9_v2_4/src"
CMD.EXE was started with the above path as the current directory.
make -C ps7_cortexa9_0/libsrc/cpu_cortexa9_v2_4/src -s include  "SHELL=CMD" "COMPILER=arm-none-eabi-gcc" "ARCHIVER=arm-none-eabi-ar" "COMPILER_FLAGS=  -O2 -c" "EXTRA_COMPILER_FLAGS=-mcpu=cortex-a9 -mfpu=vfpv3 -mfloat-abi=hard -nostartfiles -Wall -Wextra"
UNC paths are not supported.  Defaulting to Windows directory.
'\\MY.FILES.IASTATE.EDU\Users\njknuth\Desktop\MP-4\Cpre488\MP-4\MP-4.sdk\p3_UART0_bsp'
CMD.EXE was started with the above path as the current directory.
UNC paths are not supported.  Defaulting to Windows directory.
make: *** ps7_cortexa9_0/libsrc/cpu_cortexa9_v2_4/src: No such file or directory.  Stop.
make: *** [ps7_cortexa9_0/libsrc/cpu_cortexa9_v2_4/src/make.include] Error 2
'\\MY.FILES.IASTATE.EDU\Users\njknuth\Desktop\MP-4\Cpre488\MP-4\MP-4.sdk\p3_UART0_bsp'
"Running Make include in ps7_cortexa9_0/libsrc/ddrps_v1_0/src"
CMD.EXE was started with the above path as the current directory.
UNC paths are not supported.  Defaulting to Windows directory.
make -C ps7_cortexa9_0/libsrc/ddrps_v1_0/src -s include  "SHELL=CMD" "COMPILER=arm-none-eabi-gcc" "ARCHIVER=arm-none-eabi-ar" "COMPILER_FLAGS=  -O2 -c" "EXTRA_COMPILER_FLAGS=-mcpu=cortex-a9 -mfpu=vfpv3 -mfloat-abi=hard -nostartfiles -Wall -Wextra"
'\\MY.FILES.IASTATE.EDU\Users\njknuth\Desktop\MP-4\Cpre488\MP-4\MP-4.sdk\p3_UART0_bsp'
CMD.EXE was started with the above path as the current directory.
UNC paths are not supported.  Defaulting to Windows directory.
make: *** ps7_cortexa9_0/libsrc/ddrps_v1_0/src: No such file or directory.  Stop.
make: *** [ps7_cortexa9_0/libsrc/ddrps_v1_0/src/make.include] Error 2
'\\MY.FILES.IASTATE.EDU\Users\njknuth\Desktop\MP-4\Cpre488\MP-4\MP-4.sdk\p3_UART0_bsp'
"Running Make include in ps7_cortexa9_0/libsrc/devcfg_v3_4/src"
CMD.EXE was started with the above path as the current directory.
make -C ps7_cortexa9_0/libsrc/devcfg_v3_4/src -s include  "SHELL=CMD" "COMPILER=arm-none-eabi-gcc" "ARCHIVER=arm-none-eabi-ar" "COMPILER_FLAGS=  -O2 -c" "EXTRA_COMPILER_FLAGS=-mcpu=cortex-a9 -mfpu=vfpv3 -mfloat-abi=hard -nostartfiles -Wall -Wextra"
UNC paths are not supported.  Defaulting to Windows directory.
'\\MY.FILES.IASTATE.EDU\Users\njknuth\Desktop\MP-4\Cpre488\MP-4\MP-4.sdk\p3_UART0_bsp'
CMD.EXE was started with the above path as the current directory.
UNC paths are not supported.  Defaulting to Windows directory.
make: *** ps7_cortexa9_0/libsrc/devcfg_v3_4/src: No such file or directory.  Stop.
make: *** [ps7_cortexa9_0/libsrc/devcfg_v3_4/src/make.include] Error 2
'\\MY.FILES.IASTATE.EDU\Users\njknuth\Desktop\MP-4\Cpre488\MP-4\MP-4.sdk\p3_UART0_bsp'
CMD.EXE was started with the above path as the current directory.
UNC paths are not supported.  Defaulting to Windows directory.
"Running Make include in ps7_cortexa9_0/libsrc/dmaps_v2_3/src"
make -C ps7_cortexa9_0/libsrc/dmaps_v2_3/src -s include  "SHELL=CMD" "COMPILER=arm-none-eabi-gcc" "ARCHIVER=arm-none-eabi-ar" "COMPILER_FLAGS=  -O2 -c" "EXTRA_COMPILER_FLAGS=-mcpu=cortex-a9 -mfpu=vfpv3 -mfloat-abi=hard -nostartfiles -Wall -Wextra"
'\\MY.FILES.IASTATE.EDU\Users\njknuth\Desktop\MP-4\Cpre488\MP-4\MP-4.sdk\p3_UART0_bsp'
CMD.EXE was started with the above path as the current directory.
UNC paths are not supported.  Defaulting to Windows directory.
make: *** ps7_cortexa9_0/libsrc/dmaps_v2_3/src: No such file or directory.  Stop.
make: *** [ps7_cortexa9_0/libsrc/dmaps_v2_3/src/make.include] Error 2
'\\MY.FILES.IASTATE.EDU\Users\njknuth\Desktop\MP-4\Cpre488\MP-4\MP-4.sdk\p3_UART0_bsp'
CMD.EXE was started with the above path as the current directory.
"Running Make include in ps7_cortexa9_0/libsrc/emacps_v3_4/src"
UNC paths are not supported.  Defaulting to Windows directory.
make -C ps7_cortexa9_0/libsrc/emacps_v3_4/src -s include  "SHELL=CMD" "COMPILER=arm-none-eabi-gcc" "ARCHIVER=arm-none-eabi-ar" "COMPILER_FLAGS=  -O2 -c" "EXTRA_COMPILER_FLAGS=-mcpu=cortex-a9 -mfpu=vfpv3 -mfloat-abi=hard -nostartfiles -Wall -Wextra"
'\\MY.FILES.IASTATE.EDU\Users\njknuth\Desktop\MP-4\Cpre488\MP-4\MP-4.sdk\p3_UART0_bsp'
CMD.EXE was started with the above path as the current directory.
UNC paths are not supported.  Defaulting to Windows directory.
make: *** ps7_cortexa9_0/libsrc/emacps_v3_4/src: No such file or directory.  Stop.
make: *** [ps7_cortexa9_0/libsrc/emacps_v3_4/src/make.include] Error 2
'\\MY.FILES.IASTATE.EDU\Users\njknuth\Desktop\MP-4\Cpre488\MP-4\MP-4.sdk\p3_UART0_bsp'
CMD.EXE was started with the above path as the current directory.
UNC paths are not supported.  Defaulting to Windows directory.
"Running Make include in ps7_cortexa9_0/libsrc/gpio_v4_3/src"
make -C ps7_cortexa9_0/libsrc/gpio_v4_3/src -s include  "SHELL=CMD" "COMPILER=arm-none-eabi-gcc" "ARCHIVER=arm-none-eabi-ar" "COMPILER_FLAGS=  -O2 -c" "EXTRA_COMPILER_FLAGS=-mcpu=cortex-a9 -mfpu=vfpv3 -mfloat-abi=hard -nostartfiles -Wall -Wextra"
'\\MY.FILES.IASTATE.EDU\Users\njknuth\Desktop\MP-4\Cpre488\MP-4\MP-4.sdk\p3_UART0_bsp'
CMD.EXE was started with the above path as the current directory.
UNC paths are not supported.  Defaulting to Windows directory.
make: *** ps7_cortexa9_0/libsrc/gpio_v4_3/src: No such file or directory.  Stop.
make: *** [ps7_cortexa9_0/libsrc/gpio_v4_3/src/make.include] Error 2
'\\MY.FILES.IASTATE.EDU\Users\njknuth\Desktop\MP-4\Cpre488\MP-4\MP-4.sdk\p3_UART0_bsp'
"Running Make include in ps7_cortexa9_0/libsrc/gpiops_v3_2/src"
CMD.EXE was started with the above path as the current directory.
UNC paths are not supported.  Defaulting to Windows directory.
make -C ps7_cortexa9_0/libsrc/gpiops_v3_2/src -s include  "SHELL=CMD" "COMPILER=arm-none-eabi-gcc" "ARCHIVER=arm-none-eabi-ar" "COMPILER_FLAGS=  -O2 -c" "EXTRA_COMPILER_FLAGS=-mcpu=cortex-a9 -mfpu=vfpv3 -mfloat-abi=hard -nostartfiles -Wall -Wextra"
'\\MY.FILES.IASTATE.EDU\Users\njknuth\Desktop\MP-4\Cpre488\MP-4\MP-4.sdk\p3_UART0_bsp'
CMD.EXE was started with the above path as the current directory.
UNC paths are not supported.  Defaulting to Windows directory.
make: *** ps7_cortexa9_0/libsrc/gpiops_v3_2/src: No such file or directory.  Stop.
make: *** [ps7_cortexa9_0/libsrc/gpiops_v3_2/src/make.include] Error 2
'\\MY.FILES.IASTATE.EDU\Users\njknuth\Desktop\MP-4\Cpre488\MP-4\MP-4.sdk\p3_UART0_bsp'
"Running Make include in ps7_cortexa9_0/libsrc/qspips_v3_3/src"
CMD.EXE was started with the above path as the current directory.
UNC paths are not supported.  Defaulting to Windows directory.
make -C ps7_cortexa9_0/libsrc/qspips_v3_3/src -s include  "SHELL=CMD" "COMPILER=arm-none-eabi-gcc" "ARCHIVER=arm-none-eabi-ar" "COMPILER_FLAGS=  -O2 -c" "EXTRA_COMPILER_FLAGS=-mcpu=cortex-a9 -mfpu=vfpv3 -mfloat-abi=hard -nostartfiles -Wall -Wextra"
'\\MY.FILES.IASTATE.EDU\Users\njknuth\Desktop\MP-4\Cpre488\MP-4\MP-4.sdk\p3_UART0_bsp'
CMD.EXE was started with the above path as the current directory.
UNC paths are not supported.  Defaulting to Windows directory.
make: *** ps7_cortexa9_0/libsrc/qspips_v3_3/src: No such file or directory.  Stop.
make: *** [ps7_cortexa9_0/libsrc/qspips_v3_3/src/make.include] Error 2
'\\MY.FILES.IASTATE.EDU\Users\njknuth\Desktop\MP-4\Cpre488\MP-4\MP-4.sdk\p3_UART0_bsp'
"Running Make include in ps7_cortexa9_0/libsrc/scugic_v3_6/src"
CMD.EXE was started with the above path as the current directory.
make -C ps7_cortexa9_0/libsrc/scugic_v3_6/src -s include  "SHELL=CMD" "COMPILER=arm-none-eabi-gcc" "ARCHIVER=arm-none-eabi-ar" "COMPILER_FLAGS=  -O2 -c" "EXTRA_COMPILER_FLAGS=-mcpu=cortex-a9 -mfpu=vfpv3 -mfloat-abi=hard -nostartfiles -Wall -Wextra"
UNC paths are not supported.  Defaulting to Windows directory.
'\\MY.FILES.IASTATE.EDU\Users\njknuth\Desktop\MP-4\Cpre488\MP-4\MP-4.sdk\p3_UART0_bsp'
CMD.EXE was started with the above path as the current directory.
UNC paths are not supported.  Defaulting to Windows directory.
make: *** ps7_cortexa9_0/libsrc/scugic_v3_6/src: No such file or directory.  Stop.
make: *** [ps7_cortexa9_0/libsrc/scugic_v3_6/src/make.include] Error 2
'\\MY.FILES.IASTATE.EDU\Users\njknuth\Desktop\MP-4\Cpre488\MP-4\MP-4.sdk\p3_UART0_bsp'
"Running Make include in ps7_cortexa9_0/libsrc/scutimer_v2_1/src"
CMD.EXE was started with the above path as the current directory.
make -C ps7_cortexa9_0/libsrc/scutimer_v2_1/src -s include  "SHELL=CMD" "COMPILER=arm-none-eabi-gcc" "ARCHIVER=arm-none-eabi-ar" "COMPILER_FLAGS=  -O2 -c" "EXTRA_COMPILER_FLAGS=-mcpu=cortex-a9 -mfpu=vfpv3 -mfloat-abi=hard -nostartfiles -Wall -Wextra"
UNC paths are not supported.  Defaulting to Windows directory.
'\\MY.FILES.IASTATE.EDU\Users\njknuth\Desktop\MP-4\Cpre488\MP-4\MP-4.sdk\p3_UART0_bsp'
CMD.EXE was started with the above path as the current directory.
UNC paths are not supported.  Defaulting to Windows directory.
make: *** ps7_cortexa9_0/libsrc/scutimer_v2_1/src: No such file or directory.  Stop.
make: *** [ps7_cortexa9_0/libsrc/scutimer_v2_1/src/make.include] Error 2
'\\MY.FILES.IASTATE.EDU\Users\njknuth\Desktop\MP-4\Cpre488\MP-4\MP-4.sdk\p3_UART0_bsp'
"Running Make include in ps7_cortexa9_0/libsrc/scuwdt_v2_1/src"
CMD.EXE was started with the above path as the current directory.
make -C ps7_cortexa9_0/libsrc/scuwdt_v2_1/src -s include  "SHELL=CMD" "COMPILER=arm-none-eabi-gcc" "ARCHIVER=arm-none-eabi-ar" "COMPILER_FLAGS=  -O2 -c" "EXTRA_COMPILER_FLAGS=-mcpu=cortex-a9 -mfpu=vfpv3 -mfloat-abi=hard -nostartfiles -Wall -Wextra"
UNC paths are not supported.  Defaulting to Windows directory.
'\\MY.FILES.IASTATE.EDU\Users\njknuth\Desktop\MP-4\Cpre488\MP-4\MP-4.sdk\p3_UART0_bsp'
CMD.EXE was started with the above path as the current directory.
UNC paths are not supported.  Defaulting to Windows directory.
make: *** ps7_cortexa9_0/libsrc/scuwdt_v2_1/src: No such file or directory.  Stop.
make: *** [ps7_cortexa9_0/libsrc/scuwdt_v2_1/src/make.include] Error 2
'\\MY.FILES.IASTATE.EDU\Users\njknuth\Desktop\MP-4\Cpre488\MP-4\MP-4.sdk\p3_UART0_bsp'
"Running Make include in ps7_cortexa9_0/libsrc/sdps_v3_2/src"
CMD.EXE was started with the above path as the current directory.
UNC paths are not supported.  Defaulting to Windows directory.
make -C ps7_cortexa9_0/libsrc/sdps_v3_2/src -s include  "SHELL=CMD" "COMPILER=arm-none-eabi-gcc" "ARCHIVER=arm-none-eabi-ar" "COMPILER_FLAGS=  -O2 -c" "EXTRA_COMPILER_FLAGS=-mcpu=cortex-a9 -mfpu=vfpv3 -mfloat-abi=hard -nostartfiles -Wall -Wextra"
'\\MY.FILES.IASTATE.EDU\Users\njknuth\Desktop\MP-4\Cpre488\MP-4\MP-4.sdk\p3_UART0_bsp'
CMD.EXE was started with the above path as the current directory.
UNC paths are not supported.  Defaulting to Windows directory.
make: *** ps7_cortexa9_0/libsrc/sdps_v3_2/src: No such file or directory.  Stop.
make: *** [ps7_cortexa9_0/libsrc/sdps_v3_2/src/make.include] Error 2
'\\MY.FILES.IASTATE.EDU\Users\njknuth\Desktop\MP-4\Cpre488\MP-4\MP-4.sdk\p3_UART0_bsp'
"Running Make include in ps7_cortexa9_0/libsrc/standalone_v6_2/src"
CMD.EXE was started with the above path as the current directory.
make -C ps7_cortexa9_0/libsrc/standalone_v6_2/src -s include  "SHELL=CMD" "COMPILER=arm-none-eabi-gcc" "ARCHIVER=arm-none-eabi-ar" "COMPILER_FLAGS=  -O2 -c" "EXTRA_COMPILER_FLAGS=-mcpu=cortex-a9 -mfpu=vfpv3 -mfloat-abi=hard -nostartfiles -Wall -Wextra"
UNC paths are not supported.  Defaulting to Windows directory.
'\\MY.FILES.IASTATE.EDU\Users\njknuth\Desktop\MP-4\Cpre488\MP-4\MP-4.sdk\p3_UART0_bsp'
CMD.EXE was started with the above path as the current directory.
UNC paths are not supported.  Defaulting to Windows directory.
make: *** ps7_cortexa9_0/libsrc/standalone_v6_2/src: No such file or directory.  Stop.
make: *** [ps7_cortexa9_0/libsrc/standalone_v6_2/src/make.include] Error 2
'\\MY.FILES.IASTATE.EDU\Users\njknuth\Desktop\MP-4\Cpre488\MP-4\MP-4.sdk\p3_UART0_bsp'
"Running Make include in ps7_cortexa9_0/libsrc/ttcps_v3_3/src"
CMD.EXE was started with the above path as the current directory.
UNC paths are not supported.  Defaulting to Windows directory.
make -C ps7_cortexa9_0/libsrc/ttcps_v3_3/src -s include  "SHELL=CMD" "COMPILER=arm-none-eabi-gcc" "ARCHIVER=arm-none-eabi-ar" "COMPILER_FLAGS=  -O2 -c" "EXTRA_COMPILER_FLAGS=-mcpu=cortex-a9 -mfpu=vfpv3 -mfloat-abi=hard -nostartfiles -Wall -Wextra"
'\\MY.FILES.IASTATE.EDU\Users\njknuth\Desktop\MP-4\Cpre488\MP-4\MP-4.sdk\p3_UART0_bsp'
CMD.EXE was started with the above path as the current directory.
UNC paths are not supported.  Defaulting to Windows directory.
make: *** ps7_cortexa9_0/libsrc/ttcps_v3_3/src: No such file or directory.  Stop.
make: *** [ps7_cortexa9_0/libsrc/ttcps_v3_3/src/make.include] Error 2
'\\MY.FILES.IASTATE.EDU\Users\njknuth\Desktop\MP-4\Cpre488\MP-4\MP-4.sdk\p3_UART0_bsp'
"Running Make include in ps7_cortexa9_0/libsrc/uartps_v3_4/src"
CMD.EXE was started with the above path as the current directory.
make -C ps7_cortexa9_0/libsrc/uartps_v3_4/src -s include  "SHELL=CMD" "COMPILER=arm-none-eabi-gcc" "ARCHIVER=arm-none-eabi-ar" "COMPILER_FLAGS=  -O2 -c" "EXTRA_COMPILER_FLAGS=-mcpu=cortex-a9 -mfpu=vfpv3 -mfloat-abi=hard -nostartfiles -Wall -Wextra"
UNC paths are not supported.  Defaulting to Windows directory.
'\\MY.FILES.IASTATE.EDU\Users\njknuth\Desktop\MP-4\Cpre488\MP-4\MP-4.sdk\p3_UART0_bsp'
CMD.EXE was started with the above path as the current directory.
UNC paths are not supported.  Defaulting to Windows directory.
make: *** ps7_cortexa9_0/libsrc/uartps_v3_4/src: No such file or directory.  Stop.
make: *** [ps7_cortexa9_0/libsrc/uartps_v3_4/src/make.include] Error 2
'\\MY.FILES.IASTATE.EDU\Users\njknuth\Desktop\MP-4\Cpre488\MP-4\MP-4.sdk\p3_UART0_bsp'
CMD.EXE was started with the above path as the current directory.
UNC paths are not supported.  Defaulting to Windows directory.
"Running Make include in ps7_cortexa9_0/libsrc/usbps_v2_4/src"
make -C ps7_cortexa9_0/libsrc/usbps_v2_4/src -s include  "SHELL=CMD" "COMPILER=arm-none-eabi-gcc" "ARCHIVER=arm-none-eabi-ar" "COMPILER_FLAGS=  -O2 -c" "EXTRA_COMPILER_FLAGS=-mcpu=cortex-a9 -mfpu=vfpv3 -mfloat-abi=hard -nostartfiles -Wall -Wextra"
'\\MY.FILES.IASTATE.EDU\Users\njknuth\Desktop\MP-4\Cpre488\MP-4\MP-4.sdk\p3_UART0_bsp'
CMD.EXE was started with the above path as the current directory.
UNC paths are not supported.  Defaulting to Windows directory.
make: *** ps7_cortexa9_0/libsrc/usbps_v2_4/src: No such file or directory.  Stop.
make: *** [ps7_cortexa9_0/libsrc/usbps_v2_4/src/make.include] Error 2
'\\MY.FILES.IASTATE.EDU\Users\njknuth\Desktop\MP-4\Cpre488\MP-4\MP-4.sdk\p3_UART0_bsp'
"Running Make include in ps7_cortexa9_0/libsrc/xadcps_v2_2/src"
CMD.EXE was started with the above path as the current directory.
make -C ps7_cortexa9_0/libsrc/xadcps_v2_2/src -s include  "SHELL=CMD" "COMPILER=arm-none-eabi-gcc" "ARCHIVER=arm-none-eabi-ar" "COMPILER_FLAGS=  -O2 -c" "EXTRA_COMPILER_FLAGS=-mcpu=cortex-a9 -mfpu=vfpv3 -mfloat-abi=hard -nostartfiles -Wall -Wextra"
UNC paths are not supported.  Defaulting to Windows directory.
'\\MY.FILES.IASTATE.EDU\Users\njknuth\Desktop\MP-4\Cpre488\MP-4\MP-4.sdk\p3_UART0_bsp'
CMD.EXE was started with the above path as the current directory.
UNC paths are not supported.  Defaulting to Windows directory.
make: *** ps7_cortexa9_0/libsrc/xadcps_v2_2/src: No such file or directory.  Stop.
make: *** [ps7_cortexa9_0/libsrc/xadcps_v2_2/src/make.include] Error 2
make: Target `all' not remade because of errors.
09:21:00 **** Build of configuration Debug for project p7_request_GPS ****
make pre-build main-build 
a9-linaro-pre-build-step
'\\MY.FILES.IASTATE.EDU\Users\njknuth\Desktop\MP-4\Cpre488\MP-4\MP-4.sdk\p7_request_GPS\Debug'
CMD.EXE was started with the above path as the current directory.
UNC paths are not supported.  Defaulting to Windows directory.
Access is denied.
'\\MY.FILES.IASTATE.EDU\Users\njknuth\Desktop\MP-4\Cpre488\MP-4\MP-4.sdk\p7_request_GPS\Debug'
CMD.EXE was started with the above path as the current directory.
UNC paths are not supported.  Defaulting to Windows directory.
' '
'\\MY.FILES.IASTATE.EDU\Users\njknuth\Desktop\MP-4\Cpre488\MP-4\MP-4.sdk\p7_request_GPS\Debug'
CMD.EXE was started with the above path as the current directory.
UNC paths are not supported.  Defaulting to Windows directory.
'Building file: ../src/main.c'
'\\MY.FILES.IASTATE.EDU\Users\njknuth\Desktop\MP-4\Cpre488\MP-4\MP-4.sdk\p7_request_GPS\Debug'
CMD.EXE was started with the above path as the current directory.
UNC paths are not supported.  Defaulting to Windows directory.
'Invoking: ARM v7 gcc compiler'
arm-none-eabi-gcc -Wall -O0 -g3 -c -fmessage-length=0 -MT"src/main.o" -mcpu=cortex-a9 -mfpu=vfpv3 -mfloat-abi=hard -I../../p3_UART0_bsp/ps7_cortexa9_0/include -MMD -MP -MF"src/main.d" -MT"src/main.o" -o "src/main.o" "../src/main.c"
'\\MY.FILES.IASTATE.EDU\Users\njknuth\Desktop\MP-4\Cpre488\MP-4\MP-4.sdk\p7_request_GPS\Debug'
CMD.EXE was started with the above path as the current directory.
UNC paths are not supported.  Defaulting to Windows directory.
arm-none-eabi-gcc: error: ../src/main.c: No such file or directory
arm-none-eabi-gcc: fatal error: no input files
compilation terminated.
make: *** [src/main.o] Error 1
09:21:43 **** Incremental Build of configuration Debug for project p7_request_GPS ****
make pre-build main-build 
a9-linaro-pre-build-step
'\\MY.FILES.IASTATE.EDU\Users\njknuth\Desktop\MP-4\Cpre488\MP-4\MP-4.sdk\p7_request_GPS\Debug'
CMD.EXE was started with the above path as the current directory.
UNC paths are not supported.  Defaulting to Windows directory.
Access is denied.
'\\MY.FILES.IASTATE.EDU\Users\njknuth\Desktop\MP-4\Cpre488\MP-4\MP-4.sdk\p7_request_GPS\Debug'
CMD.EXE was started with the above path as the current directory.
UNC paths are not supported.  Defaulting to Windows directory.
' '
'\\MY.FILES.IASTATE.EDU\Users\njknuth\Desktop\MP-4\Cpre488\MP-4\MP-4.sdk\p7_request_GPS\Debug'
CMD.EXE was started with the above path as the current directory.
UNC paths are not supported.  Defaulting to Windows directory.
'Building file: ../src/main.c'
'\\MY.FILES.IASTATE.EDU\Users\njknuth\Desktop\MP-4\Cpre488\MP-4\MP-4.sdk\p7_request_GPS\Debug'
CMD.EXE was started with the above path as the current directory.
UNC paths are not supported.  Defaulting to Windows directory.
'Invoking: ARM v7 gcc compiler'
arm-none-eabi-gcc -Wall -O0 -g3 -c -fmessage-length=0 -MT"src/main.o" -mcpu=cortex-a9 -mfpu=vfpv3 -mfloat-abi=hard -I../../p3_UART0_bsp/ps7_cortexa9_0/include -MMD -MP -MF"src/main.d" -MT"src/main.o" -o "src/main.o" "../src/main.c"
'\\MY.FILES.IASTATE.EDU\Users\njknuth\Desktop\MP-4\Cpre488\MP-4\MP-4.sdk\p7_request_GPS\Debug'
CMD.EXE was started with the above path as the current directory.
UNC paths are not supported.  Defaulting to Windows directory.
arm-none-eabi-gcc: error: ../src/main.c: No such file or directory
arm-none-eabi-gcc: fatal error: no input files
compilation terminated.
make: *** [src/main.o] Error 1
09:28:58 **** Clean-only build of project p3_UART0_bsp ****
make -k clean 
make -C ps7_cortexa9_0/libsrc/bram_v4_1/src -s clean 
make -C ps7_cortexa9_0/libsrc/coresightps_dcc_v1_4/src -s clean 
make -C ps7_cortexa9_0/libsrc/cpu_cortexa9_v2_4/src -s clean 
make -C ps7_cortexa9_0/libsrc/ddrps_v1_0/src -s clean 
make -C ps7_cortexa9_0/libsrc/devcfg_v3_4/src -s clean 
make -C ps7_cortexa9_0/libsrc/dmaps_v2_3/src -s clean 
make -C ps7_cortexa9_0/libsrc/emacps_v3_4/src -s clean 
make -C ps7_cortexa9_0/libsrc/gpio_v4_3/src -s clean 
make -C ps7_cortexa9_0/libsrc/gpiops_v3_2/src -s clean 
make -C ps7_cortexa9_0/libsrc/qspips_v3_3/src -s clean 
make -C ps7_cortexa9_0/libsrc/scugic_v3_6/src -s clean 
make -C ps7_cortexa9_0/libsrc/scutimer_v2_1/src -s clean 
make -C ps7_cortexa9_0/libsrc/scuwdt_v2_1/src -s clean 
make -C ps7_cortexa9_0/libsrc/sdps_v3_2/src -s clean 
make -C ps7_cortexa9_0/libsrc/standalone_v6_2/src -s clean 
make -C ps7_cortexa9_0/libsrc/ttcps_v3_3/src -s clean 
make -C ps7_cortexa9_0/libsrc/uartps_v3_4/src -s clean 
make -C ps7_cortexa9_0/libsrc/usbps_v2_4/src -s clean 
make -C ps7_cortexa9_0/libsrc/xadcps_v2_2/src -s clean 
rm -f ps7_cortexa9_0/lib/libxil.a
09:28:59 **** Clean-only build of configuration Debug for project p3_UART0_test ****
make clean 
rm -rf  ./src/main.o ./src/platform.o  ./src/main.d ./src/platform.d  p3_UART0_test.elf.size  p3_UART0_test.elf
' '
09:28:59 **** Clean-only build of configuration Debug for project p4_quad_commands ****
make clean 
rm -rf  ./src/main.o ./src/platform.o  ./src/main.d ./src/platform.d  p4_quad_commands.elf.size  p4_quad_commands.elf
' '
09:29:00 **** Clean-only build of configuration Debug for project p6_sensor_analysis ****
make clean 
rm -rf  ./src/main.o ./src/platform.o  ./src/main.d ./src/platform.d  p6_sensor_analysis.elf.size  p6_sensor_analysis.elf
' '
09:29:00 **** Clean-only build of configuration Debug for project p7_request_GPS ****
make clean 
rm -rf  ./src/main.o ./src/platform.o  ./src/main.d ./src/platform.d  p7_request_GPS.elf.size  p7_request_GPS.elf
' '
09:29:00 **** Clean-only build of configuration Debug for project p8_PID_control ****
make clean 
rm -rf  ./src/main.o ./src/platform.o  ./src/main.d ./src/platform.d  p8_PID_control.elf.size  p8_PID_control.elf
' '
09:29:37 **** Build of project p3_UART0_bsp ****
make -k all 
"Running Make include in ps7_cortexa9_0/libsrc/bram_v4_1/src"
make -C ps7_cortexa9_0/libsrc/bram_v4_1/src -s include  "SHELL=CMD" "COMPILER=arm-none-eabi-gcc" "ARCHIVER=arm-none-eabi-ar" "COMPILER_FLAGS=  -O2 -c" "EXTRA_COMPILER_FLAGS=-mcpu=cortex-a9 -mfpu=vfpv3 -mfloat-abi=hard -nostartfiles -Wall -Wextra"
"Running Make include in ps7_cortexa9_0/libsrc/coresightps_dcc_v1_4/src"
make -C ps7_cortexa9_0/libsrc/coresightps_dcc_v1_4/src -s include  "SHELL=CMD" "COMPILER=arm-none-eabi-gcc" "ARCHIVER=arm-none-eabi-ar" "COMPILER_FLAGS=  -O2 -c" "EXTRA_COMPILER_FLAGS=-mcpu=cortex-a9 -mfpu=vfpv3 -mfloat-abi=hard -nostartfiles -Wall -Wextra"
"Running Make include in ps7_cortexa9_0/libsrc/cpu_cortexa9_v2_4/src"
make -C ps7_cortexa9_0/libsrc/cpu_cortexa9_v2_4/src -s include  "SHELL=CMD" "COMPILER=arm-none-eabi-gcc" "ARCHIVER=arm-none-eabi-ar" "COMPILER_FLAGS=  -O2 -c" "EXTRA_COMPILER_FLAGS=-mcpu=cortex-a9 -mfpu=vfpv3 -mfloat-abi=hard -nostartfiles -Wall -Wextra"
"Running Make include in ps7_cortexa9_0/libsrc/ddrps_v1_0/src"
make -C ps7_cortexa9_0/libsrc/ddrps_v1_0/src -s include  "SHELL=CMD" "COMPILER=arm-none-eabi-gcc" "ARCHIVER=arm-none-eabi-ar" "COMPILER_FLAGS=  -O2 -c" "EXTRA_COMPILER_FLAGS=-mcpu=cortex-a9 -mfpu=vfpv3 -mfloat-abi=hard -nostartfiles -Wall -Wextra"
"Running Make include in ps7_cortexa9_0/libsrc/devcfg_v3_4/src"
make -C ps7_cortexa9_0/libsrc/devcfg_v3_4/src -s include  "SHELL=CMD" "COMPILER=arm-none-eabi-gcc" "ARCHIVER=arm-none-eabi-ar" "COMPILER_FLAGS=  -O2 -c" "EXTRA_COMPILER_FLAGS=-mcpu=cortex-a9 -mfpu=vfpv3 -mfloat-abi=hard -nostartfiles -Wall -Wextra"
"Running Make include in ps7_cortexa9_0/libsrc/dmaps_v2_3/src"
make -C ps7_cortexa9_0/libsrc/dmaps_v2_3/src -s include  "SHELL=CMD" "COMPILER=arm-none-eabi-gcc" "ARCHIVER=arm-none-eabi-ar" "COMPILER_FLAGS=  -O2 -c" "EXTRA_COMPILER_FLAGS=-mcpu=cortex-a9 -mfpu=vfpv3 -mfloat-abi=hard -nostartfiles -Wall -Wextra"
"Running Make include in ps7_cortexa9_0/libsrc/emacps_v3_4/src"
make -C ps7_cortexa9_0/libsrc/emacps_v3_4/src -s include  "SHELL=CMD" "COMPILER=arm-none-eabi-gcc" "ARCHIVER=arm-none-eabi-ar" "COMPILER_FLAGS=  -O2 -c" "EXTRA_COMPILER_FLAGS=-mcpu=cortex-a9 -mfpu=vfpv3 -mfloat-abi=hard -nostartfiles -Wall -Wextra"
"Running Make include in ps7_cortexa9_0/libsrc/gpio_v4_3/src"
make -C ps7_cortexa9_0/libsrc/gpio_v4_3/src -s include  "SHELL=CMD" "COMPILER=arm-none-eabi-gcc" "ARCHIVER=arm-none-eabi-ar" "COMPILER_FLAGS=  -O2 -c" "EXTRA_COMPILER_FLAGS=-mcpu=cortex-a9 -mfpu=vfpv3 -mfloat-abi=hard -nostartfiles -Wall -Wextra"
"Running Make include in ps7_cortexa9_0/libsrc/gpiops_v3_2/src"
make -C ps7_cortexa9_0/libsrc/gpiops_v3_2/src -s include  "SHELL=CMD" "COMPILER=arm-none-eabi-gcc" "ARCHIVER=arm-none-eabi-ar" "COMPILER_FLAGS=  -O2 -c" "EXTRA_COMPILER_FLAGS=-mcpu=cortex-a9 -mfpu=vfpv3 -mfloat-abi=hard -nostartfiles -Wall -Wextra"
"Running Make include in ps7_cortexa9_0/libsrc/qspips_v3_3/src"
make -C ps7_cortexa9_0/libsrc/qspips_v3_3/src -s include  "SHELL=CMD" "COMPILER=arm-none-eabi-gcc" "ARCHIVER=arm-none-eabi-ar" "COMPILER_FLAGS=  -O2 -c" "EXTRA_COMPILER_FLAGS=-mcpu=cortex-a9 -mfpu=vfpv3 -mfloat-abi=hard -nostartfiles -Wall -Wextra"
"Running Make include in ps7_cortexa9_0/libsrc/scugic_v3_6/src"
make -C ps7_cortexa9_0/libsrc/scugic_v3_6/src -s include  "SHELL=CMD" "COMPILER=arm-none-eabi-gcc" "ARCHIVER=arm-none-eabi-ar" "COMPILER_FLAGS=  -O2 -c" "EXTRA_COMPILER_FLAGS=-mcpu=cortex-a9 -mfpu=vfpv3 -mfloat-abi=hard -nostartfiles -Wall -Wextra"
"Running Make include in ps7_cortexa9_0/libsrc/scutimer_v2_1/src"
make -C ps7_cortexa9_0/libsrc/scutimer_v2_1/src -s include  "SHELL=CMD" "COMPILER=arm-none-eabi-gcc" "ARCHIVER=arm-none-eabi-ar" "COMPILER_FLAGS=  -O2 -c" "EXTRA_COMPILER_FLAGS=-mcpu=cortex-a9 -mfpu=vfpv3 -mfloat-abi=hard -nostartfiles -Wall -Wextra"
"Running Make include in ps7_cortexa9_0/libsrc/scuwdt_v2_1/src"
make -C ps7_cortexa9_0/libsrc/scuwdt_v2_1/src -s include  "SHELL=CMD" "COMPILER=arm-none-eabi-gcc" "ARCHIVER=arm-none-eabi-ar" "COMPILER_FLAGS=  -O2 -c" "EXTRA_COMPILER_FLAGS=-mcpu=cortex-a9 -mfpu=vfpv3 -mfloat-abi=hard -nostartfiles -Wall -Wextra"
"Running Make include in ps7_cortexa9_0/libsrc/sdps_v3_2/src"
make -C ps7_cortexa9_0/libsrc/sdps_v3_2/src -s include  "SHELL=CMD" "COMPILER=arm-none-eabi-gcc" "ARCHIVER=arm-none-eabi-ar" "COMPILER_FLAGS=  -O2 -c" "EXTRA_COMPILER_FLAGS=-mcpu=cortex-a9 -mfpu=vfpv3 -mfloat-abi=hard -nostartfiles -Wall -Wextra"
"Running Make include in ps7_cortexa9_0/libsrc/standalone_v6_2/src"
make -C ps7_cortexa9_0/libsrc/standalone_v6_2/src -s include  "SHELL=CMD" "COMPILER=arm-none-eabi-gcc" "ARCHIVER=arm-none-eabi-ar" "COMPILER_FLAGS=  -O2 -c" "EXTRA_COMPILER_FLAGS=-mcpu=cortex-a9 -mfpu=vfpv3 -mfloat-abi=hard -nostartfiles -Wall -Wextra"
"Running Make include in ps7_cortexa9_0/libsrc/ttcps_v3_3/src"
make -C ps7_cortexa9_0/libsrc/ttcps_v3_3/src -s include  "SHELL=CMD" "COMPILER=arm-none-eabi-gcc" "ARCHIVER=arm-none-eabi-ar" "COMPILER_FLAGS=  -O2 -c" "EXTRA_COMPILER_FLAGS=-mcpu=cortex-a9 -mfpu=vfpv3 -mfloat-abi=hard -nostartfiles -Wall -Wextra"
"Running Make include in ps7_cortexa9_0/libsrc/uartps_v3_4/src"
make -C ps7_cortexa9_0/libsrc/uartps_v3_4/src -s include  "SHELL=CMD" "COMPILER=arm-none-eabi-gcc" "ARCHIVER=arm-none-eabi-ar" "COMPILER_FLAGS=  -O2 -c" "EXTRA_COMPILER_FLAGS=-mcpu=cortex-a9 -mfpu=vfpv3 -mfloat-abi=hard -nostartfiles -Wall -Wextra"
"Running Make include in ps7_cortexa9_0/libsrc/usbps_v2_4/src"
make -C ps7_cortexa9_0/libsrc/usbps_v2_4/src -s include  "SHELL=CMD" "COMPILER=arm-none-eabi-gcc" "ARCHIVER=arm-none-eabi-ar" "COMPILER_FLAGS=  -O2 -c" "EXTRA_COMPILER_FLAGS=-mcpu=cortex-a9 -mfpu=vfpv3 -mfloat-abi=hard -nostartfiles -Wall -Wextra"
"Running Make include in ps7_cortexa9_0/libsrc/xadcps_v2_2/src"
make -C ps7_cortexa9_0/libsrc/xadcps_v2_2/src -s include  "SHELL=CMD" "COMPILER=arm-none-eabi-gcc" "ARCHIVER=arm-none-eabi-ar" "COMPILER_FLAGS=  -O2 -c" "EXTRA_COMPILER_FLAGS=-mcpu=cortex-a9 -mfpu=vfpv3 -mfloat-abi=hard -nostartfiles -Wall -Wextra"
"Running Make libs in ps7_cortexa9_0/libsrc/bram_v4_1/src"
make -C ps7_cortexa9_0/libsrc/bram_v4_1/src -s libs  "SHELL=CMD" "COMPILER=arm-none-eabi-gcc" "ARCHIVER=arm-none-eabi-ar" "COMPILER_FLAGS=  -O2 -c" "EXTRA_COMPILER_FLAGS=-mcpu=cortex-a9 -mfpu=vfpv3 -mfloat-abi=hard -nostartfiles -Wall -Wextra"
"Compiling bram"
arm-none-eabi-ar: creating ../../../lib/libxil.a
"Running Make libs in ps7_cortexa9_0/libsrc/coresightps_dcc_v1_4/src"
make -C ps7_cortexa9_0/libsrc/coresightps_dcc_v1_4/src -s libs  "SHELL=CMD" "COMPILER=arm-none-eabi-gcc" "ARCHIVER=arm-none-eabi-ar" "COMPILER_FLAGS=  -O2 -c" "EXTRA_COMPILER_FLAGS=-mcpu=cortex-a9 -mfpu=vfpv3 -mfloat-abi=hard -nostartfiles -Wall -Wextra"
"Compiling coresightps_dcc"
"Running Make libs in ps7_cortexa9_0/libsrc/cpu_cortexa9_v2_4/src"
make -C ps7_cortexa9_0/libsrc/cpu_cortexa9_v2_4/src -s libs  "SHELL=CMD" "COMPILER=arm-none-eabi-gcc" "ARCHIVER=arm-none-eabi-ar" "COMPILER_FLAGS=  -O2 -c" "EXTRA_COMPILER_FLAGS=-mcpu=cortex-a9 -mfpu=vfpv3 -mfloat-abi=hard -nostartfiles -Wall -Wextra"
"Compiling cpu_cortexa9"
"Running Make libs in ps7_cortexa9_0/libsrc/ddrps_v1_0/src"
make -C ps7_cortexa9_0/libsrc/ddrps_v1_0/src -s libs  "SHELL=CMD" "COMPILER=arm-none-eabi-gcc" "ARCHIVER=arm-none-eabi-ar" "COMPILER_FLAGS=  -O2 -c" "EXTRA_COMPILER_FLAGS=-mcpu=cortex-a9 -mfpu=vfpv3 -mfloat-abi=hard -nostartfiles -Wall -Wextra"
"Compiling ddrps"
"Running Make libs in ps7_cortexa9_0/libsrc/devcfg_v3_4/src"
make -C ps7_cortexa9_0/libsrc/devcfg_v3_4/src -s libs  "SHELL=CMD" "COMPILER=arm-none-eabi-gcc" "ARCHIVER=arm-none-eabi-ar" "COMPILER_FLAGS=  -O2 -c" "EXTRA_COMPILER_FLAGS=-mcpu=cortex-a9 -mfpu=vfpv3 -mfloat-abi=hard -nostartfiles -Wall -Wextra"
"Compiling devcfg"
"Running Make libs in ps7_cortexa9_0/libsrc/dmaps_v2_3/src"
make -C ps7_cortexa9_0/libsrc/dmaps_v2_3/src -s libs  "SHELL=CMD" "COMPILER=arm-none-eabi-gcc" "ARCHIVER=arm-none-eabi-ar" "COMPILER_FLAGS=  -O2 -c" "EXTRA_COMPILER_FLAGS=-mcpu=cortex-a9 -mfpu=vfpv3 -mfloat-abi=hard -nostartfiles -Wall -Wextra"
"Compiling dmaps"
"Running Make libs in ps7_cortexa9_0/libsrc/emacps_v3_4/src"
make -C ps7_cortexa9_0/libsrc/emacps_v3_4/src -s libs  "SHELL=CMD" "COMPILER=arm-none-eabi-gcc" "ARCHIVER=arm-none-eabi-ar" "COMPILER_FLAGS=  -O2 -c" "EXTRA_COMPILER_FLAGS=-mcpu=cortex-a9 -mfpu=vfpv3 -mfloat-abi=hard -nostartfiles -Wall -Wextra"
"Compiling emacps"
"Running Make libs in ps7_cortexa9_0/libsrc/gpio_v4_3/src"
make -C ps7_cortexa9_0/libsrc/gpio_v4_3/src -s libs  "SHELL=CMD" "COMPILER=arm-none-eabi-gcc" "ARCHIVER=arm-none-eabi-ar" "COMPILER_FLAGS=  -O2 -c" "EXTRA_COMPILER_FLAGS=-mcpu=cortex-a9 -mfpu=vfpv3 -mfloat-abi=hard -nostartfiles -Wall -Wextra"
"Compiling gpio"
"Running Make libs in ps7_cortexa9_0/libsrc/gpiops_v3_2/src"
make -C ps7_cortexa9_0/libsrc/gpiops_v3_2/src -s libs  "SHELL=CMD" "COMPILER=arm-none-eabi-gcc" "ARCHIVER=arm-none-eabi-ar" "COMPILER_FLAGS=  -O2 -c" "EXTRA_COMPILER_FLAGS=-mcpu=cortex-a9 -mfpu=vfpv3 -mfloat-abi=hard -nostartfiles -Wall -Wextra"
"Compiling gpiops"
"Running Make libs in ps7_cortexa9_0/libsrc/qspips_v3_3/src"
make -C ps7_cortexa9_0/libsrc/qspips_v3_3/src -s libs  "SHELL=CMD" "COMPILER=arm-none-eabi-gcc" "ARCHIVER=arm-none-eabi-ar" "COMPILER_FLAGS=  -O2 -c" "EXTRA_COMPILER_FLAGS=-mcpu=cortex-a9 -mfpu=vfpv3 -mfloat-abi=hard -nostartfiles -Wall -Wextra"
"Compiling qspips"
"Running Make libs in ps7_cortexa9_0/libsrc/scugic_v3_6/src"
make -C ps7_cortexa9_0/libsrc/scugic_v3_6/src -s libs  "SHELL=CMD" "COMPILER=arm-none-eabi-gcc" "ARCHIVER=arm-none-eabi-ar" "COMPILER_FLAGS=  -O2 -c" "EXTRA_COMPILER_FLAGS=-mcpu=cortex-a9 -mfpu=vfpv3 -mfloat-abi=hard -nostartfiles -Wall -Wextra"
"Compiling scugic"
xscugic_g.c:53:2: warning: missing initializer for field 'HandlerTable' of 'XScuGic_Config {aka struct <anonymous>}' [-Wmissing-field-initializers]
  }
  ^
In file included from xscugic_g.c:41:0:
xscugic.h:217:27: note: 'HandlerTable' declared here
  XScuGic_VectorTableEntry HandlerTable[XSCUGIC_MAX_NUM_INTR_INPUTS];/**<
                           ^~~~~~~~~~~~
"Running Make libs in ps7_cortexa9_0/libsrc/scutimer_v2_1/src"
make -C ps7_cortexa9_0/libsrc/scutimer_v2_1/src -s libs  "SHELL=CMD" "COMPILER=arm-none-eabi-gcc" "ARCHIVER=arm-none-eabi-ar" "COMPILER_FLAGS=  -O2 -c" "EXTRA_COMPILER_FLAGS=-mcpu=cortex-a9 -mfpu=vfpv3 -mfloat-abi=hard -nostartfiles -Wall -Wextra"
"Compiling scutimer"
"Running Make libs in ps7_cortexa9_0/libsrc/scuwdt_v2_1/src"
make -C ps7_cortexa9_0/libsrc/scuwdt_v2_1/src -s libs  "SHELL=CMD" "COMPILER=arm-none-eabi-gcc" "ARCHIVER=arm-none-eabi-ar" "COMPILER_FLAGS=  -O2 -c" "EXTRA_COMPILER_FLAGS=-mcpu=cortex-a9 -mfpu=vfpv3 -mfloat-abi=hard -nostartfiles -Wall -Wextra"
"Compiling scuwdt"
"Running Make libs in ps7_cortexa9_0/libsrc/sdps_v3_2/src"
make -C ps7_cortexa9_0/libsrc/sdps_v3_2/src -s libs  "SHELL=CMD" "COMPILER=arm-none-eabi-gcc" "ARCHIVER=arm-none-eabi-ar" "COMPILER_FLAGS=  -O2 -c" "EXTRA_COMPILER_FLAGS=-mcpu=cortex-a9 -mfpu=vfpv3 -mfloat-abi=hard -nostartfiles -Wall -Wextra"
"Compiling sdps"
"Running Make libs in ps7_cortexa9_0/libsrc/standalone_v6_2/src"
make -C ps7_cortexa9_0/libsrc/standalone_v6_2/src -s libs  "SHELL=CMD" "COMPILER=arm-none-eabi-gcc" "ARCHIVER=arm-none-eabi-ar" "COMPILER_FLAGS=  -O2 -c" "EXTRA_COMPILER_FLAGS=-mcpu=cortex-a9 -mfpu=vfpv3 -mfloat-abi=hard -nostartfiles -Wall -Wextra"
"Compiling standalone"
"Running Make libs in ps7_cortexa9_0/libsrc/ttcps_v3_3/src"
make -C ps7_cortexa9_0/libsrc/ttcps_v3_3/src -s libs  "SHELL=CMD" "COMPILER=arm-none-eabi-gcc" "ARCHIVER=arm-none-eabi-ar" "COMPILER_FLAGS=  -O2 -c" "EXTRA_COMPILER_FLAGS=-mcpu=cortex-a9 -mfpu=vfpv3 -mfloat-abi=hard -nostartfiles -Wall -Wextra"
"Compiling ttcps"
"Running Make libs in ps7_cortexa9_0/libsrc/uartps_v3_4/src"
make -C ps7_cortexa9_0/libsrc/uartps_v3_4/src -s libs  "SHELL=CMD" "COMPILER=arm-none-eabi-gcc" "ARCHIVER=arm-none-eabi-ar" "COMPILER_FLAGS=  -O2 -c" "EXTRA_COMPILER_FLAGS=-mcpu=cortex-a9 -mfpu=vfpv3 -mfloat-abi=hard -nostartfiles -Wall -Wextra"
"Compiling uartps"
"Running Make libs in ps7_cortexa9_0/libsrc/usbps_v2_4/src"
make -C ps7_cortexa9_0/libsrc/usbps_v2_4/src -s libs  "SHELL=CMD" "COMPILER=arm-none-eabi-gcc" "ARCHIVER=arm-none-eabi-ar" "COMPILER_FLAGS=  -O2 -c" "EXTRA_COMPILER_FLAGS=-mcpu=cortex-a9 -mfpu=vfpv3 -mfloat-abi=hard -nostartfiles -Wall -Wextra"
"Compiling usbps"
"Running Make libs in ps7_cortexa9_0/libsrc/xadcps_v2_2/src"
make -C ps7_cortexa9_0/libsrc/xadcps_v2_2/src -s libs  "SHELL=CMD" "COMPILER=arm-none-eabi-gcc" "ARCHIVER=arm-none-eabi-ar" "COMPILER_FLAGS=  -O2 -c" "EXTRA_COMPILER_FLAGS=-mcpu=cortex-a9 -mfpu=vfpv3 -mfloat-abi=hard -nostartfiles -Wall -Wextra"
"Compiling xadcps"
'Finished building libraries'
09:30:50 **** Build of configuration Debug for project p7_request_GPS ****
make pre-build main-build 
a9-linaro-pre-build-step
' '
'Building file: ../src/main.c'
'Invoking: ARM v7 gcc compiler'
arm-none-eabi-gcc -Wall -O0 -g3 -c -fmessage-length=0 -MT"src/main.o" -mcpu=cortex-a9 -mfpu=vfpv3 -mfloat-abi=hard -I../../p3_UART0_bsp/ps7_cortexa9_0/include -MMD -MP -MF"src/main.d" -MT"src/main.o" -o "src/main.o" "../src/main.c"
../src/main.c: In function 'bt_init':
../src/main.c:167:5: warning: implicit declaration of function 'dump_config' [-Wimplicit-function-declaration]
     dump_config(inst);
     ^~~~~~~~~~~
../src/main.c: At top level:
../src/main.c:177:6: warning: conflicting types for 'dump_config'
 void dump_config(XUartPs* inst)
      ^~~~~~~~~~~
../src/main.c:167:5: note: previous implicit declaration of 'dump_config' was here
     dump_config(inst);
     ^~~~~~~~~~~
../src/main.c: In function 'quad_arm':
../src/main.c:356:5: warning: unused variable 'in' [-Wunused-variable]
  u8 in[msgLength];
     ^~
'Finished building: ../src/main.c'
' '
'Building file: ../src/platform.c'
'Invoking: ARM v7 gcc compiler'
arm-none-eabi-gcc -Wall -O0 -g3 -c -fmessage-length=0 -MT"src/platform.o" -mcpu=cortex-a9 -mfpu=vfpv3 -mfloat-abi=hard -I../../p3_UART0_bsp/ps7_cortexa9_0/include -MMD -MP -MF"src/platform.d" -MT"src/platform.o" -o "src/platform.o" "../src/platform.c"
'Finished building: ../src/platform.c'
' '
'Building target: p7_request_GPS.elf'
'Invoking: ARM v7 gcc linker'
arm-none-eabi-gcc -mcpu=cortex-a9 -mfpu=vfpv3 -mfloat-abi=hard -Wl,-build-id=none -specs=Xilinx.spec -Wl,-T -Wl,../src/lscript.ld -L../../p3_UART0_bsp/ps7_cortexa9_0/lib -o "p7_request_GPS.elf"  ./src/main.o ./src/platform.o   -lm -Wl,--start-group,-lxil,-lgcc,-lc,--end-group
'Finished building target: p7_request_GPS.elf'
' '
'Invoking: ARM v7 Print Size'
arm-none-eabi-size p7_request_GPS.elf  |tee "p7_request_GPS.elf.size"
   text	   data	    bss	    dec	    hex	filename
 118804	   2620	  23344	 144768	  23580	p7_request_GPS.elf
'Finished building: p7_request_GPS.elf.size'
' '
09:31:49 **** Incremental Build of configuration Debug for project p7_request_GPS ****
make pre-build main-build 
a9-linaro-pre-build-step
' '
make: Nothing to be done for `main-build'.
09:32:17 **** Incremental Build of configuration Debug for project p7_request_GPS ****
make pre-build main-build 
a9-linaro-pre-build-step
' '
'Building file: ../src/main.c'
'Invoking: ARM v7 gcc compiler'
arm-none-eabi-gcc -Wall -O0 -g3 -c -fmessage-length=0 -MT"src/main.o" -mcpu=cortex-a9 -mfpu=vfpv3 -mfloat-abi=hard -I../../p3_UART0_bsp/ps7_cortexa9_0/include -MMD -MP -MF"src/main.d" -MT"src/main.o" -o "src/main.o" "../src/main.c"
../src/main.c: In function 'bt_init':
../src/main.c:167:5: warning: implicit declaration of function 'dump_config' [-Wimplicit-function-declaration]
     dump_config(inst);
     ^~~~~~~~~~~
../src/main.c: At top level:
../src/main.c:177:6: warning: conflicting types for 'dump_config'
 void dump_config(XUartPs* inst)
      ^~~~~~~~~~~
../src/main.c:167:5: note: previous implicit declaration of 'dump_config' was here
     dump_config(inst);
     ^~~~~~~~~~~
../src/main.c: In function 'quad_arm':
../src/main.c:356:5: warning: unused variable 'in' [-Wunused-variable]
  u8 in[msgLength];
     ^~
'Finished building: ../src/main.c'
' '
'Building target: p7_request_GPS.elf'
'Invoking: ARM v7 gcc linker'
arm-none-eabi-gcc -mcpu=cortex-a9 -mfpu=vfpv3 -mfloat-abi=hard -Wl,-build-id=none -specs=Xilinx.spec -Wl,-T -Wl,../src/lscript.ld -L../../p3_UART0_bsp/ps7_cortexa9_0/lib -o "p7_request_GPS.elf"  ./src/main.o ./src/platform.o   -lm -Wl,--start-group,-lxil,-lgcc,-lc,--end-group
'Finished building target: p7_request_GPS.elf'
' '
'Invoking: ARM v7 Print Size'
arm-none-eabi-size p7_request_GPS.elf  |tee "p7_request_GPS.elf.size"
   text	   data	    bss	    dec	    hex	filename
 118804	   2620	  23344	 144768	  23580	p7_request_GPS.elf
'Finished building: p7_request_GPS.elf.size'
' '
09:34:45 **** Incremental Build of configuration Debug for project p7_request_GPS ****
make pre-build main-build 
a9-linaro-pre-build-step
' '
make: Nothing to be done for `main-build'.
09:38:53 **** Incremental Build of configuration Debug for project p7_request_GPS ****
make pre-build main-build 
a9-linaro-pre-build-step
' '
'Building file: ../src/main.c'
'Invoking: ARM v7 gcc compiler'
arm-none-eabi-gcc -Wall -O0 -g3 -c -fmessage-length=0 -MT"src/main.o" -mcpu=cortex-a9 -mfpu=vfpv3 -mfloat-abi=hard -I../../p3_UART0_bsp/ps7_cortexa9_0/include -MMD -MP -MF"src/main.d" -MT"src/main.o" -o "src/main.o" "../src/main.c"
../src/main.c: In function 'bt_init':
../src/main.c:167:5: warning: implicit declaration of function 'dump_config' [-Wimplicit-function-declaration]
     dump_config(inst);
     ^~~~~~~~~~~
../src/main.c: At top level:
../src/main.c:177:6: warning: conflicting types for 'dump_config'
 void dump_config(XUartPs* inst)
      ^~~~~~~~~~~
../src/main.c:167:5: note: previous implicit declaration of 'dump_config' was here
     dump_config(inst);
     ^~~~~~~~~~~
../src/main.c: In function 'quad_arm':
../src/main.c:356:5: warning: unused variable 'in' [-Wunused-variable]
  u8 in[msgLength];
     ^~
../src/main.c: In function 'main':
../src/main.c:513:27: warning: pointer targets in passing argument 2 of 'uart_put' differ in signedness [-Wpointer-sign]
      uart_put(&uart1Inst, "HI\r\n", 4);
                           ^~~~~~~~
../src/main.c:118:5: note: expected 'u8 * {aka unsigned char *}' but argument is of type 'char *'
 int uart_put(XUartPs* inst, u8* data, u32 numBytes)
     ^~~~~~~~
../src/main.c:509:10: warning: unused variable 'str' [-Wunused-variable]
     char str[100];
          ^~~
'Finished building: ../src/main.c'
' '
'Building target: p7_request_GPS.elf'
'Invoking: ARM v7 gcc linker'
arm-none-eabi-gcc -mcpu=cortex-a9 -mfpu=vfpv3 -mfloat-abi=hard -Wl,-build-id=none -specs=Xilinx.spec -Wl,-T -Wl,../src/lscript.ld -L../../p3_UART0_bsp/ps7_cortexa9_0/lib -o "p7_request_GPS.elf"  ./src/main.o ./src/platform.o   -lm -Wl,--start-group,-lxil,-lgcc,-lc,--end-group
'Finished building target: p7_request_GPS.elf'
' '
'Invoking: ARM v7 Print Size'
arm-none-eabi-size p7_request_GPS.elf  |tee "p7_request_GPS.elf.size"
   text	   data	    bss	    dec	    hex	filename
  37168	   1188	  22584	  60940	   ee0c	p7_request_GPS.elf
'Finished building: p7_request_GPS.elf.size'
' '
09:41:36 **** Incremental Build of configuration Debug for project p7_request_GPS ****
make pre-build main-build 
a9-linaro-pre-build-step
' '
'Building file: ../src/main.c'
'Invoking: ARM v7 gcc compiler'
arm-none-eabi-gcc -Wall -O0 -g3 -c -fmessage-length=0 -MT"src/main.o" -mcpu=cortex-a9 -mfpu=vfpv3 -mfloat-abi=hard -I../../p3_UART0_bsp/ps7_cortexa9_0/include -MMD -MP -MF"src/main.d" -MT"src/main.o" -o "src/main.o" "../src/main.c"
../src/main.c: In function 'bt_init':
../src/main.c:167:5: warning: implicit declaration of function 'dump_config' [-Wimplicit-function-declaration]
     dump_config(inst);
     ^~~~~~~~~~~
../src/main.c: At top level:
../src/main.c:177:6: warning: conflicting types for 'dump_config'
 void dump_config(XUartPs* inst)
      ^~~~~~~~~~~
../src/main.c:167:5: note: previous implicit declaration of 'dump_config' was here
     dump_config(inst);
     ^~~~~~~~~~~
../src/main.c: In function 'quad_arm':
../src/main.c:356:5: warning: unused variable 'in' [-Wunused-variable]
  u8 in[msgLength];
     ^~
'Finished building: ../src/main.c'
' '
'Building target: p7_request_GPS.elf'
'Invoking: ARM v7 gcc linker'
arm-none-eabi-gcc -mcpu=cortex-a9 -mfpu=vfpv3 -mfloat-abi=hard -Wl,-build-id=none -specs=Xilinx.spec -Wl,-T -Wl,../src/lscript.ld -L../../p3_UART0_bsp/ps7_cortexa9_0/lib -o "p7_request_GPS.elf"  ./src/main.o ./src/platform.o   -lm -Wl,--start-group,-lxil,-lgcc,-lc,--end-group
'Finished building target: p7_request_GPS.elf'
' '
'Invoking: ARM v7 Print Size'
arm-none-eabi-size p7_request_GPS.elf  |tee "p7_request_GPS.elf.size"
   text	   data	    bss	    dec	    hex	filename
  37168	   1188	  22584	  60940	   ee0c	p7_request_GPS.elf
'Finished building: p7_request_GPS.elf.size'
' '
09:42:52 **** Incremental Build of configuration Debug for project p7_request_GPS ****
make pre-build main-build 
a9-linaro-pre-build-step
' '
'Building file: ../src/main.c'
'Invoking: ARM v7 gcc compiler'
arm-none-eabi-gcc -Wall -O0 -g3 -c -fmessage-length=0 -MT"src/main.o" -mcpu=cortex-a9 -mfpu=vfpv3 -mfloat-abi=hard -I../../p3_UART0_bsp/ps7_cortexa9_0/include -MMD -MP -MF"src/main.d" -MT"src/main.o" -o "src/main.o" "../src/main.c"
../src/main.c: In function 'bt_init':
../src/main.c:167:5: warning: implicit declaration of function 'dump_config' [-Wimplicit-function-declaration]
     dump_config(inst);
     ^~~~~~~~~~~
../src/main.c: At top level:
../src/main.c:177:6: warning: conflicting types for 'dump_config'
 void dump_config(XUartPs* inst)
      ^~~~~~~~~~~
../src/main.c:167:5: note: previous implicit declaration of 'dump_config' was here
     dump_config(inst);
     ^~~~~~~~~~~
../src/main.c: In function 'quad_arm':
../src/main.c:356:5: warning: unused variable 'in' [-Wunused-variable]
  u8 in[msgLength];
     ^~
'Finished building: ../src/main.c'
' '
'Building target: p7_request_GPS.elf'
'Invoking: ARM v7 gcc linker'
arm-none-eabi-gcc -mcpu=cortex-a9 -mfpu=vfpv3 -mfloat-abi=hard -Wl,-build-id=none -specs=Xilinx.spec -Wl,-T -Wl,../src/lscript.ld -L../../p3_UART0_bsp/ps7_cortexa9_0/lib -o "p7_request_GPS.elf"  ./src/main.o ./src/platform.o   -lm -Wl,--start-group,-lxil,-lgcc,-lc,--end-group
'Finished building target: p7_request_GPS.elf'
' '
'Invoking: ARM v7 Print Size'
arm-none-eabi-size p7_request_GPS.elf  |tee "p7_request_GPS.elf.size"
   text	   data	    bss	    dec	    hex	filename
  37232	   1188	  22584	  61004	   ee4c	p7_request_GPS.elf
'Finished building: p7_request_GPS.elf.size'
' '
09:55:37 **** Incremental Build of configuration Debug for project p7_request_GPS ****
make pre-build main-build 
a9-linaro-pre-build-step
' '
'Building file: ../src/main.c'
'Invoking: ARM v7 gcc compiler'
arm-none-eabi-gcc -Wall -O0 -g3 -c -fmessage-length=0 -MT"src/main.o" -mcpu=cortex-a9 -mfpu=vfpv3 -mfloat-abi=hard -I../../p3_UART0_bsp/ps7_cortexa9_0/include -MMD -MP -MF"src/main.d" -MT"src/main.o" -o "src/main.o" "../src/main.c"
../src/main.c: In function 'bt_init':
../src/main.c:167:5: warning: implicit declaration of function 'dump_config' [-Wimplicit-function-declaration]
     dump_config(inst);
     ^~~~~~~~~~~
../src/main.c: At top level:
../src/main.c:177:6: warning: conflicting types for 'dump_config'
 void dump_config(XUartPs* inst)
      ^~~~~~~~~~~
../src/main.c:167:5: note: previous implicit declaration of 'dump_config' was here
     dump_config(inst);
     ^~~~~~~~~~~
../src/main.c: In function 'quad_arm':
../src/main.c:356:5: warning: unused variable 'in' [-Wunused-variable]
  u8 in[msgLength];
     ^~
../src/main.c: In function 'main':
../src/main.c:516:12: warning: unused variable 'x' [-Wunused-variable]
      float x = (str[3] << 24) | (str[2] << 16) | (str[1] << 8) | str[0];
            ^
'Finished building: ../src/main.c'
' '
'Building target: p7_request_GPS.elf'
'Invoking: ARM v7 gcc linker'
arm-none-eabi-gcc -mcpu=cortex-a9 -mfpu=vfpv3 -mfloat-abi=hard -Wl,-build-id=none -specs=Xilinx.spec -Wl,-T -Wl,../src/lscript.ld -L../../p3_UART0_bsp/ps7_cortexa9_0/lib -o "p7_request_GPS.elf"  ./src/main.o ./src/platform.o   -lm -Wl,--start-group,-lxil,-lgcc,-lc,--end-group
'Finished building target: p7_request_GPS.elf'
' '
'Invoking: ARM v7 Print Size'
arm-none-eabi-size p7_request_GPS.elf  |tee "p7_request_GPS.elf.size"
   text	   data	    bss	    dec	    hex	filename
  37296	   1188	  22584	  61068	   ee8c	p7_request_GPS.elf
'Finished building: p7_request_GPS.elf.size'
' '
09:57:32 **** Incremental Build of configuration Debug for project p7_request_GPS ****
make pre-build main-build 
a9-linaro-pre-build-step
' '
'Building file: ../src/main.c'
'Invoking: ARM v7 gcc compiler'
arm-none-eabi-gcc -Wall -O0 -g3 -c -fmessage-length=0 -MT"src/main.o" -mcpu=cortex-a9 -mfpu=vfpv3 -mfloat-abi=hard -I../../p3_UART0_bsp/ps7_cortexa9_0/include -MMD -MP -MF"src/main.d" -MT"src/main.o" -o "src/main.o" "../src/main.c"
../src/main.c: In function 'bt_init':
../src/main.c:167:5: warning: implicit declaration of function 'dump_config' [-Wimplicit-function-declaration]
     dump_config(inst);
     ^~~~~~~~~~~
../src/main.c: At top level:
../src/main.c:177:6: warning: conflicting types for 'dump_config'
 void dump_config(XUartPs* inst)
      ^~~~~~~~~~~
../src/main.c:167:5: note: previous implicit declaration of 'dump_config' was here
     dump_config(inst);
     ^~~~~~~~~~~
../src/main.c: In function 'quad_arm':
../src/main.c:356:5: warning: unused variable 'in' [-Wunused-variable]
  u8 in[msgLength];
     ^~
../src/main.c: In function 'main':
../src/main.c:517:6: error: cannot convert to a pointer type
      uint32_t xAsBinStr = ((uint32_t)(void *)x);
      ^~~~~~~~
../src/main.c:517:15: warning: unused variable 'xAsBinStr' [-Wunused-variable]
      uint32_t xAsBinStr = ((uint32_t)(void *)x);
               ^~~~~~~~~
make: *** [src/main.o] Error 1
09:57:54 **** Incremental Build of configuration Debug for project p7_request_GPS ****
make pre-build main-build 
a9-linaro-pre-build-step
' '
'Building file: ../src/main.c'
'Invoking: ARM v7 gcc compiler'
arm-none-eabi-gcc -Wall -O0 -g3 -c -fmessage-length=0 -MT"src/main.o" -mcpu=cortex-a9 -mfpu=vfpv3 -mfloat-abi=hard -I../../p3_UART0_bsp/ps7_cortexa9_0/include -MMD -MP -MF"src/main.d" -MT"src/main.o" -o "src/main.o" "../src/main.c"
../src/main.c: In function 'bt_init':
../src/main.c:167:5: warning: implicit declaration of function 'dump_config' [-Wimplicit-function-declaration]
     dump_config(inst);
     ^~~~~~~~~~~
../src/main.c: At top level:
../src/main.c:177:6: warning: conflicting types for 'dump_config'
 void dump_config(XUartPs* inst)
      ^~~~~~~~~~~
../src/main.c:167:5: note: previous implicit declaration of 'dump_config' was here
     dump_config(inst);
     ^~~~~~~~~~~
../src/main.c: In function 'quad_arm':
../src/main.c:356:5: warning: unused variable 'in' [-Wunused-variable]
  u8 in[msgLength];
     ^~
../src/main.c: In function 'main':
../src/main.c:517:6: error: invalid use of void expression
      uint32_t xAsBinStr = ((uint32_t)(void)x);
      ^~~~~~~~
../src/main.c:517:15: warning: unused variable 'xAsBinStr' [-Wunused-variable]
      uint32_t xAsBinStr = ((uint32_t)(void)x);
               ^~~~~~~~~
make: *** [src/main.o] Error 1
09:58:18 **** Incremental Build of configuration Debug for project p7_request_GPS ****
make pre-build main-build 
a9-linaro-pre-build-step
' '
'Building file: ../src/main.c'
'Invoking: ARM v7 gcc compiler'
arm-none-eabi-gcc -Wall -O0 -g3 -c -fmessage-length=0 -MT"src/main.o" -mcpu=cortex-a9 -mfpu=vfpv3 -mfloat-abi=hard -I../../p3_UART0_bsp/ps7_cortexa9_0/include -MMD -MP -MF"src/main.d" -MT"src/main.o" -o "src/main.o" "../src/main.c"
../src/main.c: In function 'bt_init':
../src/main.c:167:5: warning: implicit declaration of function 'dump_config' [-Wimplicit-function-declaration]
     dump_config(inst);
     ^~~~~~~~~~~
../src/main.c: At top level:
../src/main.c:177:6: warning: conflicting types for 'dump_config'
 void dump_config(XUartPs* inst)
      ^~~~~~~~~~~
../src/main.c:167:5: note: previous implicit declaration of 'dump_config' was here
     dump_config(inst);
     ^~~~~~~~~~~
../src/main.c: In function 'quad_arm':
../src/main.c:356:5: warning: unused variable 'in' [-Wunused-variable]
  u8 in[msgLength];
     ^~
../src/main.c: In function 'main':
../src/main.c:517:39: warning: dereferencing 'void *' pointer
      uint32_t xAsBinStr = ((uint32_t)(*(void*)&x));
                                       ^~~~~~~~~~
../src/main.c:517:6: error: invalid use of void expression
      uint32_t xAsBinStr = ((uint32_t)(*(void*)&x));
      ^~~~~~~~
../src/main.c:517:15: warning: unused variable 'xAsBinStr' [-Wunused-variable]
      uint32_t xAsBinStr = ((uint32_t)(*(void*)&x));
               ^~~~~~~~~
make: *** [src/main.o] Error 1
09:58:54 **** Incremental Build of configuration Debug for project p7_request_GPS ****
make pre-build main-build 
a9-linaro-pre-build-step
' '
'Building file: ../src/main.c'
'Invoking: ARM v7 gcc compiler'
arm-none-eabi-gcc -Wall -O0 -g3 -c -fmessage-length=0 -MT"src/main.o" -mcpu=cortex-a9 -mfpu=vfpv3 -mfloat-abi=hard -I../../p3_UART0_bsp/ps7_cortexa9_0/include -MMD -MP -MF"src/main.d" -MT"src/main.o" -o "src/main.o" "../src/main.c"
../src/main.c: In function 'bt_init':
../src/main.c:167:5: warning: implicit declaration of function 'dump_config' [-Wimplicit-function-declaration]
     dump_config(inst);
     ^~~~~~~~~~~
../src/main.c: At top level:
../src/main.c:177:6: warning: conflicting types for 'dump_config'
 void dump_config(XUartPs* inst)
      ^~~~~~~~~~~
../src/main.c:167:5: note: previous implicit declaration of 'dump_config' was here
     dump_config(inst);
     ^~~~~~~~~~~
../src/main.c: In function 'quad_arm':
../src/main.c:356:5: warning: unused variable 'in' [-Wunused-variable]
  u8 in[msgLength];
     ^~
../src/main.c: In function 'main':
../src/main.c:517:15: warning: unused variable 'xAsBinStr' [-Wunused-variable]
      uint32_t xAsBinStr = *((uint32_t*)(void*)&x);
               ^~~~~~~~~
'Finished building: ../src/main.c'
' '
'Building target: p7_request_GPS.elf'
'Invoking: ARM v7 gcc linker'
arm-none-eabi-gcc -mcpu=cortex-a9 -mfpu=vfpv3 -mfloat-abi=hard -Wl,-build-id=none -specs=Xilinx.spec -Wl,-T -Wl,../src/lscript.ld -L../../p3_UART0_bsp/ps7_cortexa9_0/lib -o "p7_request_GPS.elf"  ./src/main.o ./src/platform.o   -lm -Wl,--start-group,-lxil,-lgcc,-lc,--end-group
'Finished building target: p7_request_GPS.elf'
' '
'Invoking: ARM v7 Print Size'
arm-none-eabi-size p7_request_GPS.elf  |tee "p7_request_GPS.elf.size"
   text	   data	    bss	    dec	    hex	filename
  37296	   1188	  22584	  61068	   ee8c	p7_request_GPS.elf
'Finished building: p7_request_GPS.elf.size'
' '
10:02:29 **** Incremental Build of configuration Debug for project p7_request_GPS ****
make pre-build main-build 
a9-linaro-pre-build-step
' '
'Building file: ../src/main.c'
'Invoking: ARM v7 gcc compiler'
arm-none-eabi-gcc -Wall -O0 -g3 -c -fmessage-length=0 -MT"src/main.o" -mcpu=cortex-a9 -mfpu=vfpv3 -mfloat-abi=hard -I../../p3_UART0_bsp/ps7_cortexa9_0/include -MMD -MP -MF"src/main.d" -MT"src/main.o" -o "src/main.o" "../src/main.c"
../src/main.c: In function 'bt_init':
../src/main.c:167:5: warning: implicit declaration of function 'dump_config' [-Wimplicit-function-declaration]
     dump_config(inst);
     ^~~~~~~~~~~
../src/main.c: At top level:
../src/main.c:177:6: warning: conflicting types for 'dump_config'
 void dump_config(XUartPs* inst)
      ^~~~~~~~~~~
../src/main.c:167:5: note: previous implicit declaration of 'dump_config' was here
     dump_config(inst);
     ^~~~~~~~~~~
../src/main.c: In function 'quad_arm':
../src/main.c:356:5: warning: unused variable 'in' [-Wunused-variable]
  u8 in[msgLength];
     ^~
../src/main.c: In function 'main':
../src/main.c:517:12: warning: unused variable 'x' [-Wunused-variable]
      float x = *((float*)(void*)&xAsBinStr);
            ^
'Finished building: ../src/main.c'
' '
'Building target: p7_request_GPS.elf'
'Invoking: ARM v7 gcc linker'
arm-none-eabi-gcc -mcpu=cortex-a9 -mfpu=vfpv3 -mfloat-abi=hard -Wl,-build-id=none -specs=Xilinx.spec -Wl,-T -Wl,../src/lscript.ld -L../../p3_UART0_bsp/ps7_cortexa9_0/lib -o "p7_request_GPS.elf"  ./src/main.o ./src/platform.o   -lm -Wl,--start-group,-lxil,-lgcc,-lc,--end-group
'Finished building target: p7_request_GPS.elf'
' '
'Invoking: ARM v7 Print Size'
arm-none-eabi-size p7_request_GPS.elf  |tee "p7_request_GPS.elf.size"
   text	   data	    bss	    dec	    hex	filename
  37296	   1188	  22584	  61068	   ee8c	p7_request_GPS.elf
'Finished building: p7_request_GPS.elf.size'
' '
10:11:47 **** Incremental Build of configuration Debug for project p7_request_GPS ****
make pre-build main-build 
a9-linaro-pre-build-step
' '
'Building file: ../src/main.c'
'Invoking: ARM v7 gcc compiler'
arm-none-eabi-gcc -Wall -O0 -g3 -c -fmessage-length=0 -MT"src/main.o" -mcpu=cortex-a9 -mfpu=vfpv3 -mfloat-abi=hard -I../../p3_UART0_bsp/ps7_cortexa9_0/include -MMD -MP -MF"src/main.d" -MT"src/main.o" -o "src/main.o" "../src/main.c"
../src/main.c: In function 'bt_init':
../src/main.c:175:5: warning: implicit declaration of function 'dump_config' [-Wimplicit-function-declaration]
     dump_config(inst);
     ^~~~~~~~~~~
../src/main.c: At top level:
../src/main.c:185:6: warning: conflicting types for 'dump_config'
 void dump_config(XUartPs* inst)
      ^~~~~~~~~~~
../src/main.c:175:5: note: previous implicit declaration of 'dump_config' was here
     dump_config(inst);
     ^~~~~~~~~~~
../src/main.c: In function 'quad_arm':
../src/main.c:364:5: warning: unused variable 'in' [-Wunused-variable]
  u8 in[msgLength];
     ^~
'Finished building: ../src/main.c'
' '
'Building target: p7_request_GPS.elf'
'Invoking: ARM v7 gcc linker'
arm-none-eabi-gcc -mcpu=cortex-a9 -mfpu=vfpv3 -mfloat-abi=hard -Wl,-build-id=none -specs=Xilinx.spec -Wl,-T -Wl,../src/lscript.ld -L../../p3_UART0_bsp/ps7_cortexa9_0/lib -o "p7_request_GPS.elf"  ./src/main.o ./src/platform.o   -lm -Wl,--start-group,-lxil,-lgcc,-lc,--end-group
'Finished building target: p7_request_GPS.elf'
' '
'Invoking: ARM v7 Print Size'
arm-none-eabi-size p7_request_GPS.elf  |tee "p7_request_GPS.elf.size"
   text	   data	    bss	    dec	    hex	filename
  37552	   1188	  22584	  61324	   ef8c	p7_request_GPS.elf
'Finished building: p7_request_GPS.elf.size'
' '
10:20:22 **** Incremental Build of configuration Debug for project p7_request_GPS ****
make pre-build main-build 
a9-linaro-pre-build-step
' '
'Building file: ../src/main.c'
'Invoking: ARM v7 gcc compiler'
arm-none-eabi-gcc -Wall -O0 -g3 -c -fmessage-length=0 -MT"src/main.o" -mcpu=cortex-a9 -mfpu=vfpv3 -mfloat-abi=hard -I../../p3_UART0_bsp/ps7_cortexa9_0/include -MMD -MP -MF"src/main.d" -MT"src/main.o" -o "src/main.o" "../src/main.c"
../src/main.c: In function 'bt_init':
../src/main.c:175:5: warning: implicit declaration of function 'dump_config' [-Wimplicit-function-declaration]
     dump_config(inst);
     ^~~~~~~~~~~
../src/main.c: At top level:
../src/main.c:185:6: warning: conflicting types for 'dump_config'
 void dump_config(XUartPs* inst)
      ^~~~~~~~~~~
../src/main.c:175:5: note: previous implicit declaration of 'dump_config' was here
     dump_config(inst);
     ^~~~~~~~~~~
../src/main.c: In function 'quad_arm':
../src/main.c:364:5: warning: unused variable 'in' [-Wunused-variable]
  u8 in[msgLength];
     ^~
../src/main.c: In function 'gps_gpsDebug':
../src/main.c:534:20: warning: pointer targets in passing argument 2 of 'uart_put' differ in signedness [-Wpointer-sign]
  if(uart_put(inst, "D", 1))
                    ^~~
../src/main.c:126:5: note: expected 'u8 * {aka unsigned char *}' but argument is of type 'char *'
 int uart_put(XUartPs* inst, u8* data, u32 numBytes)
     ^~~~~~~~
../src/main.c:539:20: warning: pointer targets in passing argument 2 of 'uart_put' differ in signedness [-Wpointer-sign]
  if(uart_put(inst, data, 1000))
                    ^~~~
../src/main.c:126:5: note: expected 'u8 * {aka unsigned char *}' but argument is of type 'char *'
 int uart_put(XUartPs* inst, u8* data, u32 numBytes)
     ^~~~~~~~
'Finished building: ../src/main.c'
' '
'Building target: p7_request_GPS.elf'
'Invoking: ARM v7 gcc linker'
arm-none-eabi-gcc -mcpu=cortex-a9 -mfpu=vfpv3 -mfloat-abi=hard -Wl,-build-id=none -specs=Xilinx.spec -Wl,-T -Wl,../src/lscript.ld -L../../p3_UART0_bsp/ps7_cortexa9_0/lib -o "p7_request_GPS.elf"  ./src/main.o ./src/platform.o   -lm -Wl,--start-group,-lxil,-lgcc,-lc,--end-group
'Finished building target: p7_request_GPS.elf'
' '
'Invoking: ARM v7 Print Size'
arm-none-eabi-size p7_request_GPS.elf  |tee "p7_request_GPS.elf.size"
   text	   data	    bss	    dec	    hex	filename
  81748	   2620	  23344	 107712	  1a4c0	p7_request_GPS.elf
'Finished building: p7_request_GPS.elf.size'
' '
10:22:24 **** Incremental Build of configuration Debug for project p7_request_GPS ****
make pre-build main-build 
a9-linaro-pre-build-step
' '
'Building file: ../src/main.c'
'Invoking: ARM v7 gcc compiler'
arm-none-eabi-gcc -Wall -O0 -g3 -c -fmessage-length=0 -MT"src/main.o" -mcpu=cortex-a9 -mfpu=vfpv3 -mfloat-abi=hard -I../../p3_UART0_bsp/ps7_cortexa9_0/include -MMD -MP -MF"src/main.d" -MT"src/main.o" -o "src/main.o" "../src/main.c"
../src/main.c: In function 'bt_init':
../src/main.c:175:5: warning: implicit declaration of function 'dump_config' [-Wimplicit-function-declaration]
     dump_config(inst);
     ^~~~~~~~~~~
../src/main.c: At top level:
../src/main.c:185:6: warning: conflicting types for 'dump_config'
 void dump_config(XUartPs* inst)
      ^~~~~~~~~~~
../src/main.c:175:5: note: previous implicit declaration of 'dump_config' was here
     dump_config(inst);
     ^~~~~~~~~~~
../src/main.c: In function 'quad_arm':
../src/main.c:364:5: warning: unused variable 'in' [-Wunused-variable]
  u8 in[msgLength];
     ^~
../src/main.c: In function 'gps_gpsDebug':
../src/main.c:534:20: warning: pointer targets in passing argument 2 of 'uart_put' differ in signedness [-Wpointer-sign]
  if(uart_put(inst, "D", 1))
                    ^~~
../src/main.c:126:5: note: expected 'u8 * {aka unsigned char *}' but argument is of type 'char *'
 int uart_put(XUartPs* inst, u8* data, u32 numBytes)
     ^~~~~~~~
../src/main.c:539:20: warning: pointer targets in passing argument 2 of 'uart_put' differ in signedness [-Wpointer-sign]
  if(uart_put(inst, data, 1000))
                    ^~~~
../src/main.c:126:5: note: expected 'u8 * {aka unsigned char *}' but argument is of type 'char *'
 int uart_put(XUartPs* inst, u8* data, u32 numBytes)
     ^~~~~~~~
'Finished building: ../src/main.c'
' '
'Building target: p7_request_GPS.elf'
'Invoking: ARM v7 gcc linker'
arm-none-eabi-gcc -mcpu=cortex-a9 -mfpu=vfpv3 -mfloat-abi=hard -Wl,-build-id=none -specs=Xilinx.spec -Wl,-T -Wl,../src/lscript.ld -L../../p3_UART0_bsp/ps7_cortexa9_0/lib -o "p7_request_GPS.elf"  ./src/main.o ./src/platform.o   -lm -Wl,--start-group,-lxil,-lgcc,-lc,--end-group
'Finished building target: p7_request_GPS.elf'
' '
'Invoking: ARM v7 Print Size'
arm-none-eabi-size p7_request_GPS.elf  |tee "p7_request_GPS.elf.size"
   text	   data	    bss	    dec	    hex	filename
  81748	   2620	  23344	 107712	  1a4c0	p7_request_GPS.elf
'Finished building: p7_request_GPS.elf.size'
' '
10:23:03 **** Incremental Build of configuration Debug for project p7_request_GPS ****
make pre-build main-build 
a9-linaro-pre-build-step
' '
make: Nothing to be done for `main-build'.
10:26:17 **** Incremental Build of configuration Debug for project p7_request_GPS ****
make pre-build main-build 
a9-linaro-pre-build-step
' '
'Building file: ../src/main.c'
'Invoking: ARM v7 gcc compiler'
arm-none-eabi-gcc -Wall -O0 -g3 -c -fmessage-length=0 -MT"src/main.o" -mcpu=cortex-a9 -mfpu=vfpv3 -mfloat-abi=hard -I../../p3_UART0_bsp/ps7_cortexa9_0/include -MMD -MP -MF"src/main.d" -MT"src/main.o" -o "src/main.o" "../src/main.c"
../src/main.c: In function 'bt_init':
../src/main.c:175:5: warning: implicit declaration of function 'dump_config' [-Wimplicit-function-declaration]
     dump_config(inst);
     ^~~~~~~~~~~
../src/main.c: At top level:
../src/main.c:185:6: warning: conflicting types for 'dump_config'
 void dump_config(XUartPs* inst)
      ^~~~~~~~~~~
../src/main.c:175:5: note: previous implicit declaration of 'dump_config' was here
     dump_config(inst);
     ^~~~~~~~~~~
../src/main.c: In function 'quad_arm':
../src/main.c:364:5: warning: unused variable 'in' [-Wunused-variable]
  u8 in[msgLength];
     ^~
../src/main.c: In function 'gps_gpsDebug':
../src/main.c:536:20: warning: pointer targets in passing argument 2 of 'uart_put' differ in signedness [-Wpointer-sign]
  if(uart_put(inst, "D", 1))
                    ^~~
../src/main.c:126:5: note: expected 'u8 * {aka unsigned char *}' but argument is of type 'char *'
 int uart_put(XUartPs* inst, u8* data, u32 numBytes)
     ^~~~~~~~
[...]
make pre-build main-build 
a9-linaro-pre-build-step
' '
'Building file: ../src/main.c'
'Invoking: ARM v7 gcc compiler'
arm-none-eabi-gcc -Wall -O0 -g3 -c -fmessage-length=0 -MT"src/main.o" -mcpu=cortex-a9 -mfpu=vfpv3 -mfloat-abi=hard -I../../p3_UART0_bsp/ps7_cortexa9_0/include -MMD -MP -MF"src/main.d" -MT"src/main.o" -o "src/main.o" "../src/main.c"
../src/main.c: In function 'bt_init':
../src/main.c:213:5: warning: implicit declaration of function 'dump_config' [-Wimplicit-function-declaration]
     dump_config(inst);
     ^~~~~~~~~~~
../src/main.c: At top level:
../src/main.c:223:6: warning: conflicting types for 'dump_config'
 void dump_config(XUartPs* inst)
      ^~~~~~~~~~~
../src/main.c:213:5: note: previous implicit declaration of 'dump_config' was here
     dump_config(inst);
     ^~~~~~~~~~~
../src/main.c: In function 'quad_arm':
../src/main.c:402:5: warning: unused variable 'in' [-Wunused-variable]
  u8 in[msgLength];
     ^~
../src/main.c: At top level:
../src/main.c:510:1: warning: return type defaults to 'int' [-Wimplicit-int]
 quad_setYaw(XUartPs* inst, uint16_t yaw)
 ^~~~~~~~~~~
../src/main.c: In function 'gps_gpsDebug':
../src/main.c:627:20: warning: pointer targets in passing argument 2 of 'uart_put' differ in signedness [-Wpointer-sign]
  if(uart_put(inst, "D", 1))
                    ^~~
../src/main.c:164:5: note: expected 'u8 * {aka unsigned char *}' but argument is of type 'char *'
 int uart_put(XUartPs* inst, u8* data, u32 numBytes)
     ^~~~~~~~
../src/main.c:632:20: warning: pointer targets in passing argument 2 of 'uart_put' differ in signedness [-Wpointer-sign]
  if(uart_put(inst, data, 1000))
                    ^~~~
../src/main.c:164:5: note: expected 'u8 * {aka unsigned char *}' but argument is of type 'char *'
 int uart_put(XUartPs* inst, u8* data, u32 numBytes)
     ^~~~~~~~
../src/main.c: In function 'pid_debug':
../src/main.c:647:20: warning: pointer targets in passing argument 2 of 'uart_put' differ in signedness [-Wpointer-sign]
  if(uart_put(inst, "D", 1))
                    ^~~
../src/main.c:164:5: note: expected 'u8 * {aka unsigned char *}' but argument is of type 'char *'
 int uart_put(XUartPs* inst, u8* data, u32 numBytes)
     ^~~~~~~~
../src/main.c:652:20: warning: pointer targets in passing argument 2 of 'uart_put' differ in signedness [-Wpointer-sign]
  if(uart_put(inst, data, 1000))
                    ^~~~
../src/main.c:164:5: note: expected 'u8 * {aka unsigned char *}' but argument is of type 'char *'
 int uart_put(XUartPs* inst, u8* data, u32 numBytes)
     ^~~~~~~~
'Finished building: ../src/main.c'
' '
'Building target: p8_PID_control.elf'
'Invoking: ARM v7 gcc linker'
arm-none-eabi-gcc -mcpu=cortex-a9 -mfpu=vfpv3 -mfloat-abi=hard -Wl,-build-id=none -specs=Xilinx.spec -Wl,-T -Wl,../src/lscript.ld -L../../p3_UART0_bsp/ps7_cortexa9_0/lib -o "p8_PID_control.elf"  ./src/main.o ./src/platform.o   -lm -Wl,--start-group,-lxil,-lgcc,-lc,--end-group
'Finished building target: p8_PID_control.elf'
' '
'Invoking: ARM v7 Print Size'
arm-none-eabi-size p8_PID_control.elf  |tee "p8_PID_control.elf.size"
   text	   data	    bss	    dec	    hex	filename
  83236	   2620	  23344	 109200	  1aa90	p8_PID_control.elf
'Finished building: p8_PID_control.elf.size'
' '
09:23:38 **** Incremental Build of configuration Debug for project p8_PID_control ****
make pre-build main-build 
a9-linaro-pre-build-step
' '
'Building file: ../src/main.c'
'Invoking: ARM v7 gcc compiler'
arm-none-eabi-gcc -Wall -O0 -g3 -c -fmessage-length=0 -MT"src/main.o" -mcpu=cortex-a9 -mfpu=vfpv3 -mfloat-abi=hard -I../../p3_UART0_bsp/ps7_cortexa9_0/include -MMD -MP -MF"src/main.d" -MT"src/main.o" -o "src/main.o" "../src/main.c"
../src/main.c: In function 'bt_init':
../src/main.c:213:5: warning: implicit declaration of function 'dump_config' [-Wimplicit-function-declaration]
     dump_config(inst);
     ^~~~~~~~~~~
../src/main.c: At top level:
../src/main.c:223:6: warning: conflicting types for 'dump_config'
 void dump_config(XUartPs* inst)
      ^~~~~~~~~~~
../src/main.c:213:5: note: previous implicit declaration of 'dump_config' was here
     dump_config(inst);
     ^~~~~~~~~~~
../src/main.c: In function 'quad_arm':
../src/main.c:402:5: warning: unused variable 'in' [-Wunused-variable]
  u8 in[msgLength];
     ^~
../src/main.c: At top level:
../src/main.c:510:1: warning: return type defaults to 'int' [-Wimplicit-int]
 quad_setYaw(XUartPs* inst, uint16_t yaw)
 ^~~~~~~~~~~
../src/main.c: In function 'gps_gpsDebug':
../src/main.c:627:20: warning: pointer targets in passing argument 2 of 'uart_put' differ in signedness [-Wpointer-sign]
  if(uart_put(inst, "D", 1))
                    ^~~
../src/main.c:164:5: note: expected 'u8 * {aka unsigned char *}' but argument is of type 'char *'
 int uart_put(XUartPs* inst, u8* data, u32 numBytes)
     ^~~~~~~~
../src/main.c:632:20: warning: pointer targets in passing argument 2 of 'uart_put' differ in signedness [-Wpointer-sign]
  if(uart_put(inst, data, 1000))
                    ^~~~
../src/main.c:164:5: note: expected 'u8 * {aka unsigned char *}' but argument is of type 'char *'
 int uart_put(XUartPs* inst, u8* data, u32 numBytes)
     ^~~~~~~~
../src/main.c: In function 'pid_debug':
../src/main.c:647:20: warning: pointer targets in passing argument 2 of 'uart_put' differ in signedness [-Wpointer-sign]
  if(uart_put(inst, "D", 1))
                    ^~~
../src/main.c:164:5: note: expected 'u8 * {aka unsigned char *}' but argument is of type 'char *'
 int uart_put(XUartPs* inst, u8* data, u32 numBytes)
     ^~~~~~~~
../src/main.c:652:20: warning: pointer targets in passing argument 2 of 'uart_put' differ in signedness [-Wpointer-sign]
  if(uart_put(inst, data, 1000))
                    ^~~~
../src/main.c:164:5: note: expected 'u8 * {aka unsigned char *}' but argument is of type 'char *'
 int uart_put(XUartPs* inst, u8* data, u32 numBytes)
     ^~~~~~~~
'Finished building: ../src/main.c'
' '
'Building target: p8_PID_control.elf'
'Invoking: ARM v7 gcc linker'
arm-none-eabi-gcc -mcpu=cortex-a9 -mfpu=vfpv3 -mfloat-abi=hard -Wl,-build-id=none -specs=Xilinx.spec -Wl,-T -Wl,../src/lscript.ld -L../../p3_UART0_bsp/ps7_cortexa9_0/lib -o "p8_PID_control.elf"  ./src/main.o ./src/platform.o   -lm -Wl,--start-group,-lxil,-lgcc,-lc,--end-group
'Finished building target: p8_PID_control.elf'
' '
'Invoking: ARM v7 Print Size'
arm-none-eabi-size p8_PID_control.elf  |tee "p8_PID_control.elf.size"
   text	   data	    bss	    dec	    hex	filename
  83236	   2620	  23344	 109200	  1aa90	p8_PID_control.elf
'Finished building: p8_PID_control.elf.size'
' '
09:24:18 **** Incremental Build of configuration Debug for project p8_PID_control ****
make pre-build main-build 
a9-linaro-pre-build-step
' '
'Building file: ../src/main.c'
'Invoking: ARM v7 gcc compiler'
arm-none-eabi-gcc -Wall -O0 -g3 -c -fmessage-length=0 -MT"src/main.o" -mcpu=cortex-a9 -mfpu=vfpv3 -mfloat-abi=hard -I../../p3_UART0_bsp/ps7_cortexa9_0/include -MMD -MP -MF"src/main.d" -MT"src/main.o" -o "src/main.o" "../src/main.c"
../src/main.c: In function 'bt_init':
../src/main.c:213:5: warning: implicit declaration of function 'dump_config' [-Wimplicit-function-declaration]
     dump_config(inst);
     ^~~~~~~~~~~
../src/main.c: At top level:
../src/main.c:223:6: warning: conflicting types for 'dump_config'
 void dump_config(XUartPs* inst)
      ^~~~~~~~~~~
../src/main.c:213:5: note: previous implicit declaration of 'dump_config' was here
     dump_config(inst);
     ^~~~~~~~~~~
../src/main.c: In function 'quad_arm':
../src/main.c:402:5: warning: unused variable 'in' [-Wunused-variable]
  u8 in[msgLength];
     ^~
../src/main.c: At top level:
../src/main.c:510:1: warning: return type defaults to 'int' [-Wimplicit-int]
 quad_setYaw(XUartPs* inst, uint16_t yaw)
 ^~~~~~~~~~~
../src/main.c: In function 'gps_gpsDebug':
../src/main.c:627:20: warning: pointer targets in passing argument 2 of 'uart_put' differ in signedness [-Wpointer-sign]
  if(uart_put(inst, "D", 1))
                    ^~~
../src/main.c:164:5: note: expected 'u8 * {aka unsigned char *}' but argument is of type 'char *'
 int uart_put(XUartPs* inst, u8* data, u32 numBytes)
     ^~~~~~~~
../src/main.c:632:20: warning: pointer targets in passing argument 2 of 'uart_put' differ in signedness [-Wpointer-sign]
  if(uart_put(inst, data, 1000))
                    ^~~~
../src/main.c:164:5: note: expected 'u8 * {aka unsigned char *}' but argument is of type 'char *'
 int uart_put(XUartPs* inst, u8* data, u32 numBytes)
     ^~~~~~~~
../src/main.c: In function 'pid_debug':
../src/main.c:647:20: warning: pointer targets in passing argument 2 of 'uart_put' differ in signedness [-Wpointer-sign]
  if(uart_put(inst, "D", 1))
                    ^~~
../src/main.c:164:5: note: expected 'u8 * {aka unsigned char *}' but argument is of type 'char *'
 int uart_put(XUartPs* inst, u8* data, u32 numBytes)
     ^~~~~~~~
../src/main.c:652:20: warning: pointer targets in passing argument 2 of 'uart_put' differ in signedness [-Wpointer-sign]
  if(uart_put(inst, data, 1000))
                    ^~~~
../src/main.c:164:5: note: expected 'u8 * {aka unsigned char *}' but argument is of type 'char *'
 int uart_put(XUartPs* inst, u8* data, u32 numBytes)
     ^~~~~~~~
'Finished building: ../src/main.c'
' '
'Building target: p8_PID_control.elf'
'Invoking: ARM v7 gcc linker'
arm-none-eabi-gcc -mcpu=cortex-a9 -mfpu=vfpv3 -mfloat-abi=hard -Wl,-build-id=none -specs=Xilinx.spec -Wl,-T -Wl,../src/lscript.ld -L../../p3_UART0_bsp/ps7_cortexa9_0/lib -o "p8_PID_control.elf"  ./src/main.o ./src/platform.o   -lm -Wl,--start-group,-lxil,-lgcc,-lc,--end-group
'Finished building target: p8_PID_control.elf'
' '
'Invoking: ARM v7 Print Size'
arm-none-eabi-size p8_PID_control.elf  |tee "p8_PID_control.elf.size"
   text	   data	    bss	    dec	    hex	filename
  83236	   2620	  23344	 109200	  1aa90	p8_PID_control.elf
'Finished building: p8_PID_control.elf.size'
' '
09:25:03 **** Incremental Build of configuration Debug for project p8_PID_control ****
make pre-build main-build 
a9-linaro-pre-build-step
' '
'Building file: ../src/main.c'
'Invoking: ARM v7 gcc compiler'
arm-none-eabi-gcc -Wall -O0 -g3 -c -fmessage-length=0 -MT"src/main.o" -mcpu=cortex-a9 -mfpu=vfpv3 -mfloat-abi=hard -I../../p3_UART0_bsp/ps7_cortexa9_0/include -MMD -MP -MF"src/main.d" -MT"src/main.o" -o "src/main.o" "../src/main.c"
../src/main.c: In function 'bt_init':
../src/main.c:213:5: warning: implicit declaration of function 'dump_config' [-Wimplicit-function-declaration]
     dump_config(inst);
     ^~~~~~~~~~~
../src/main.c: At top level:
../src/main.c:223:6: warning: conflicting types for 'dump_config'
 void dump_config(XUartPs* inst)
      ^~~~~~~~~~~
../src/main.c:213:5: note: previous implicit declaration of 'dump_config' was here
     dump_config(inst);
     ^~~~~~~~~~~
../src/main.c: In function 'quad_arm':
../src/main.c:402:5: warning: unused variable 'in' [-Wunused-variable]
  u8 in[msgLength];
     ^~
../src/main.c: At top level:
../src/main.c:510:1: warning: return type defaults to 'int' [-Wimplicit-int]
 quad_setYaw(XUartPs* inst, uint16_t yaw)
 ^~~~~~~~~~~
../src/main.c: In function 'gps_gpsDebug':
../src/main.c:627:20: warning: pointer targets in passing argument 2 of 'uart_put' differ in signedness [-Wpointer-sign]
  if(uart_put(inst, "D", 1))
                    ^~~
../src/main.c:164:5: note: expected 'u8 * {aka unsigned char *}' but argument is of type 'char *'
 int uart_put(XUartPs* inst, u8* data, u32 numBytes)
     ^~~~~~~~
../src/main.c:632:20: warning: pointer targets in passing argument 2 of 'uart_put' differ in signedness [-Wpointer-sign]
  if(uart_put(inst, data, 1000))
                    ^~~~
../src/main.c:164:5: note: expected 'u8 * {aka unsigned char *}' but argument is of type 'char *'
 int uart_put(XUartPs* inst, u8* data, u32 numBytes)
     ^~~~~~~~
../src/main.c: In function 'pid_debug':
../src/main.c:647:20: warning: pointer targets in passing argument 2 of 'uart_put' differ in signedness [-Wpointer-sign]
  if(uart_put(inst, "D", 1))
                    ^~~
../src/main.c:164:5: note: expected 'u8 * {aka unsigned char *}' but argument is of type 'char *'
 int uart_put(XUartPs* inst, u8* data, u32 numBytes)
     ^~~~~~~~
../src/main.c:652:20: warning: pointer targets in passing argument 2 of 'uart_put' differ in signedness [-Wpointer-sign]
  if(uart_put(inst, data, 1000))
                    ^~~~
../src/main.c:164:5: note: expected 'u8 * {aka unsigned char *}' but argument is of type 'char *'
 int uart_put(XUartPs* inst, u8* data, u32 numBytes)
     ^~~~~~~~
'Finished building: ../src/main.c'
' '
'Building target: p8_PID_control.elf'
'Invoking: ARM v7 gcc linker'
arm-none-eabi-gcc -mcpu=cortex-a9 -mfpu=vfpv3 -mfloat-abi=hard -Wl,-build-id=none -specs=Xilinx.spec -Wl,-T -Wl,../src/lscript.ld -L../../p3_UART0_bsp/ps7_cortexa9_0/lib -o "p8_PID_control.elf"  ./src/main.o ./src/platform.o   -lm -Wl,--start-group,-lxil,-lgcc,-lc,--end-group
'Finished building target: p8_PID_control.elf'
' '
'Invoking: ARM v7 Print Size'
arm-none-eabi-size p8_PID_control.elf  |tee "p8_PID_control.elf.size"
   text	   data	    bss	    dec	    hex	filename
  83236	   2620	  23344	 109200	  1aa90	p8_PID_control.elf
'Finished building: p8_PID_control.elf.size'
' '
09:27:55 **** Incremental Build of configuration Debug for project p8_PID_control ****
make pre-build main-build 
a9-linaro-pre-build-step
' '
'Building file: ../src/main.c'
'Invoking: ARM v7 gcc compiler'
arm-none-eabi-gcc -Wall -O0 -g3 -c -fmessage-length=0 -MT"src/main.o" -mcpu=cortex-a9 -mfpu=vfpv3 -mfloat-abi=hard -I../../p3_UART0_bsp/ps7_cortexa9_0/include -MMD -MP -MF"src/main.d" -MT"src/main.o" -o "src/main.o" "../src/main.c"
../src/main.c: In function 'bt_init':
../src/main.c:213:5: warning: implicit declaration of function 'dump_config' [-Wimplicit-function-declaration]
     dump_config(inst);
     ^~~~~~~~~~~
../src/main.c: At top level:
../src/main.c:223:6: warning: conflicting types for 'dump_config'
 void dump_config(XUartPs* inst)
      ^~~~~~~~~~~
../src/main.c:213:5: note: previous implicit declaration of 'dump_config' was here
     dump_config(inst);
     ^~~~~~~~~~~
../src/main.c: In function 'quad_arm':
../src/main.c:402:5: warning: unused variable 'in' [-Wunused-variable]
  u8 in[msgLength];
     ^~
../src/main.c: At top level:
../src/main.c:510:1: warning: return type defaults to 'int' [-Wimplicit-int]
 quad_setYaw(XUartPs* inst, uint16_t yaw)
 ^~~~~~~~~~~
../src/main.c: In function 'gps_gpsDebug':
../src/main.c:627:20: warning: pointer targets in passing argument 2 of 'uart_put' differ in signedness [-Wpointer-sign]
  if(uart_put(inst, "D", 1))
                    ^~~
../src/main.c:164:5: note: expected 'u8 * {aka unsigned char *}' but argument is of type 'char *'
 int uart_put(XUartPs* inst, u8* data, u32 numBytes)
     ^~~~~~~~
../src/main.c:632:20: warning: pointer targets in passing argument 2 of 'uart_put' differ in signedness [-Wpointer-sign]
  if(uart_put(inst, data, 1000))
                    ^~~~
../src/main.c:164:5: note: expected 'u8 * {aka unsigned char *}' but argument is of type 'char *'
 int uart_put(XUartPs* inst, u8* data, u32 numBytes)
     ^~~~~~~~
../src/main.c: In function 'pid_debug':
../src/main.c:647:20: warning: pointer targets in passing argument 2 of 'uart_put' differ in signedness [-Wpointer-sign]
  if(uart_put(inst, "D", 1))
                    ^~~
../src/main.c:164:5: note: expected 'u8 * {aka unsigned char *}' but argument is of type 'char *'
 int uart_put(XUartPs* inst, u8* data, u32 numBytes)
     ^~~~~~~~
../src/main.c:652:20: warning: pointer targets in passing argument 2 of 'uart_put' differ in signedness [-Wpointer-sign]
  if(uart_put(inst, data, 1000))
                    ^~~~
../src/main.c:164:5: note: expected 'u8 * {aka unsigned char *}' but argument is of type 'char *'
 int uart_put(XUartPs* inst, u8* data, u32 numBytes)
     ^~~~~~~~
'Finished building: ../src/main.c'
' '
'Building target: p8_PID_control.elf'
'Invoking: ARM v7 gcc linker'
arm-none-eabi-gcc -mcpu=cortex-a9 -mfpu=vfpv3 -mfloat-abi=hard -Wl,-build-id=none -specs=Xilinx.spec -Wl,-T -Wl,../src/lscript.ld -L../../p3_UART0_bsp/ps7_cortexa9_0/lib -o "p8_PID_control.elf"  ./src/main.o ./src/platform.o   -lm -Wl,--start-group,-lxil,-lgcc,-lc,--end-group
'Finished building target: p8_PID_control.elf'
' '
'Invoking: ARM v7 Print Size'
arm-none-eabi-size p8_PID_control.elf  |tee "p8_PID_control.elf.size"
   text	   data	    bss	    dec	    hex	filename
  83236	   2620	  23344	 109200	  1aa90	p8_PID_control.elf
'Finished building: p8_PID_control.elf.size'
' '
09:31:09 **** Incremental Build of configuration Debug for project p8_PID_control ****
make pre-build main-build 
a9-linaro-pre-build-step
' '
'Building file: ../src/main.c'
'Invoking: ARM v7 gcc compiler'
arm-none-eabi-gcc -Wall -O0 -g3 -c -fmessage-length=0 -MT"src/main.o" -mcpu=cortex-a9 -mfpu=vfpv3 -mfloat-abi=hard -I../../p3_UART0_bsp/ps7_cortexa9_0/include -MMD -MP -MF"src/main.d" -MT"src/main.o" -o "src/main.o" "../src/main.c"
../src/main.c: In function 'bt_init':
../src/main.c:213:5: warning: implicit declaration of function 'dump_config' [-Wimplicit-function-declaration]
     dump_config(inst);
     ^~~~~~~~~~~
../src/main.c: At top level:
../src/main.c:223:6: warning: conflicting types for 'dump_config'
 void dump_config(XUartPs* inst)
      ^~~~~~~~~~~
../src/main.c:213:5: note: previous implicit declaration of 'dump_config' was here
     dump_config(inst);
     ^~~~~~~~~~~
../src/main.c: In function 'quad_arm':
../src/main.c:402:5: warning: unused variable 'in' [-Wunused-variable]
  u8 in[msgLength];
     ^~
../src/main.c: At top level:
../src/main.c:510:1: warning: return type defaults to 'int' [-Wimplicit-int]
 quad_setYaw(XUartPs* inst, uint16_t yaw)
 ^~~~~~~~~~~
../src/main.c: In function 'gps_gpsDebug':
../src/main.c:627:20: warning: pointer targets in passing argument 2 of 'uart_put' differ in signedness [-Wpointer-sign]
  if(uart_put(inst, "D", 1))
                    ^~~
../src/main.c:164:5: note: expected 'u8 * {aka unsigned char *}' but argument is of type 'char *'
 int uart_put(XUartPs* inst, u8* data, u32 numBytes)
     ^~~~~~~~
../src/main.c:632:20: warning: pointer targets in passing argument 2 of 'uart_put' differ in signedness [-Wpointer-sign]
  if(uart_put(inst, data, 1000))
                    ^~~~
../src/main.c:164:5: note: expected 'u8 * {aka unsigned char *}' but argument is of type 'char *'
 int uart_put(XUartPs* inst, u8* data, u32 numBytes)
     ^~~~~~~~
../src/main.c: In function 'pid_debug':
../src/main.c:647:20: warning: pointer targets in passing argument 2 of 'uart_put' differ in signedness [-Wpointer-sign]
  if(uart_put(inst, "D", 1))
                    ^~~
../src/main.c:164:5: note: expected 'u8 * {aka unsigned char *}' but argument is of type 'char *'
 int uart_put(XUartPs* inst, u8* data, u32 numBytes)
     ^~~~~~~~
../src/main.c:652:20: warning: pointer targets in passing argument 2 of 'uart_put' differ in signedness [-Wpointer-sign]
  if(uart_put(inst, data, 1000))
                    ^~~~
../src/main.c:164:5: note: expected 'u8 * {aka unsigned char *}' but argument is of type 'char *'
 int uart_put(XUartPs* inst, u8* data, u32 numBytes)
     ^~~~~~~~
'Finished building: ../src/main.c'
' '
'Building target: p8_PID_control.elf'
'Invoking: ARM v7 gcc linker'
arm-none-eabi-gcc -mcpu=cortex-a9 -mfpu=vfpv3 -mfloat-abi=hard -Wl,-build-id=none -specs=Xilinx.spec -Wl,-T -Wl,../src/lscript.ld -L../../p3_UART0_bsp/ps7_cortexa9_0/lib -o "p8_PID_control.elf"  ./src/main.o ./src/platform.o   -lm -Wl,--start-group,-lxil,-lgcc,-lc,--end-group
'Finished building target: p8_PID_control.elf'
' '
'Invoking: ARM v7 Print Size'
arm-none-eabi-size p8_PID_control.elf  |tee "p8_PID_control.elf.size"
   text	   data	    bss	    dec	    hex	filename
  83236	   2620	  23344	 109200	  1aa90	p8_PID_control.elf
'Finished building: p8_PID_control.elf.size'
' '
