15:19:56 **** Incremental Build of configuration Debug for project p3_UART0_test ****
make pre-build main-build 
a9-linaro-pre-build-step
' '
'Building file: ../src/main.c'
'Invoking: ARM v7 gcc compiler'
arm-none-eabi-gcc -Wall -O0 -g3 -c -fmessage-length=0 -MT"src/main.o" -mcpu=cortex-a9 -mfpu=vfpv3 -mfloat-abi=hard -I../../p3_UART0_bsp/ps7_cortexa9_0/include -MMD -MP -MF"src/main.d" -MT"src/main.o" -o "src/main.o" "../src/main.c"
'Finished building: ../src/main.c'
' '
'Building target: p3_UART0_test.elf'
'Invoking: ARM v7 gcc linker'
arm-none-eabi-gcc -mcpu=cortex-a9 -mfpu=vfpv3 -mfloat-abi=hard -Wl,-build-id=none -specs=Xilinx.spec -Wl,-T -Wl,../src/lscript.ld -L../../p3_UART0_bsp/ps7_cortexa9_0/lib -o "p3_UART0_test.elf"  ./src/main.o ./src/platform.o   -Wl,--start-group,-lxil,-lgcc,-lc,--end-group
'Finished building target: p3_UART0_test.elf'
' '
'Invoking: ARM v7 Print Size'
arm-none-eabi-size p3_UART0_test.elf  |tee "p3_UART0_test.elf.size"
   text	   data	    bss	    dec	    hex	filename
  27608	   1188	  22584	  51380	   c8b4	p3_UART0_test.elf
'Finished building: p3_UART0_test.elf.size'
' '

15:19:57 Build Finished (took 1s.296ms)

