09:55:45 **** Build of configuration Debug for project p4_quad_commands ****
make pre-build main-build 
a9-linaro-pre-build-step
' '
'Building file: ../src/main.c'
'Invoking: ARM v7 gcc compiler'
arm-none-eabi-gcc -Wall -O0 -g3 -c -fmessage-length=0 -MT"src/main.o" -mcpu=cortex-a9 -mfpu=vfpv3 -mfloat-abi=hard -I../../p3_UART0_bsp/ps7_cortexa9_0/include -MMD -MP -MF"src/main.d" -MT"src/main.o" -o "src/main.o" "../src/main.c"
../src/main.c: In function 'bt_init':
../src/main.c:159:5: warning: implicit declaration of function 'dump_config' [-Wimplicit-function-declaration]
     dump_config(inst);
     ^~~~~~~~~~~
../src/main.c: At top level:
../src/main.c:169:6: warning: conflicting types for 'dump_config'
 void dump_config(XUartPs* inst)
      ^~~~~~~~~~~
../src/main.c:159:5: note: previous implicit declaration of 'dump_config' was here
     dump_config(inst);
     ^~~~~~~~~~~
../src/main.c: In function 'quad_arm':
../src/main.c:346:5: warning: unused variable 'in' [-Wunused-variable]
  u8 in[msgLength];
     ^~
'Finished building: ../src/main.c'
' '
'Building file: ../src/platform.c'
'Invoking: ARM v7 gcc compiler'
arm-none-eabi-gcc -Wall -O0 -g3 -c -fmessage-length=0 -MT"src/platform.o" -mcpu=cortex-a9 -mfpu=vfpv3 -mfloat-abi=hard -I../../p3_UART0_bsp/ps7_cortexa9_0/include -MMD -MP -MF"src/platform.d" -MT"src/platform.o" -o "src/platform.o" "../src/platform.c"
'Finished building: ../src/platform.c'
' '
'Building target: p4_quad_commands.elf'
'Invoking: ARM v7 gcc linker'
arm-none-eabi-gcc -mcpu=cortex-a9 -mfpu=vfpv3 -mfloat-abi=hard -Wl,-build-id=none -specs=Xilinx.spec -Wl,-T -Wl,../src/lscript.ld -L../../p3_UART0_bsp/ps7_cortexa9_0/lib -o "p4_quad_commands.elf"  ./src/main.o ./src/platform.o   -Wl,--start-group,-lxil,-lgcc,-lc,--end-group
'Finished building target: p4_quad_commands.elf'
' '
'Invoking: ARM v7 Print Size'
arm-none-eabi-size p4_quad_commands.elf  |tee "p4_quad_commands.elf.size"
   text	   data	    bss	    dec	    hex	filename
  31052	   1188	  22584	  54824	   d628	p4_quad_commands.elf
'Finished building: p4_quad_commands.elf.size'
' '

09:55:47 Build Finished (took 1s.739ms)

