11:10:01 **** Incremental Build of configuration Debug for project p7_request_GPS ****
make pre-build main-build 
a9-linaro-pre-build-step
' '
'Building file: ../src/main.c'
'Invoking: ARM v7 gcc compiler'
arm-none-eabi-gcc -Wall -O0 -g3 -c -fmessage-length=0 -MT"src/main.o" -mcpu=cortex-a9 -mfpu=vfpv3 -mfloat-abi=hard -I../../p3_UART0_bsp/ps7_cortexa9_0/include -MMD -MP -MF"src/main.d" -MT"src/main.o" -o "src/main.o" "../src/main.c"
../src/main.c: In function 'bt_init':
../src/main.c:175:5: warning: implicit declaration of function 'dump_config' [-Wimplicit-function-declaration]
     dump_config(inst);
     ^~~~~~~~~~~
../src/main.c: At top level:
../src/main.c:185:6: warning: conflicting types for 'dump_config'
 void dump_config(XUartPs* inst)
      ^~~~~~~~~~~
../src/main.c:175:5: note: previous implicit declaration of 'dump_config' was here
     dump_config(inst);
     ^~~~~~~~~~~
../src/main.c: In function 'quad_arm':
../src/main.c:364:5: warning: unused variable 'in' [-Wunused-variable]
  u8 in[msgLength];
     ^~
../src/main.c: In function 'gps_gpsDebug':
../src/main.c:536:20: warning: pointer targets in passing argument 2 of 'uart_put' differ in signedness [-Wpointer-sign]
  if(uart_put(inst, "D", 1))
                    ^~~
../src/main.c:126:5: note: expected 'u8 * {aka unsigned char *}' but argument is of type 'char *'
 int uart_put(XUartPs* inst, u8* data, u32 numBytes)
     ^~~~~~~~
../src/main.c:541:20: warning: pointer targets in passing argument 2 of 'uart_put' differ in signedness [-Wpointer-sign]
  if(uart_put(inst, data, 1000))
                    ^~~~
../src/main.c:126:5: note: expected 'u8 * {aka unsigned char *}' but argument is of type 'char *'
 int uart_put(XUartPs* inst, u8* data, u32 numBytes)
     ^~~~~~~~
'Finished building: ../src/main.c'
' '
'Building target: p7_request_GPS.elf'
'Invoking: ARM v7 gcc linker'
arm-none-eabi-gcc -mcpu=cortex-a9 -mfpu=vfpv3 -mfloat-abi=hard -Wl,-build-id=none -specs=Xilinx.spec -Wl,-T -Wl,../src/lscript.ld -L../../p3_UART0_bsp/ps7_cortexa9_0/lib -o "p7_request_GPS.elf"  ./src/main.o ./src/platform.o   -lm -Wl,--start-group,-lxil,-lgcc,-lc,--end-group
'Finished building target: p7_request_GPS.elf'
' '
'Invoking: ARM v7 Print Size'
arm-none-eabi-size p7_request_GPS.elf  |tee "p7_request_GPS.elf.size"
   text	   data	    bss	    dec	    hex	filename
  81684	   2620	  23344	 107648	  1a480	p7_request_GPS.elf
'Finished building: p7_request_GPS.elf.size'
' '

11:10:02 Build Finished (took 1s.258ms)

